Component: ARM Compiler 5.05 update 1 (build 106) Tool: armlink [4d0efa]

==============================================================================

Section Cross References

    main.o(i.AGV_guide_task) refers to crc.o(i.CRC16) for CRC16
    main.o(i.AGV_guide_task) refers to os_time.o(i.OSTimeDlyHMSM) for OSTimeDlyHMSM
    main.o(i.AGV_guide_task) refers to usart.o(.bss) for USART_RX_BUF
    main.o(i.AGV_guide_task) refers to main.o(.data) for .data
    main.o(i.AGV_guide_task) refers to usart.o(.data) for USART_RX_STA
    main.o(i.MUSIC_task) refers to os_time.o(i.OSTimeDlyHMSM) for OSTimeDlyHMSM
    main.o(i.RFID_task) refers to lcd.o(i.LCD_ShowString) for LCD_ShowString
    main.o(i.RFID_task) refers to lcd.o(i.LCD_ShowChar) for LCD_ShowChar
    main.o(i.RFID_task) refers to os_time.o(i.OSTimeDlyHMSM) for OSTimeDlyHMSM
    main.o(i.RFID_task) refers to usart.o(.bss) for USART_RX_BUF
    main.o(i.RFID_task) refers to usart.o(.data) for USART_RX_STA
    main.o(i.RFID_task) refers to touch.o(.data) for tp_dev
    main.o(i.RFID_task) refers to main.o(.data) for .data
    main.o(i.interface_task) refers to lcd.o(i.LCD_Clear) for LCD_Clear
    main.o(i.interface_task) refers to lcd.o(i.LCD_DrawRectangle) for LCD_DrawRectangle
    main.o(i.interface_task) refers to lcd.o(i.LCD_ShowString) for LCD_ShowString
    main.o(i.interface_task) refers to os_task.o(i.OSTaskSuspend) for OSTaskSuspend
    main.o(i.interface_task) refers to touch.o(.data) for tp_dev
    main.o(i.interface_task) refers to main.o(.bss) for .bss
    main.o(i.lidar_task) refers to os_time.o(i.OSTimeDlyHMSM) for OSTimeDlyHMSM
    main.o(i.lidar_task) refers to touch.o(.data) for tp_dev
    main.o(i.lidar_task) refers to main.o(.data) for .data
    main.o(i.main) refers to sys.o(i.Cache_Enable) for Cache_Enable
    main.o(i.main) refers to stm32f7xx_hal.o(i.HAL_Init) for HAL_Init
    main.o(i.main) refers to sys.o(i.Stm32_Clock_Init) for Stm32_Clock_Init
    main.o(i.main) refers to delay.o(i.delay_init) for delay_init
    main.o(i.main) refers to usart.o(i.uart_init) for uart_init
    main.o(i.main) refers to led.o(i.LED_Init) for LED_Init
    main.o(i.main) refers to key.o(i.KEY_Init) for KEY_Init
    main.o(i.main) refers to sdram.o(i.SDRAM_Init) for SDRAM_Init
    main.o(i.main) refers to lcd.o(i.LCD_Init) for LCD_Init
    main.o(i.main) refers to rs485.o(i.RS485_Init) for RS485_Init
    main.o(i.main) refers to ultrasonic.o(i.ultrasonic_init) for ultrasonic_init
    main.o(i.main) refers to motor_drive.o(i.motor_drive_Init) for motor_drive_Init
    main.o(i.main) refers to malloc.o(i.my_mem_init) for my_mem_init
    main.o(i.main) refers to exfuns.o(i.exfuns_init) for exfuns_init
    main.o(i.main) refers to ff.o(i.f_mount) for f_mount
    main.o(i.main) refers to timer.o(i.TIM5_CH1_Cap_Init) for TIM5_CH1_Cap_Init
    main.o(i.main) refers to timer.o(i.TIM3_PWM_Init) for TIM3_PWM_Init
    main.o(i.main) refers to timer.o(i.TIM_SetTIM3Compare4) for TIM_SetTIM3Compare4
    main.o(i.main) refers to timer.o(i.TIM_SetTIM3Compare3) for TIM_SetTIM3Compare3
    main.o(i.main) refers to lcd.o(i.LCD_Clear) for LCD_Clear
    main.o(i.main) refers to fontupd.o(i.font_init) for font_init
    main.o(i.main) refers to lcd.o(i.LCD_ShowString) for LCD_ShowString
    main.o(i.main) refers to os_time.o(i.OSTimeDlyHMSM) for OSTimeDlyHMSM
    main.o(i.main) refers to lcd.o(i.LCD_Fill) for LCD_Fill
    main.o(i.main) refers to os_core.o(i.OSInit) for OSInit
    main.o(i.main) refers to cpu_a.o(.text) for CPU_SR_Save
    main.o(i.main) refers to cpu_core.o(i.CPU_IntDisMeasStart) for CPU_IntDisMeasStart
    main.o(i.main) refers to os_task.o(i.OSTaskCreate) for OSTaskCreate
    main.o(i.main) refers to cpu_core.o(i.CPU_IntDisMeasStop) for CPU_IntDisMeasStop
    main.o(i.main) refers to os_core.o(i.OSStart) for OSStart
    main.o(i.main) refers to usmart_config.o(.data) for usmart_dev
    main.o(i.main) refers to touch.o(.data) for tp_dev
    main.o(i.main) refers to exfuns.o(.bss) for fs
    main.o(i.main) refers to lcd.o(.data) for POINT_COLOR
    main.o(i.main) refers to main.o(.bss) for .bss
    main.o(i.main) refers to main.o(i.start_task) for start_task
    main.o(i.motor_drive_task) refers to _printf_percent.o(.ARM.Collect$$_printf_percent$$00000000) for _printf_percent
    main.o(i.motor_drive_task) refers to _printf_d.o(.ARM.Collect$$_printf_percent$$00000009) for _printf_d
    main.o(i.motor_drive_task) refers to _printf_dec.o(.text) for _printf_int_dec
    main.o(i.motor_drive_task) refers to timer.o(i.TIM_SetTIM3Compare4) for TIM_SetTIM3Compare4
    main.o(i.motor_drive_task) refers to timer.o(i.TIM_SetTIM3Compare3) for TIM_SetTIM3Compare3
    main.o(i.motor_drive_task) refers to os_time.o(i.OSTimeDlyHMSM) for OSTimeDlyHMSM
    main.o(i.motor_drive_task) refers to __2printf.o(.text) for __2printf
    main.o(i.motor_drive_task) refers to stm32f7xx_hal_gpio.o(i.HAL_GPIO_WritePin) for HAL_GPIO_WritePin
[...]
    0x0800130c   0x00000004   Code   RO         6848    i.AT24CXX_Init      24cxx.o
    0x08001310   0x0000006a   Code   RO         6850    i.AT24CXX_ReadLenByte  24cxx.o
    0x0800137a   0x00000042   Code   RO         6851    i.AT24CXX_ReadOneByte  24cxx.o
    0x080013bc   0x00000064   Code   RO         6853    i.AT24CXX_WriteLenByte  24cxx.o
    0x08001420   0x0000003e   Code   RO         6854    i.AT24CXX_WriteOneByte  24cxx.o
    0x0800145e   0x00000002   Code   RO          548    i.BusFault_Handler  stm32f7xx_it.o
    0x08001460   0x00000084   Code   RO         7434    i.CPU_Init          cpu_core.o
    0x080014e4   0x0000002c   Code   RO         7436    i.CPU_IntDisMeasMaxCurReset  cpu_core.o
    0x08001510   0x00000020   Code   RO         7437    i.CPU_IntDisMeasMaxGet  cpu_core.o
    0x08001530   0x00000020   Code   RO         7438    i.CPU_IntDisMeasStart  cpu_core.o
    0x08001550   0x00000034   Code   RO         7439    i.CPU_IntDisMeasStop  cpu_core.o
    0x08001584   0x0000000c   Code   RO         7447    i.CPU_TS_TmrFreqSet  cpu_core.o
    0x08001590   0x00000030   Code   RO         7328    i.CPU_TS_TmrInit    bsp.o
    0x080015c0   0x0000000c   Code   RO         7329    i.CPU_TS_TmrRd      bsp.o
    0x080015cc   0x0000003c   Code   RO         7070    i.CRC16             crc.o
    0x08001608   0x0000005c   Code   RO         6475    i.CT_IIC_Init       ctiic.o
    0x08001664   0x00000100   Code   RO         6477    i.CT_IIC_Read_Byte  ctiic.o
    0x08001764   0x00000080   Code   RO         6478    i.CT_IIC_Send_Byte  ctiic.o
    0x080017e4   0x00000058   Code   RO         6479    i.CT_IIC_Start      ctiic.o
    0x0800183c   0x0000004c   Code   RO         6480    i.CT_IIC_Stop       ctiic.o
    0x08001888   0x000000ac   Code   RO         6481    i.CT_IIC_Wait_Ack   ctiic.o
    0x08001934   0x0000007c   Code   RO         4871    i.Cache_Enable      sys.o
    0x080019b0   0x00000020   Code   RO         3833    i.DCMI_DMAError     stm32f7xx_hal_dcmi.o
    0x080019d0   0x000000c0   Code   RO         5012    i.DCMI_DMA_Init     dcmi.o
    0x08001a90   0x0000000c   Code   RO         5013    i.DCMI_IRQHandler   dcmi.o
    0x08001a9c   0x00000048   Code   RO         5014    i.DCMI_Init         dcmi.o
    0x08001ae4   0x00000030   Code   RO         5016    i.DCMI_Start        dcmi.o
    0x08001b14   0x000000d0   Code   RO         5018    i.DMA2_Stream1_IRQHandler  dcmi.o
    0x08001be4   0x00000098   Code   RO         7120    i.DMA2_Stream3_IRQHandler  sai.o
    0x08001c7c   0x00000002   Code   RO          549    i.DebugMon_Handler  stm32f7xx_it.o
    0x08001c7e   0x0000001c   Code   RO         2974    i.FMC_NAND_AttributeSpace_Timing_Init  stm32f7xx_ll_fmc.o
    0x08001c9a   0x0000001c   Code   RO         2975    i.FMC_NAND_CommonSpace_Timing_Init  stm32f7xx_ll_fmc.o
    0x08001cb6   0x00000002   PAD
    0x08001cb8   0x00000040   Code   RO         2980    i.FMC_NAND_Init     stm32f7xx_ll_fmc.o
    0x08001cf8   0x00000048   Code   RO         2982    i.FMC_NORSRAM_Extended_Timing_Init  stm32f7xx_ll_fmc.o
    0x08001d40   0x0000007c   Code   RO         2983    i.FMC_NORSRAM_Init  stm32f7xx_ll_fmc.o
    0x08001dbc   0x00000064   Code   RO         2984    i.FMC_NORSRAM_Timing_Init  stm32f7xx_ll_fmc.o
    0x08001e20   0x0000005e   Code   RO         2989    i.FMC_SDRAM_Init    stm32f7xx_ll_fmc.o
    0x08001e7e   0x0000000c   Code   RO         2990    i.FMC_SDRAM_ProgramRefreshRate  stm32f7xx_ll_fmc.o
    0x08001e8a   0x00000052   Code   RO         2991    i.FMC_SDRAM_SendCommand  stm32f7xx_ll_fmc.o
    0x08001edc   0x00000092   Code   RO         2993    i.FMC_SDRAM_Timing_Init  stm32f7xx_ll_fmc.o
    0x08001f6e   0x00000002   PAD
    0x08001f70   0x00000100   Code   RO         6545    i.FT5206_Init       ft5206.o
    0x08002070   0x00000058   Code   RO         6546    i.FT5206_RD_Reg     ft5206.o
    0x080020c8   0x000001ac   Code   RO         6547    i.FT5206_Scan       ft5206.o
    0x08002274   0x0000004a   Code   RO         6548    i.FT5206_WR_Reg     ft5206.o
    0x080022be   0x00000002   PAD
    0x080022c0   0x000000ec   Code   RO         5567    i.FTL_BlockCompare  ftl.o
    0x080023ac   0x00000120   Code   RO         5569    i.FTL_CopyAndWriteToBlock  ftl.o
    0x080024cc   0x000000d8   Code   RO         5570    i.FTL_CreateLUT     ftl.o
    0x080025a4   0x00000050   Code   RO         5571    i.FTL_FindSamePlaneUnusedBlock  ftl.o
    0x080025f4   0x00000048   Code   RO         5572    i.FTL_FindUnusedBlock  ftl.o
    0x0800263c   0x00000184   Code   RO         5573    i.FTL_Format        ftl.o
    0x080027c0   0x000000e4   Code   RO         5574    i.FTL_Init          ftl.o
    0x080028a4   0x00000164   Code   RO         5576    i.FTL_ReadSectors   ftl.o
    0x08002a08   0x00000158   Code   RO         5579    i.FTL_WriteSectors  ftl.o
    0x08002b60   0x00000190   Code   RO         6590    i.GT9147_Init       gt9147.o
    0x08002cf0   0x00000062   Code   RO         6591    i.GT9147_RD_Reg     gt9147.o
    0x08002d52   0x00000002   PAD
    0x08002d54   0x000001ec   Code   RO         6592    i.GT9147_Scan       gt9147.o
    0x08002f40   0x00000054   Code   RO         6594    i.GT9147_WR_Reg     gt9147.o
    0x08002f94   0x00000184   Code   RO         6642    i.GT9271_Init       gt9271.o
    0x08003118   0x00000062   Code   RO         6643    i.GT9271_RD_Reg     gt9271.o
    0x0800317a   0x00000002   PAD
    0x0800317c   0x0000024c   Code   RO         6644    i.GT9271_Scan       gt9271.o
    0x080033c8   0x00000054   Code   RO         6646    i.GT9271_WR_Reg     gt9271.o
    0x0800341c   0x000000bc   Code   RO        10143    i.Get_HzMat         text.o
    0x080034d8   0x00000002   Code   RO         3839    i.HAL_DCMI_ErrorCallback  stm32f7xx_hal_dcmi.o
    0x080034da   0x00000002   PAD
    0x080034dc   0x00000040   Code   RO         5019    i.HAL_DCMI_FrameEventCallback  dcmi.o
    0x0800351c   0x000000b0   Code   RO         3843    i.HAL_DCMI_IRQHandler  stm32f7xx_hal_dcmi.o
    0x080035cc   0x000000bc   Code   RO         3844    i.HAL_DCMI_Init     stm32f7xx_hal_dcmi.o
    0x08003688   0x00000002   Code   RO         3845    i.HAL_DCMI_LineEventCallback  stm32f7xx_hal_dcmi.o
    0x0800368a   0x00000002   PAD
    0x0800368c   0x000000f0   Code   RO         5020    i.HAL_DCMI_MspInit  dcmi.o
    0x0800377c   0x00000002   Code   RO         3852    i.HAL_DCMI_VsyncEventCallback  stm32f7xx_hal_dcmi.o
    0x0800377e   0x0000007c   Code   RO         1159    i.HAL_DMAEx_MultiBufferStart  stm32f7xx_hal_dma_ex.o
    0x080037fa   0x00000024   Code   RO         1068    i.HAL_DMA_Abort_IT  stm32f7xx_hal_dma.o
    0x0800381e   0x00000002   PAD
    0x08003820   0x00000084   Code   RO         1069    i.HAL_DMA_DeInit    stm32f7xx_hal_dma.o
    0x080038a4   0x0000015c   Code   RO         1073    i.HAL_DMA_Init      stm32f7xx_hal_dma.o
    0x08003a00   0x0000007a   Code   RO         1076    i.HAL_DMA_Start     stm32f7xx_hal_dma.o
    0x08003a7a   0x00000016   Code   RO          785    i.HAL_Delay         stm32f7xx_hal.o
    0x08003a90   0x00000230   Code   RO         1197    i.HAL_GPIO_Init     stm32f7xx_hal_gpio.o
    0x08003cc0   0x0000000a   Code   RO         1199    i.HAL_GPIO_ReadPin  stm32f7xx_hal_gpio.o
    0x08003cca   0x00000008   Code   RO         1200    i.HAL_GPIO_TogglePin  stm32f7xx_hal_gpio.o
    0x08003cd2   0x0000000a   Code   RO         1201    i.HAL_GPIO_WritePin  stm32f7xx_hal_gpio.o
    0x08003cdc   0x0000000c   Code   RO          795    i.HAL_GetTick       stm32f7xx_hal.o
    0x08003ce8   0x00000010   Code   RO          796    i.HAL_IncTick       stm32f7xx_hal.o
    0x08003cf8   0x00000024   Code   RO          797    i.HAL_Init          stm32f7xx_hal.o
    0x08003d1c   0x00000028   Code   RO          798    i.HAL_InitTick      stm32f7xx_hal.o
    0x08003d44   0x00000058   Code   RO         4266    i.HAL_LTDC_ConfigLayer  stm32f7xx_hal_ltdc.o
    0x08003d9c   0x0000010c   Code   RO         4283    i.HAL_LTDC_Init     stm32f7xx_hal_ltdc.o
    0x08003ea8   0x000000f4   Code   RO         5415    i.HAL_LTDC_MspInit  ltdc.o
    0x08003f9c   0x00000058   Code   RO         4298    i.HAL_LTDC_SetWindowPosition  stm32f7xx_hal_ltdc.o
    0x08003ff4   0x00000054   Code   RO         4300    i.HAL_LTDC_SetWindowSize  stm32f7xx_hal_ltdc.o
    0x08004048   0x00000054   Code   RO          949    i.HAL_MPU_ConfigRegion  stm32f7xx_hal_cortex.o
    0x0800409c   0x00000002   Code   RO          800    i.HAL_MspInit       stm32f7xx_hal.o
    0x0800409e   0x00000052   Code   RO         3431    i.HAL_NAND_Init     stm32f7xx_hal_nand.o
    0x080040f0   0x000000b0   Code   RO         5667    i.HAL_NAND_MspInit  nand.o
    0x080041a0   0x00000018   Code   RO          952    i.HAL_NVIC_EnableIRQ  stm32f7xx_hal_cortex.o
    0x080041b8   0x00000064   Code   RO          958    i.HAL_NVIC_SetPriority  stm32f7xx_hal_cortex.o
    0x0800421c   0x00000024   Code   RO          959    i.HAL_NVIC_SetPriorityGrouping  stm32f7xx_hal_cortex.o
    0x08004240   0x0000007c   Code   RO         1390    i.HAL_PWREx_EnableOverDrive  stm32f7xx_hal_pwr_ex.o
    0x080042bc   0x00000092   Code   RO         3584    i.HAL_QSPI_Command  stm32f7xx_hal_qspi.o
    0x0800434e   0x00000002   PAD
    0x08004350   0x000000c0   Code   RO         3593    i.HAL_QSPI_Init     stm32f7xx_hal_qspi.o
    0x08004410   0x0000009c   Code   RO         6124    i.HAL_QSPI_MspInit  qspi.o
    0x080044ac   0x000000c6   Code   RO         3597    i.HAL_QSPI_Receive  stm32f7xx_hal_qspi.o
    0x08004572   0x000000bc   Code   RO         3606    i.HAL_QSPI_Transmit  stm32f7xx_hal_qspi.o
    0x0800462e   0x00000002   PAD
    0x08004630   0x00000758   Code   RO         1579    i.HAL_RCCEx_PeriphCLKConfig  stm32f7xx_hal_rcc_ex.o
    0x08004d88   0x00000184   Code   RO         1477    i.HAL_RCC_ClockConfig  stm32f7xx_hal_rcc.o
    0x08004f0c   0x0000000c   Code   RO         1482    i.HAL_RCC_GetHCLKFreq  stm32f7xx_hal_rcc.o
    0x08004f18   0x00000030   Code   RO         1484    i.HAL_RCC_GetPCLK1Freq  stm32f7xx_hal_rcc.o
    0x08004f48   0x00000030   Code   RO         1485    i.HAL_RCC_GetPCLK2Freq  stm32f7xx_hal_rcc.o
    0x08004f78   0x00000098   Code   RO         1486    i.HAL_RCC_GetSysClockFreq  stm32f7xx_hal_rcc.o
    0x08005010   0x000003c4   Code   RO         1580    i.HAL_RCC_OscConfig  stm32f7xx_hal_rcc_ex.o
    0x080053d4   0x00000042   Code   RO         3993    i.HAL_SDRAM_Init    stm32f7xx_hal_sdram.o
    0x08005416   0x00000002   PAD
    0x08005418   0x000000e0   Code   RO         6236    i.HAL_SDRAM_MspInit  sdram.o
    0x080054f8   0x00000024   Code   RO         3996    i.HAL_SDRAM_ProgramRefreshRate  stm32f7xx_hal_sdram.o
    0x0800551c   0x0000002e   Code   RO         4002    i.HAL_SDRAM_SendCommand  stm32f7xx_hal_sdram.o
    0x0800554a   0x000002c2   Code   RO         3230    i.HAL_SD_Get_CardInfo  stm32f7xx_hal_sd.o
    0x0800580c   0x00000412   Code   RO         3233    i.HAL_SD_Init       stm32f7xx_hal_sd.o
    0x08005c1e   0x00000002   PAD
    0x08005c20   0x0000008c   Code   RO         6178    i.HAL_SD_MspInit    sdmmc_sdcard.o
    0x08005cac   0x000001b4   Code   RO         3236    i.HAL_SD_ReadBlocks  stm32f7xx_hal_sd.o
    0x08005e60   0x0000002c   Code   RO         3239    i.HAL_SD_StopTransfer  stm32f7xx_hal_sd.o
    0x08005e8c   0x0000013a   Code   RO         3240    i.HAL_SD_WideBusOperation_Config  stm32f7xx_hal_sd.o
    0x08005fc6   0x0000020e   Code   RO         3241    i.HAL_SD_WriteBlocks  stm32f7xx_hal_sd.o
    0x080061d4   0x00000056   Code   RO         4147    i.HAL_SRAM_Init     stm32f7xx_hal_sram.o
    0x0800622a   0x00000002   PAD
    0x0800622c   0x0000007c   Code   RO         5195    i.HAL_SRAM_MspInit  lcd.o
    0x080062a8   0x00000016   Code   RO          961    i.HAL_SYSTICK_CLKSourceConfig  stm32f7xx_hal_cortex.o
    0x080062be   0x00000002   PAD
    0x080062c0   0x0000002c   Code   RO          963    i.HAL_SYSTICK_Config  stm32f7xx_hal_cortex.o
    0x080062ec   0x00000002   Code   RO         2705    i.HAL_TIMEx_BreakCallback  stm32f7xx_hal_tim_ex.o
    0x080062ee   0x00000002   Code   RO         2706    i.HAL_TIMEx_CommutationCallback  stm32f7xx_hal_tim_ex.o
    0x080062f0   0x00000032   Code   RO         2103    i.HAL_TIM_Base_Init  stm32f7xx_hal_tim.o
    0x08006322   0x00000002   Code   RO         2105    i.HAL_TIM_Base_MspInit  stm32f7xx_hal_tim.o
    0x08006324   0x00000018   Code   RO         2108    i.HAL_TIM_Base_Start_IT  stm32f7xx_hal_tim.o
    0x0800633c   0x00000088   Code   RO         6936    i.HAL_TIM_IC_CaptureCallback  timer.o
    0x080063c4   0x00000158   Code   RO         2133    i.HAL_TIM_IC_ConfigChannel  stm32f7xx_hal_tim.o
    0x0800651c   0x00000036   Code   RO         2136    i.HAL_TIM_IC_Init   stm32f7xx_hal_tim.o
    0x08006552   0x00000002   PAD
    0x08006554   0x00000064   Code   RO         6937    i.HAL_TIM_IC_MspInit  timer.o
    0x080065b8   0x0000004e   Code   RO         2141    i.HAL_TIM_IC_Start_IT  stm32f7xx_hal_tim.o
    0x08006606   0x00000186   Code   RO         2145    i.HAL_TIM_IRQHandler  stm32f7xx_hal_tim.o
    0x0800678c   0x00000002   Code   RO         2148    i.HAL_TIM_OC_DelayElapsedCallback  stm32f7xx_hal_tim.o
    0x0800678e   0x00000002   PAD
    0x08006790   0x000001cc   Code   RO         2744    i.HAL_TIM_PWM_ConfigChannel  stm32f7xx_hal_tim_ex.o
    0x0800695c   0x00000036   Code   RO         2172    i.HAL_TIM_PWM_Init  stm32f7xx_hal_tim.o
    0x08006992   0x00000002   PAD
    0x08006994   0x00000054   Code   RO         6938    i.HAL_TIM_PWM_MspInit  timer.o
    0x080069e8   0x00000002   Code   RO         2175    i.HAL_TIM_PWM_PulseFinishedCallback  stm32f7xx_hal_tim.o
    0x080069ea   0x00000038   Code   RO         2176    i.HAL_TIM_PWM_Start  stm32f7xx_hal_tim.o
    0x08006a22   0x00000002   PAD
    0x08006a24   0x00000030   Code   RO         6939    i.HAL_TIM_PeriodElapsedCallback  timer.o
    0x08006a54   0x00000044   Code   RO         2183    i.HAL_TIM_ReadCapturedValue  stm32f7xx_hal_tim.o
    0x08006a98   0x00000002   Code   RO         2186    i.HAL_TIM_TriggerCallback  stm32f7xx_hal_tim.o
    0x08006a9a   0x00000002   Code   RO         1634    i.HAL_UART_ErrorCallback  stm32f7xx_hal_uart.o
    0x08006a9c   0x0000000c   Code   RO         1636    i.HAL_UART_GetState  stm32f7xx_hal_uart.o
    0x08006aa8   0x000001c4   Code   RO         1637    i.HAL_UART_IRQHandler  stm32f7xx_hal_uart.o
    0x08006c6c   0x0000006e   Code   RO         1638    i.HAL_UART_Init     stm32f7xx_hal_uart.o
    0x08006cda   0x00000002   PAD
    0x08006cdc   0x00000084   Code   RO         4920    i.HAL_UART_MspInit  usart.o
    0x08006d60   0x000000f0   Code   RO         1641    i.HAL_UART_Receive  stm32f7xx_hal_uart.o
    0x08006e50   0x000000a0   Code   RO         1643    i.HAL_UART_Receive_IT  stm32f7xx_hal_uart.o
    0x08006ef0   0x00000058   Code   RO         4921    i.HAL_UART_RxCpltCallback  usart.o
    0x08006f48   0x00000002   Code   RO         1649    i.HAL_UART_TxCpltCallback  stm32f7xx_hal_uart.o
    0x08006f4a   0x00000002   Code   RO          550    i.HardFault_Handler  stm32f7xx_it.o
    0x08006f4c   0x00000050   Code   RO         5101    i.IIC_Init          myiic.o
    0x08006f9c   0x000000e8   Code   RO         5103    i.IIC_Read_Byte     myiic.o
    0x08007084   0x00000078   Code   RO         5104    i.IIC_Send_Byte     myiic.o
    0x080070fc   0x00000050   Code   RO         5105    i.IIC_Start         myiic.o
    0x0800714c   0x00000050   Code   RO         5106    i.IIC_Stop          myiic.o
    0x0800719c   0x000000ac   Code   RO         5107    i.IIC_Wait_Ack      myiic.o
    0x08007248   0x00000080   Code   RO         5164    i.KEY_Init          key.o
    0x080072c8   0x000000e8   Code   RO         5165    i.KEY_Scan          key.o
    0x080073b0   0x00000058   Code   RO         5197    i.LCD_Clear         lcd.o
    0x08007408   0x00000090   Code   RO         5198    i.LCD_Color_Fill    lcd.o
    0x08007498   0x00000104   Code   RO         5201    i.LCD_Display_Dir   lcd.o
    0x0800759c   0x000000d0   Code   RO         5202    i.LCD_DrawLine      lcd.o
    0x0800766c   0x00000038   Code   RO         5203    i.LCD_DrawPoint     lcd.o
    0x080076a4   0x0000003a   Code   RO         5204    i.LCD_DrawRectangle  lcd.o
    0x080076de   0x00000002   PAD
    0x080076e0   0x000001e0   Code   RO         5205    i.LCD_Draw_Circle   lcd.o
    0x080078c0   0x00000260   Code   RO         5206    i.LCD_Fast_DrawPoint  lcd.o
    0x08007b20   0x00000078   Code   RO         5207    i.LCD_Fill          lcd.o
    0x08007b98   0x00004a38   Code   RO         5208    i.LCD_Init          lcd.o
    0x0800c5d0   0x0000006c   Code   RO         5209    i.LCD_MPU_Config    lcd.o
    0x0800c63c   0x000000d4   Code   RO         5212    i.LCD_ReadPoint     lcd.o
    0x0800c710   0x000000c0   Code   RO         5214    i.LCD_SSD_BackLightSet  lcd.o
    0x0800c7d0   0x0000031c   Code   RO         5215    i.LCD_Scan_Dir      lcd.o
    0x0800caec   0x000002bc   Code   RO         5216    i.LCD_SetCursor     lcd.o
    0x0800cda8   0x0000011c   Code   RO         5218    i.LCD_ShowChar      lcd.o
    0x0800cec4   0x000000a4   Code   RO         5219    i.LCD_ShowNum       lcd.o
    0x0800cf68   0x00000062   Code   RO         5220    i.LCD_ShowString    lcd.o
    0x0800cfca   0x00000002   PAD
    0x0800cfcc   0x000000b8   Code   RO         5221    i.LCD_ShowxNum      lcd.o
    0x0800d084   0x00000014   Code   RO         5225    i.LCD_WriteRAM_Prepare  lcd.o
    0x0800d098   0x0000004c   Code   RO         4987    i.LED_Init          led.o
    0x0800d0e4   0x00000020   Code   RO         5416    i.LTDC_Clear        ltdc.o
    0x0800d104   0x000000bc   Code   RO         5418    i.LTDC_Color_Fill   ltdc.o
    0x0800d1c0   0x00000028   Code   RO         5419    i.LTDC_Display_Dir  ltdc.o
    0x0800d1e8   0x00000044   Code   RO         5420    i.LTDC_Draw_Point   ltdc.o
    0x0800d22c   0x000000b8   Code   RO         5421    i.LTDC_Fill         ltdc.o
    0x0800d2e4   0x000001ec   Code   RO         5422    i.LTDC_Init         ltdc.o
    0x0800d4d0   0x00000060   Code   RO         5423    i.LTDC_Layer_Parameter_Config  ltdc.o
    0x0800d530   0x00000034   Code   RO         5424    i.LTDC_Layer_Switch  ltdc.o
    0x0800d564   0x00000024   Code   RO         5425    i.LTDC_Layer_Window_Config  ltdc.o
    0x0800d588   0x000000bc   Code   RO         5426    i.LTDC_PanelID_Read  ltdc.o
    0x0800d644   0x00000040   Code   RO         5427    i.LTDC_Read_Point   ltdc.o
    0x0800d684   0x0000000c   Code   RO         5428    i.LTDC_Select_Layer  ltdc.o
    0x0800d690   0x000001c4   Code   RO         4302    i.LTDC_SetConfig    stm32f7xx_hal_ltdc.o
    0x0800d854   0x00000024   Code   RO         5429    i.LTDC_Switch       ltdc.o
    0x0800d878   0x00000018   Code   RO            5    i.MUSIC_task        main.o
    0x0800d890   0x00000078   Code   RO         5528    i.MemManage_Handler  mpu.o
    0x0800d908   0x00000046   Code   RO         7865    i.Mem_Clr           lib_mem.o
    0x0800d94e   0x00000002   PAD
    0x0800d950   0x000001f0   Code   RO         5668    i.NAND_CopyPageWithWrite  nand.o
    0x0800db40   0x00000080   Code   RO         5669    i.NAND_CopyPageWithoutWrite  nand.o
    0x0800dbc0   0x0000009c   Code   RO         5671    i.NAND_ECC_Correction  nand.o
    0x0800dc5c   0x00000038   Code   RO         5672    i.NAND_ECC_Get_OE   nand.o
    0x0800dc94   0x00000054   Code   RO         5673    i.NAND_EraseBlock   nand.o
    0x0800dce8   0x00000128   Code   RO         5675    i.NAND_Init         nand.o
    0x0800de10   0x0000006c   Code   RO         5676    i.NAND_MPU_Config   nand.o
    0x0800de7c   0x000002d8   Code   RO         5679    i.NAND_ReadPage     nand.o
    0x0800e154   0x00000070   Code   RO         5680    i.NAND_ReadPageComp  nand.o
    0x0800e1c4   0x00000028   Code   RO         5681    i.NAND_ReadSpare    nand.o
    0x0800e1ec   0x00000084   Code   RO         5684    i.NAND_WaitForReady  nand.o
    0x0800e270   0x0000004c   Code   RO         5685    i.NAND_WaitRB       nand.o
    0x0800e2bc   0x00000184   Code   RO         5686    i.NAND_WritePage    nand.o
    0x0800e440   0x00000058   Code   RO         5687    i.NAND_WritePageConst  nand.o
    0x0800e498   0x0000002c   Code   RO         5688    i.NAND_WriteSpare   nand.o
    0x0800e4c4   0x00000002   Code   RO          551    i.NMI_Handler       stm32f7xx_it.o
    0x0800e4c6   0x00000002   Code   RO         8029    i.OSCfg_Init        os_cfg_app.o
    0x0800e4c8   0x00000010   Code   RO         9136    i.OSIdleTaskHook    os_cpu_c.o
    0x0800e4d8   0x000001d8   Code   RO         8093    i.OSInit            os_core.o
    0x0800e6b0   0x00000024   Code   RO         9137    i.OSInitHook        os_cpu_c.o
    0x0800e6d4   0x00000020   Code   RO         8094    i.OSIntEnter        os_core.o
    0x0800e6f4   0x00000090   Code   RO         8095    i.OSIntExit         os_core.o
    0x0800e784   0x0000006c   Code   RO         8448    i.OSMutexCreate     os_mutex.o
    0x0800e7f0   0x00000184   Code   RO         8449    i.OSMutexPend       os_mutex.o
    0x0800e974   0x00000168   Code   RO         8450    i.OSMutexPost       os_mutex.o
    0x0800eadc   0x00000084   Code   RO         8096    i.OSSched           os_core.o
    0x0800eb60   0x0000004c   Code   RO         8097    i.OSSchedLock       os_core.o
    0x0800ebac   0x00000064   Code   RO         8098    i.OSSchedUnlock     os_core.o
    0x0800ec10   0x0000005c   Code   RO         8099    i.OSStart           os_core.o
    0x0800ec6c   0x000000f0   Code   RO         8721    i.OSStatReset       os_stat.o
    0x0800ed5c   0x000000bc   Code   RO         8722    i.OSStatTaskCPUUsageInit  os_stat.o
    0x0800ee18   0x00000010   Code   RO         9138    i.OSStatTaskHook    os_cpu_c.o
    0x0800ee28   0x0000012c   Code   RO         8752    i.OSTaskCreate      os_task.o
    0x0800ef54   0x00000010   Code   RO         9139    i.OSTaskCreateHook  os_cpu_c.o
    0x0800ef64   0x0000016c   Code   RO         8753    i.OSTaskDel         os_task.o
    0x0800f0d0   0x00000010   Code   RO         9140    i.OSTaskDelHook     os_cpu_c.o
    0x0800f0e0   0x00000026   Code   RO         8761    i.OSTaskResume      os_task.o
    0x0800f106   0x00000002   PAD
    0x0800f108   0x00000010   Code   RO         9141    i.OSTaskReturnHook  os_cpu_c.o
    0x0800f118   0x00000138   Code   RO         8762    i.OSTaskSemPend     os_task.o
    0x0800f250   0x0000001c   Code   RO         8764    i.OSTaskSemPost     os_task.o
    0x0800f26c   0x0000009c   Code   RO         8766    i.OSTaskStkChk      os_task.o
    0x0800f308   0x000001d0   Code   RO         9142    i.OSTaskStkInit     os_cpu_c.o
    0x0800f4d8   0x00000018   Code   RO         8767    i.OSTaskSuspend     os_task.o
    0x0800f4f0   0x00000078   Code   RO         9143    i.OSTaskSwHook      os_cpu_c.o
    0x0800f568   0x00000090   Code   RO         8953    i.OSTimeDly         os_time.o
    0x0800f5f8   0x000000d4   Code   RO         8954    i.OSTimeDlyHMSM     os_time.o
    0x0800f6cc   0x00000040   Code   RO         8957    i.OSTimeTick        os_time.o
    0x0800f70c   0x00000010   Code   RO         9144    i.OSTimeTickHook    os_cpu_c.o
    0x0800f71c   0x00000002   Code   RO         8283    i.OS_Dbg_Init       os_dbg.o
    0x0800f71e   0x00000002   PAD
    0x0800f720   0x00000018   Code   RO         8308    i.OS_FlagInit       os_flag.o
    0x0800f738   0x00000034   Code   RO         8101    i.OS_IdleTask       os_core.o
    0x0800f76c   0x0000006c   Code   RO         8102    i.OS_IdleTaskInit   os_core.o
    0x0800f7d8   0x00000018   Code   RO         8380    i.OS_MemInit        os_mem.o
    0x0800f7f0   0x0000005c   Code   RO         8412    i.OS_MsgPoolInit    os_msg.o
    0x0800f84c   0x0000003c   Code   RO         8413    i.OS_MsgQFreeAll    os_msg.o
    0x0800f888   0x0000000e   Code   RO         8415    i.OS_MsgQInit       os_msg.o
    0x0800f896   0x00000002   PAD
    0x0800f898   0x00000024   Code   RO         8452    i.OS_MutexDbgListAdd  os_mutex.o
    0x0800f8bc   0x00000070   Code   RO         8455    i.OS_MutexGrpPostAll  os_mutex.o
    0x0800f92c   0x00000026   Code   RO         8456    i.OS_MutexGrpPrioFindHighest  os_mutex.o
    0x0800f952   0x00000002   PAD
    0x0800f954   0x00000018   Code   RO         8458    i.OS_MutexInit      os_mutex.o
    0x0800f96c   0x000000c4   Code   RO         8103    i.OS_Pend           os_core.o
    0x0800fa30   0x0000004c   Code   RO         8107    i.OS_PendDbgNameAdd  os_core.o
    0x0800fa7c   0x000000ba   Code   RO         8109    i.OS_PendListChangePrio  os_core.o
    0x0800fb36   0x0000000a   Code   RO         8110    i.OS_PendListInit   os_core.o
    0x0800fb40   0x00000064   Code   RO         8112    i.OS_PendListInsertPrio  os_core.o
    0x0800fba4   0x00000072   Code   RO         8113    i.OS_PendListRemove  os_core.o
    0x0800fc16   0x00000002   PAD
    0x0800fc18   0x00000120   Code   RO         8117    i.OS_Post           os_core.o
    0x0800fd38   0x00000028   Code   RO         8545    i.OS_PrioGetHighest  os_prio.o
    0x0800fd60   0x00000018   Code   RO         8546    i.OS_PrioInit       os_prio.o
    0x0800fd78   0x00000024   Code   RO         8547    i.OS_PrioInsert     os_prio.o
    0x0800fd9c   0x00000024   Code   RO         8548    i.OS_PrioRemove     os_prio.o
    0x0800fdc0   0x00000018   Code   RO         8591    i.OS_QInit          os_q.o
    0x0800fdd8   0x00000070   Code   RO         8120    i.OS_RdyListInsert  os_core.o
    0x0800fe48   0x00000038   Code   RO         8121    i.OS_RdyListInsertHead  os_core.o
    0x0800fe80   0x00000034   Code   RO         8122    i.OS_RdyListInsertTail  os_core.o
    0x0800feb4   0x00000054   Code   RO         8124    i.OS_RdyListRemove  os_core.o
    0x0800ff08   0x00000018   Code   RO         8660    i.OS_SemInit        os_sem.o
    0x0800ff20   0x0000026c   Code   RO         8723    i.OS_StatTask       os_stat.o
    0x0801018c   0x000000c8   Code   RO         8724    i.OS_StatTaskInit   os_stat.o
    0x08010254   0x000000bc   Code   RO         8768    i.OS_TaskChangePrio  os_task.o
    0x08010310   0x00000020   Code   RO         8771    i.OS_TaskInit       os_task.o
    0x08010330   0x000000c4   Code   RO         8772    i.OS_TaskInitTCB    os_task.o
    0x080103f4   0x000000c0   Code   RO         8774    i.OS_TaskResume     os_task.o
    0x080104b4   0x00000018   Code   RO         8775    i.OS_TaskReturn     os_task.o
    0x080104cc   0x000000b8   Code   RO         8776    i.OS_TaskSemPost    os_task.o
    0x08010584   0x000000e4   Code   RO         8777    i.OS_TaskSuspend    os_task.o
    0x08010668   0x0000008c   Code   RO         8917    i.OS_TickListInsert  os_tick.o
    0x080106f4   0x00000084   Code   RO         8918    i.OS_TickListInsertDly  os_tick.o
    0x08010778   0x00000078   Code   RO         8919    i.OS_TickListRemove  os_tick.o
    0x080107f0   0x000001a4   Code   RO         8920    i.OS_TickTask       os_tick.o
    0x08010994   0x000000c4   Code   RO         8921    i.OS_TickTaskInit   os_tick.o
    0x08010a58   0x0000012c   Code   RO         8998    i.OS_TmrInit        os_tmr.o
    0x08010b84   0x000000d8   Code   RO         8999    i.OS_TmrTask        os_tmr.o
    0x08010c5c   0x000000f8   Code   RO         6692    i.OTT2001A_Init     ott2001a.o
    0x08010d54   0x00000062   Code   RO         6693    i.OTT2001A_RD_Reg   ott2001a.o
    0x08010db6   0x00000002   PAD
    0x08010db8   0x000001ec   Code   RO         6694    i.OTT2001A_Scan     ott2001a.o
    0x08010fa4   0x00000058   Code   RO         5877    i.OV5640_Brightness  ov5640.o
    0x08010ffc   0x0000007c   Code   RO         5878    i.OV5640_Color_Saturation  ov5640.o
    0x08011078   0x0000006c   Code   RO         5879    i.OV5640_Contrast   ov5640.o
    0x080110e4   0x000000c2   Code   RO         5881    i.OV5640_Focus_Constant  ov5640.o
    0x080111a6   0x00000002   PAD
    0x080111a8   0x000000e0   Code   RO         5882    i.OV5640_Focus_Init  ov5640.o
    0x08011288   0x000000ec   Code   RO         5885    i.OV5640_Init       ov5640.o
    0x08011374   0x00000048   Code   RO         5887    i.OV5640_Light_Mode  ov5640.o
    0x080113bc   0x00000080   Code   RO         5888    i.OV5640_OutSize_Set  ov5640.o
    0x0801143c   0x0000003a   Code   RO         5890    i.OV5640_RD_Reg     ov5640.o
    0x08011476   0x00000002   PAD
    0x08011478   0x0000003c   Code   RO         5891    i.OV5640_RGB565_Mode  ov5640.o
    0x080114b4   0x0000007e   Code   RO         5892    i.OV5640_Sharpness  ov5640.o
    0x08011532   0x00000044   Code   RO         5895    i.OV5640_WR_Reg     ov5640.o
    0x08011576   0x00000002   PAD
    0x08011578   0x0000007c   Code   RO         6077    i.PCF8574_Init      pcf8574.o
    0x080115f4   0x00000054   Code   RO         6080    i.PCF8574_WriteBit  pcf8574.o
    0x08011648   0x00000244   Code   RO         3611    i.QSPI_Config       stm32f7xx_hal_qspi.o
    0x0801188c   0x00000044   Code   RO         6125    i.QSPI_Init         qspi.o
    0x080118d0   0x00000024   Code   RO         6126    i.QSPI_Receive      qspi.o
    0x080118f4   0x0000003c   Code   RO         6127    i.QSPI_Send_CMD     qspi.o
    0x08011930   0x00000024   Code   RO         6128    i.QSPI_Transmit     qspi.o
    0x08011954   0x0000005a   Code   RO         3618    i.QSPI_WaitFlagStateUntilTimeout  stm32f7xx_hal_qspi.o
    0x080119ae   0x00000002   PAD
    0x080119b0   0x000000b0   Code   RO            6    i.RFID_task         main.o
    0x08011a60   0x000000a4   Code   RO         7015    i.RS485_Init        rs485.o
    0x08011b04   0x0000003c   Code   RO         6018    i.SCCB_Init         sccb.o
    0x08011b40   0x0000004c   Code   RO         6019    i.SCCB_No_Ack       sccb.o
    0x08011b8c   0x00000068   Code   RO         6020    i.SCCB_RD_Byte      sccb.o
    0x08011bf4   0x00000040   Code   RO         6021    i.SCCB_Start        sccb.o
    0x08011c34   0x0000003c   Code   RO         6022    i.SCCB_Stop         sccb.o
    0x08011c70   0x000000a4   Code   RO         6023    i.SCCB_WR_Byte      sccb.o
    0x08011d14   0x00000024   Code   RO         3124    i.SDMMC_DataConfig  stm32f7xx_ll_sdmmc.o
    0x08011d38   0x00000006   Code   RO         3125    i.SDMMC_GetCommandResponse  stm32f7xx_ll_sdmmc.o
    0x08011d3e   0x00000008   Code   RO         3128    i.SDMMC_GetPowerState  stm32f7xx_ll_sdmmc.o
    0x08011d46   0x0000000e   Code   RO         3129    i.SDMMC_GetResponse  stm32f7xx_ll_sdmmc.o
    0x08011d54   0x0000002c   Code   RO         3130    i.SDMMC_Init        stm32f7xx_ll_sdmmc.o
    0x08011d80   0x00000008   Code   RO         3132    i.SDMMC_PowerState_ON  stm32f7xx_ll_sdmmc.o
    0x08011d88   0x00000006   Code   RO         3133    i.SDMMC_ReadFIFO    stm32f7xx_ll_sdmmc.o
    0x08011d8e   0x00000020   Code   RO         3134    i.SDMMC_SendCommand  stm32f7xx_ll_sdmmc.o
    0x08011dae   0x0000000a   Code   RO         3136    i.SDMMC_WriteFIFO   stm32f7xx_ll_sdmmc.o
    0x08011db8   0x000000a0   Code   RO         6237    i.SDRAM_Init        sdram.o
    0x08011e58   0x00000040   Code   RO         6239    i.SDRAM_Send_Cmd    sdram.o
    0x08011e98   0x00000118   Code   RO         3245    i.SD_CmdResp1Error  stm32f7xx_hal_sd.o
    0x08011fb0   0x0000012c   Code   RO         3250    i.SD_FindSCR        stm32f7xx_hal_sd.o
    0x080120dc   0x00000040   Code   RO         6180    i.SD_Init           sdmmc_sdcard.o
    0x0801211c   0x00000194   Code   RO         3251    i.SD_IsCardProgramming  stm32f7xx_hal_sd.o
    0x080122b0   0x0000008c   Code   RO         6181    i.SD_ReadDisk       sdmmc_sdcard.o
    0x0801233c   0x0000008c   Code   RO         6182    i.SD_WriteDisk      sdmmc_sdcard.o
    0x080123c8   0x00000002   Code   RO          552    i.SVC_Handler       stm32f7xx_it.o
    0x080123ca   0x00000002   PAD
    0x080123cc   0x00000188   Code   RO        10145    i.Show_Str          text.o
    0x08012554   0x000000a0   Code   RO         4874    i.Stm32_Clock_Init  sys.o
    0x080125f4   0x00000024   Code   RO         4811    i.SysTick_Handler   delay.o
    0x08012618   0x00000058   Code   RO          613    i.SystemInit        system_stm32f7xx.o
    0x08012670   0x00000068   Code   RO         6940    i.TIM3_PWM_Init     timer.o
    0x080126d8   0x00000034   Code   RO        10184    i.TIM4_IRQHandler   usmart.o
    0x0801270c   0x0000004c   Code   RO         6941    i.TIM5_CH1_Cap_Init  timer.o
    0x08012758   0x0000000c   Code   RO         6942    i.TIM5_IRQHandler   timer.o
    0x08012764   0x000000c4   Code   RO         2187    i.TIM_Base_SetConfig  stm32f7xx_hal_tim.o
    0x08012828   0x0000001a   Code   RO         2188    i.TIM_CCxChannelCmd  stm32f7xx_hal_tim.o
    0x08012842   0x00000068   Code   RO         2195    i.TIM_OC1_SetConfig  stm32f7xx_hal_tim.o
    0x080128aa   0x00000070   Code   RO         2196    i.TIM_OC2_SetConfig  stm32f7xx_hal_tim.o
    0x0801291a   0x00000070   Code   RO         2197    i.TIM_OC3_SetConfig  stm32f7xx_hal_tim.o
    0x0801298a   0x0000005c   Code   RO         2198    i.TIM_OC4_SetConfig  stm32f7xx_hal_tim.o
    0x080129e6   0x00000002   PAD
    0x080129e8   0x0000000c   Code   RO         6943    i.TIM_SetTIM3Compare3  timer.o
    0x080129f4   0x0000000c   Code   RO         6944    i.TIM_SetTIM3Compare4  timer.o
    0x08012a00   0x0000008c   Code   RO         2199    i.TIM_TI1_SetConfig  stm32f7xx_hal_tim.o
    0x08012a8c   0x00000170   Code   RO         6742    i.TP_Adj_Info_Show  touch.o
    0x08012bfc   0x00000004   PAD
    0x08012c00   0x000006e4   Code   RO         6743    i.TP_Adjust         touch.o
    0x080132e4   0x00000070   Code   RO         6745    i.TP_Drow_Touch_Point  touch.o
    0x08013354   0x00000094   Code   RO         6746    i.TP_Get_Adjdata    touch.o
    0x080133e8   0x00000160   Code   RO         6747    i.TP_Init           touch.o
    0x08013548   0x00000100   Code   RO         6748    i.TP_Read_AD        touch.o
    0x08013648   0x00000070   Code   RO         6749    i.TP_Read_XOY       touch.o
    0x080136b8   0x00000094   Code   RO         6751    i.TP_Read_XY2       touch.o
    0x0801374c   0x00000078   Code   RO         6752    i.TP_Save_Adjdata   touch.o
    0x080137c4   0x000000c0   Code   RO         6753    i.TP_Scan           touch.o
    0x08013884   0x000000da   Code   RO         1651    i.UART_AdvFeatureConfig  stm32f7xx_hal_uart.o
    0x0801395e   0x00000060   Code   RO         1652    i.UART_CheckIdleState  stm32f7xx_hal_uart.o
    0x080139be   0x00000014   Code   RO         1653    i.UART_DMAAbortOnError  stm32f7xx_hal_uart.o
    0x080139d2   0x0000007c   Code   RO         1659    i.UART_Receive_IT   stm32f7xx_hal_uart.o
    0x08013a4e   0x00000002   PAD
    0x08013a50   0x0000028c   Code   RO         1660    i.UART_SetConfig    stm32f7xx_hal_uart.o
    0x08013cdc   0x00000074   Code   RO         1661    i.UART_WaitOnFlagUntilTimeout  stm32f7xx_hal_uart.o
    0x08013d50   0x0000006c   Code   RO         4922    i.USART1_IRQHandler  usart.o
    0x08013dbc   0x00000044   Code   RO         7019    i.USART2_IRQHandler  rs485.o
    0x08013e00   0x00000002   Code   RO          553    i.UsageFault_Handler  stm32f7xx_it.o
    0x08013e02   0x00000002   PAD
    0x08013e04   0x000000cc   Code   RO         6295    i.W25QXX_Init       w25qxx.o
    0x08013ed0   0x00000032   Code   RO         6298    i.W25QXX_Read       w25qxx.o
    0x08013f02   0x00000002   PAD
    0x08013f04   0x00000068   Code   RO         6300    i.W25QXX_ReadSR     w25qxx.o
    0x08013f6c   0x0000019c   Code   RO         6302    i.W25QXX_Write      w25qxx.o
    0x08014108   0x00000040   Code   RO         6304    i.W25QXX_Write_Enable  w25qxx.o
    0x08014148   0x0000005c   Code   RO         6307    i.W25QXX_Write_SR   w25qxx.o
    0x080141a4   0x00000066   Code   RO        12938    i.__hardfp_sqrt     m_wv.l(sqrt.o)
    0x0801420a   0x0000000e   Code   RO        12868    i._is_digit         c_w.l(__printf_wp.o)
    0x08014218   0x00000002   Code   RO         4923    i._sys_exit         usart.o
    0x0801421a   0x00000002   PAD
    0x0801421c   0x0000017c   Code   RO        11315    i._zbar_decode_code128  ATK_QR_V1.4.lib(code128.o)
    0x08014398   0x00000166   Code   RO        12274    i._zbar_decode_code39  ATK_QR_V1.4.lib(code39.o)
    0x080144fe   0x0000009c   Code   RO        12331    i._zbar_decode_ean  ATK_QR_V1.4.lib(ean.o)
    0x0801459a   0x00000102   Code   RO        12423    i._zbar_decode_i25  ATK_QR_V1.4.lib(i25.o)
    0x0801469c   0x00000004   Code   RO        11419    i._zbar_decoder_get_qr_finder_line  ATK_QR_V1.4.lib(qr_finder.o)
    0x080146a0   0x000000de   Code   RO        11420    i._zbar_find_qr     ATK_QR_V1.4.lib(qr_finder.o)
    0x0801477e   0x0000001e   Code   RO        10969    i._zbar_image_free  ATK_QR_V1.4.lib(image.o)
    0x0801479c   0x0000002a   Code   RO        10970    i._zbar_image_refcnt  ATK_QR_V1.4.lib(image.o)
    0x080147c6   0x00000040   Code   RO        11148    i._zbar_image_scanner_add_sym  ATK_QR_V1.4.lib(img_scanner.o)
    0x08014806   0x000000a6   Code   RO        11253    i._zbar_image_scanner_alloc_sym  ATK_QR_V1.4.lib(img_scanner.o)
    0x080148ac   0x0000007c   Code   RO        11149    i._zbar_image_scanner_recycle_syms  ATK_QR_V1.4.lib(img_scanner.o)
    0x08014928   0x00000034   Code   RO        11906    i._zbar_qr_create   ATK_QR_V1.4.lib(qrdec.o)
    0x0801495c   0x00000104   Code   RO        11907    i._zbar_qr_decode   ATK_QR_V1.4.lib(qrdec.o)
    0x08014a60   0x00000022   Code   RO        11908    i._zbar_qr_destroy  ATK_QR_V1.4.lib(qrdec.o)
    0x08014a82   0x0000004a   Code   RO        11909    i._zbar_qr_found_line  ATK_QR_V1.4.lib(qrdec.o)
    0x08014acc   0x0000000c   Code   RO        11910    i._zbar_qr_reset    ATK_QR_V1.4.lib(qrdec.o)
    0x08014ad8   0x00000002   Code   RO        11626    i._zbar_refcnt_init  ATK_QR_V1.4.lib(refcnt.o)
    0x08014ada   0x00000032   Code   RO        11736    i._zbar_symbol_free  ATK_QR_V1.4.lib(symbol.o)
    0x08014b0c   0x00000012   Code   RO        11737    i._zbar_symbol_refcnt  ATK_QR_V1.4.lib(symbol.o)
    0x08014b1e   0x00000022   Code   RO        11738    i._zbar_symbol_set_create  ATK_QR_V1.4.lib(symbol.o)
    0x08014b40   0x0000002a   Code   RO        11875    i._zbar_symbol_set_free  ATK_QR_V1.4.lib(symbol.o)
    0x08014b6a   0x0000001c   Code   RO        10841    i.atk_guess_utf8    ATK_QR_V1.4.lib(atk_zbar.o)
    0x08014b86   0x00000006   Code   RO         9308    i.atk_qr_convert    atk_qrdecode.o
    0x08014b8c   0x0000003e   Code   RO        10842    i.atk_qr_count_gbk  ATK_QR_V1.4.lib(atk_zbar.o)
    0x08014bca   0x00000062   Code   RO        10843    i.atk_qr_count_utf8  ATK_QR_V1.4.lib(atk_zbar.o)
    0x08014c2c   0x00000134   Code   RO        10844    i.atk_qr_decode     ATK_QR_V1.4.lib(atk_zbar.o)
    0x08014d60   0x0000003c   Code   RO        10845    i.atk_qr_destroy    ATK_QR_V1.4.lib(atk_zbar.o)
    0x08014d9c   0x00000008   Code   RO         9309    i.atk_qr_free       atk_qrdecode.o
    0x08014da4   0x00000078   Code   RO        10846    i.atk_qr_init       ATK_QR_V1.4.lib(atk_zbar.o)
    0x08014e1c   0x00000008   Code   RO         9310    i.atk_qr_malloc     atk_qrdecode.o
    0x08014e24   0x00000004   Code   RO         9311    i.atk_qr_memcpy     atk_qrdecode.o
    0x08014e28   0x00000004   Code   RO         9312    i.atk_qr_memset     atk_qrdecode.o
    0x08014e2c   0x0000000a   Code   RO         9313    i.atk_qr_realloc    atk_qrdecode.o
    0x08014e36   0x000000a2   Code   RO        10847    i.atk_qr_utf8tounicode  ATK_QR_V1.4.lib(atk_zbar.o)
    0x08014ed8   0x00000088   Code   RO        12332    i.aux_end           ATK_QR_V1.4.lib(ean.o)
    0x08014f60   0x0000009c   Code   RO        12333    i.aux_start         ATK_QR_V1.4.lib(ean.o)
    0x08014ffc   0x0000007c   Code   RO        12485    i.bch15_5_calc_epos  ATK_QR_V1.4.lib(bch15_5.o)
    0x08015078   0x00000070   Code   RO        12486    i.bch15_5_calc_omega  ATK_QR_V1.4.lib(bch15_5.o)
    0x080150e8   0x0000009c   Code   RO        12487    i.bch15_5_calc_syndrome  ATK_QR_V1.4.lib(bch15_5.o)
    0x08015184   0x00000050   Code   RO        12488    i.bch15_5_correct   ATK_QR_V1.4.lib(bch15_5.o)
    0x080151d4   0x00000044   Code   RO        12489    i.bch15_5_encode    ATK_QR_V1.4.lib(bch15_5.o)
    0x08015218   0x000000ce   Code   RO        11150    i.cache_sym         ATK_QR_V1.4.lib(img_scanner.o)
    0x080152e6   0x00000036   Code   RO        11641    i.calc_thresh       ATK_QR_V1.4.lib(scanner.o)
    0x0801531c   0x000000b4   Code   RO         9429    i.check_fs          ff.o
    0x080153d0   0x0000000e   Code   RO        11479    i.code128_reset     ATK_QR_V1.4.lib(decoder.o)
    0x080153de   0x00000032   Code   RO        12275    i.code39_decode1    ATK_QR_V1.4.lib(code39.o)
    0x08015410   0x000000c0   Code   RO        12276    i.code39_decode9    ATK_QR_V1.4.lib(code39.o)
    0x080154d0   0x0000008c   Code   RO        12277    i.code39_postprocess  ATK_QR_V1.4.lib(code39.o)
    0x0801555c   0x0000000e   Code   RO        11480    i.code39_reset      ATK_QR_V1.4.lib(decoder.o)
    0x0801556a   0x000000c8   Code   RO        12334    i.decode4           ATK_QR_V1.4.lib(ean.o)
    0x08015632   0x00000002   PAD
    0x08015634   0x000001fc   Code   RO        11316    i.decode6           ATK_QR_V1.4.lib(code128.o)
    0x08015830   0x0000001c   Code   RO        11317    i.decode_e          ATK_QR_V1.4.lib(code128.o)
    0x0801584c   0x0000001c   Code   RO        11421    i.decode_e          ATK_QR_V1.4.lib(qr_finder.o)
    0x08015868   0x0000001c   Code   RO        12335    i.decode_e          ATK_QR_V1.4.lib(ean.o)
    0x08015884   0x0000001c   Code   RO        12424    i.decode_e          ATK_QR_V1.4.lib(i25.o)
    0x080158a0   0x000000dc   Code   RO        11318    i.decode_hi         ATK_QR_V1.4.lib(code128.o)
    0x0801597c   0x00000104   Code   RO        12336    i.decode_pass       ATK_QR_V1.4.lib(ean.o)
    0x08015a80   0x000000b4   Code   RO        11481    i.decoder_set_config_bool  ATK_QR_V1.4.lib(decoder.o)
    0x08015b34   0x0000004c   Code   RO         4812    i.delay_init        delay.o
    0x08015b80   0x00000078   Code   RO         4813    i.delay_ms          delay.o
    0x08015bf8   0x0000003c   Code   RO         4817    i.delay_us          delay.o
    0x08015c34   0x00000028   Code   RO         9362    i.disk_initialize   diskio.o
    0x08015c5c   0x0000006a   Code   RO         9364    i.disk_read         diskio.o
    0x08015cc6   0x00000004   Code   RO         9365    i.disk_status       diskio.o
    0x08015cca   0x0000006a   Code   RO         9366    i.disk_write        diskio.o
    0x08015d34   0x000000b4   Code   RO        12337    i.ean_expand_upce   ATK_QR_V1.4.lib(ean.o)
    0x08015de8   0x00000012   Code   RO        11482    i.ean_new_scan      ATK_QR_V1.4.lib(decoder.o)
    0x08015dfa   0x00000002   PAD
    0x08015dfc   0x000000d8   Code   RO        12338    i.ean_part_end7     ATK_QR_V1.4.lib(ean.o)
    0x08015ed4   0x00000054   Code   RO        12339    i.ean_verify_checksum  ATK_QR_V1.4.lib(ean.o)
    0x08015f28   0x00000068   Code   RO         9747    i.exfuns_init       exfuns.o
    0x08015f90   0x00000054   Code   RO         9448    i.f_mount           ff.o
    0x08015fe4   0x00000078   Code   RO         9979    i.ff_convert        mycc936.o
    0x0801605c   0x00000564   Code   RO         9463    i.find_volume       ff.o
    0x080165c0   0x0000003c   Code   RO        10092    i.font_init         fontupd.o
    0x080165fc   0x00000014   Code   RO         4924    i.fputc             usart.o
    0x08016610   0x00000068   Code   RO         9467    i.get_ldnumber      ff.o
    0x08016678   0x00000010   Code   RO        11319    i.get_width         ATK_QR_V1.4.lib(code128.o)
    0x08016688   0x00000010   Code   RO        11422    i.get_width         ATK_QR_V1.4.lib(qr_finder.o)
    0x08016698   0x00000010   Code   RO        12278    i.get_width         ATK_QR_V1.4.lib(code39.o)
    0x080166a8   0x00000010   Code   RO        12340    i.get_width         ATK_QR_V1.4.lib(ean.o)
    0x080166b8   0x00000010   Code   RO        12425    i.get_width         ATK_QR_V1.4.lib(i25.o)
    0x080166c8   0x00000014   Code   RO        12490    i.gf16_hmul         ATK_QR_V1.4.lib(bch15_5.o)
    0x080166dc   0x0000001c   Code   RO        12491    i.gf16_mul          ATK_QR_V1.4.lib(bch15_5.o)
    0x080166f8   0x0000002a   Code   RO        12426    i.i25_decode1       ATK_QR_V1.4.lib(i25.o)
    0x08016722   0x00000070   Code   RO        12427    i.i25_decode10      ATK_QR_V1.4.lib(i25.o)
    0x08016792   0x00000002   PAD
    0x08016794   0x0000010c   Code   RO        12428    i.i25_decode_end    ATK_QR_V1.4.lib(i25.o)
    0x080168a0   0x000000aa   Code   RO        12429    i.i25_decode_start  ATK_QR_V1.4.lib(i25.o)
    0x0801694a   0x0000000e   Code   RO        11483    i.i25_reset         ATK_QR_V1.4.lib(decoder.o)
    0x08016958   0x000001d6   Code   RO        12341    i.integrate_partial  ATK_QR_V1.4.lib(ean.o)
    0x08016b2e   0x00000002   PAD
    0x08016b30   0x000000f0   Code   RO            7    i.interface_task    main.o
    0x08016c20   0x00000128   Code   RO        12564    i.isaac_init        ATK_QR_V1.4.lib(isaac.o)
    0x08016d48   0x0000008c   Code   RO        12565    i.isaac_mix         ATK_QR_V1.4.lib(isaac.o)
    0x08016dd4   0x00000022   Code   RO        12566    i.isaac_next_uint   ATK_QR_V1.4.lib(isaac.o)
    0x08016df6   0x0000001c   Code   RO        12567    i.isaac_next_uint32  ATK_QR_V1.4.lib(isaac.o)
    0x08016e12   0x00000002   PAD
    0x08016e14   0x000001c6   Code   RO        12568    i.isaac_update      ATK_QR_V1.4.lib(isaac.o)
    0x08016fda   0x00000054   Code   RO         9469    i.ld_qword          ff.o
    0x0801702e   0x00000002   PAD
    0x08017030   0x00000034   Code   RO            8    i.lidar_task        main.o
    0x08017064   0x000001a0   Code   RO            9    i.main              main.o
    0x08017204   0x00000090   Code   RO         7096    i.motor_drive_Init  motor_drive.o
    0x08017294   0x00000720   Code   RO           10    i.motor_drive_task  main.o
    0x080179b4   0x00000036   Code   RO         9471    i.move_window       ff.o
    0x080179ea   0x00000002   PAD
    0x080179ec   0x0000003c   Code   RO        10011    i.my_mem_init       malloc.o
    0x08017a28   0x00000094   Code   RO        10012    i.my_mem_malloc     malloc.o
    0x08017abc   0x00000044   Code   RO        10013    i.my_mem_perused    malloc.o
    0x08017b00   0x00000070   Code   RO        10014    i.myfree            malloc.o
    0x08017b70   0x00000024   Code   RO        10015    i.mymalloc          malloc.o
    0x08017b94   0x00000014   Code   RO        10016    i.mymemcpy          malloc.o
    0x08017ba8   0x00000010   Code   RO        10017    i.mymemset          malloc.o
    0x08017bb8   0x0000004c   Code   RO        10018    i.myrealloc         malloc.o
    0x08017c04   0x00000354   Code   RO           11    i.ov5640_task       main.o
    0x08017f58   0x0000001a   Code   RO        11423    i.pair_width        ATK_QR_V1.4.lib(qr_finder.o)
    0x08017f72   0x00000002   PAD
    0x08017f74   0x0000013c   Code   RO        11320    i.postprocess       ATK_QR_V1.4.lib(code128.o)
    0x080180b0   0x0000013c   Code   RO        12342    i.postprocess       ATK_QR_V1.4.lib(ean.o)
    0x080181ec   0x00000096   Code   RO        11321    i.postprocess_c     ATK_QR_V1.4.lib(code128.o)
    0x08018282   0x00000028   Code   RO        11642    i.process_edge      ATK_QR_V1.4.lib(scanner.o)
    0x080182aa   0x0000009c   Code   RO        11911    i.qr_aff_init       ATK_QR_V1.4.lib(qrdec.o)
    0x08018346   0x000000c6   Code   RO        11912    i.qr_aff_line_step  ATK_QR_V1.4.lib(qrdec.o)
    0x0801840c   0x00000040   Code   RO        11913    i.qr_aff_project    ATK_QR_V1.4.lib(qrdec.o)
    0x0801844c   0x0000002c   Code   RO        11914    i.qr_aff_unproject  ATK_QR_V1.4.lib(qrdec.o)
    0x08018478   0x00000062   Code   RO        11915    i.qr_alignment_pattern_fetch  ATK_QR_V1.4.lib(qrdec.o)
    0x080184da   0x00000002   PAD
    0x080184dc   0x00000450   Code   RO        11916    i.qr_alignment_pattern_search  ATK_QR_V1.4.lib(qrdec.o)
    0x0801892c   0x00000228   Code   RO        12533    i.qr_binarize       ATK_QR_V1.4.lib(binarize.o)
    0x08018b54   0x0000004a   Code   RO        11917    i.qr_cmp_edge_pt    ATK_QR_V1.4.lib(qrdec.o)
    0x08018b9e   0x00000002   PAD
    0x08018ba0   0x00000038   Code   RO        11918    i.qr_code_data_clear  ATK_QR_V1.4.lib(qrdec.o)
    0x08018bd8   0x0000002c   Code   RO        11919    i.qr_code_data_list_clear  ATK_QR_V1.4.lib(qrdec.o)
    0x08018c04   0x0000000a   Code   RO        11920    i.qr_code_data_list_init  ATK_QR_V1.4.lib(qrdec.o)
    0x08018c0e   0x00000002   PAD
    0x08018c10   0x000003b0   Code   RO        11921    i.qr_code_data_parse  ATK_QR_V1.4.lib(qrdec.o)
    0x08018fc0   0x000001d4   Code   RO        11922    i.qr_code_decode    ATK_QR_V1.4.lib(qrdec.o)
    0x08019194   0x0000020c   Code   RO        11923    i.qr_data_mask_fill  ATK_QR_V1.4.lib(qrdec.o)
    0x080193a0   0x00000078   Code   RO           12    i.qr_dcmi_rx_callback  main.o
    0x08019418   0x00000214   Code   RO           13    i.qr_decode         main.o
    0x0801962c   0x00000076   Code   RO        11924    i.qr_finder_center_cmp  ATK_QR_V1.4.lib(qrdec.o)
    0x080196a2   0x00000002   PAD
    0x080196a4   0x000000ec   Code   RO        11925    i.qr_finder_centers_locate  ATK_QR_V1.4.lib(qrdec.o)
    0x08019790   0x000001b4   Code   RO        11926    i.qr_finder_cluster_lines  ATK_QR_V1.4.lib(qrdec.o)
    0x08019944   0x000000d0   Code   RO        11927    i.qr_finder_edge_pts_aff_classify  ATK_QR_V1.4.lib(qrdec.o)
    0x08019a14   0x0000008c   Code   RO        11928    i.qr_finder_edge_pts_fill  ATK_QR_V1.4.lib(qrdec.o)
    0x08019aa0   0x000000e8   Code   RO        11929    i.qr_finder_edge_pts_hom_classify  ATK_QR_V1.4.lib(qrdec.o)
    0x08019b88   0x00000166   Code   RO        11930    i.qr_finder_estimate_module_size_and_version  ATK_QR_V1.4.lib(qrdec.o)
    0x08019cee   0x00000002   PAD
    0x08019cf0   0x00000230   Code   RO        11931    i.qr_finder_find_crossings  ATK_QR_V1.4.lib(qrdec.o)
    0x08019f20   0x000002fe   Code   RO        11932    i.qr_finder_fmt_info_decode  ATK_QR_V1.4.lib(qrdec.o)
    0x0801a21e   0x0000002a   Code   RO        11933    i.qr_finder_lines_are_crossing  ATK_QR_V1.4.lib(qrdec.o)
    0x0801a248   0x00000158   Code   RO        11934    i.qr_finder_locate_crossing  ATK_QR_V1.4.lib(qrdec.o)
    0x0801a3a0   0x00000084   Code   RO        11935    i.qr_finder_quick_crossing_check  ATK_QR_V1.4.lib(qrdec.o)
    0x0801a424   0x00000194   Code   RO        11936    i.qr_finder_ransac  ATK_QR_V1.4.lib(qrdec.o)
    0x0801a5b8   0x00000164   Code   RO        11937    i.qr_finder_version_decode  ATK_QR_V1.4.lib(qrdec.o)
    0x0801a71c   0x00000018   Code   RO        11939    i.qr_hamming_dist   ATK_QR_V1.4.lib(qrdec.o)
    0x0801a734   0x0000008c   Code   RO        11151    i.qr_handler        ATK_QR_V1.4.lib(img_scanner.o)
    0x0801a7c0   0x00000060   Code   RO        11940    i.qr_hom_cell_fproject  ATK_QR_V1.4.lib(qrdec.o)
    0x0801a820   0x0000080c   Code   RO        11941    i.qr_hom_cell_init  ATK_QR_V1.4.lib(qrdec.o)
    0x0801b02c   0x00000048   Code   RO        11942    i.qr_hom_cell_project  ATK_QR_V1.4.lib(qrdec.o)
    0x0801b074   0x00000ae6   Code   RO        11943    i.qr_hom_fit        ATK_QR_V1.4.lib(qrdec.o)
    0x0801bb5a   0x00000060   Code   RO        11944    i.qr_hom_fproject   ATK_QR_V1.4.lib(qrdec.o)
    0x0801bbba   0x00000784   Code   RO        11945    i.qr_hom_init       ATK_QR_V1.4.lib(qrdec.o)
    0x0801c33e   0x00000098   Code   RO        11946    i.qr_hom_unproject  ATK_QR_V1.4.lib(qrdec.o)
    0x0801c3d6   0x00000002   PAD
    0x0801c3d8   0x000000b4   Code   RO        12706    i.qr_ihypot         ATK_QR_V1.4.lib(util.o)
    0x0801c48c   0x00000046   Code   RO        12707    i.qr_ilog           ATK_QR_V1.4.lib(util.o)
    0x0801c4d2   0x000000a4   Code   RO        11947    i.qr_img_get_bit    ATK_QR_V1.4.lib(qrdec.o)
    0x0801c576   0x00000002   PAD
    0x0801c578   0x0000002a   Code   RO        12708    i.qr_isqrt          ATK_QR_V1.4.lib(util.o)
    0x0801c5a2   0x00000010   Code   RO        11948    i.qr_line_eval      ATK_QR_V1.4.lib(qrdec.o)
    0x0801c5b2   0x00000132   Code   RO        11949    i.qr_line_fit       ATK_QR_V1.4.lib(qrdec.o)
    0x0801c6e4   0x00000066   Code   RO        11950    i.qr_line_fit_finder_edge  ATK_QR_V1.4.lib(qrdec.o)
    0x0801c74a   0x00000002   PAD
    0x0801c74c   0x0000012c   Code   RO        11951    i.qr_line_fit_finder_pair  ATK_QR_V1.4.lib(qrdec.o)
    0x0801c878   0x00000250   Code   RO        11952    i.qr_line_fit_points  ATK_QR_V1.4.lib(qrdec.o)
    0x0801cac8   0x00000020   Code   RO        11953    i.qr_line_orient    ATK_QR_V1.4.lib(qrdec.o)
    0x0801cae8   0x0000000e   Code   RO        11954    i.qr_pack_buf_avail  ATK_QR_V1.4.lib(qrdec.o)
    0x0801caf6   0x00000068   Code   RO        11955    i.qr_pack_buf_read  ATK_QR_V1.4.lib(qrdec.o)
    0x0801cb5e   0x0000001e   Code   RO        11956    i.qr_point_ccw      ATK_QR_V1.4.lib(qrdec.o)
    0x0801cb7c   0x00000014   Code   RO        11957    i.qr_point_distance2  ATK_QR_V1.4.lib(qrdec.o)
    0x0801cb90   0x0000000e   Code   RO        11958    i.qr_point_translate  ATK_QR_V1.4.lib(qrdec.o)
    0x0801cb9e   0x00000002   PAD
    0x0801cba0   0x00000212   Code   RO        11959    i.qr_reader_match_centers  ATK_QR_V1.4.lib(qrdec.o)
    0x0801cdb2   0x00000002   PAD
    0x0801cdb4   0x000002f8   Code   RO        11960    i.qr_reader_try_configuration  ATK_QR_V1.4.lib(qrdec.o)
    0x0801d0ac   0x000001ac   Code   RO        11961    i.qr_samples_unpack  ATK_QR_V1.4.lib(qrdec.o)
    0x0801d258   0x00000054   Code   RO        11962    i.qr_sampling_grid_fp_mask_rect  ATK_QR_V1.4.lib(qrdec.o)
    0x0801d2ac   0x00000720   Code   RO        11963    i.qr_sampling_grid_init  ATK_QR_V1.4.lib(qrdec.o)
    0x0801d9cc   0x00000154   Code   RO        11964    i.qr_sampling_grid_sample  ATK_QR_V1.4.lib(qrdec.o)
    0x0801db20   0x0000001a   Code   RO        11152    i.quiet_border      ATK_QR_V1.4.lib(img_scanner.o)
    0x0801db3a   0x00000004   Code   RO        10186    i.read_addr         usmart.o
    0x0801db3e   0x00000020   Code   RO        11153    i.recycle_syms      ATK_QR_V1.4.lib(img_scanner.o)
    0x0801db5e   0x00000190   Code   RO        12618    i.rs_correct        ATK_QR_V1.4.lib(rs.o)
    0x0801dcee   0x00000118   Code   RO        12619    i.rs_cubic_solve    ATK_QR_V1.4.lib(rs.o)
    0x0801de06   0x00000002   PAD
    0x0801de08   0x000000a4   Code   RO        12621    i.rs_find_roots     ATK_QR_V1.4.lib(rs.o)
    0x0801deac   0x00000014   Code   RO        12622    i.rs_gdiv           ATK_QR_V1.4.lib(rs.o)
    0x0801dec0   0x00000038   Code   RO        12623    i.rs_gf256_init     ATK_QR_V1.4.lib(rs.o)
    0x0801def8   0x00000016   Code   RO        12624    i.rs_gmul           ATK_QR_V1.4.lib(rs.o)
    0x0801df0e   0x0000001c   Code   RO        12625    i.rs_gsqrt          ATK_QR_V1.4.lib(rs.o)
    0x0801df2a   0x00000012   Code   RO        12626    i.rs_hgmul          ATK_QR_V1.4.lib(rs.o)
    0x0801df3c   0x0000018c   Code   RO        12627    i.rs_modified_berlekamp_massey  ATK_QR_V1.4.lib(rs.o)
    0x0801e0c8   0x00000004   Code   RO        12628    i.rs_poly_zero      ATK_QR_V1.4.lib(rs.o)
    0x0801e0cc   0x000001d8   Code   RO        12629    i.rs_quadratic_solve  ATK_QR_V1.4.lib(rs.o)
    0x0801e2a4   0x0000015a   Code   RO        12630    i.rs_quartic_solve  ATK_QR_V1.4.lib(rs.o)
    0x0801e3fe   0x00000002   PAD
    0x0801e400   0x00000118   Code   RO           15    i.runing_task       main.o
    0x0801e518   0x0000003a   Code   RO        11322    i.size_buf          ATK_QR_V1.4.lib(code128.o)
    0x0801e552   0x00000002   PAD
    0x0801e554   0x0000026c   Code   RO           16    i.start_task        main.o
    0x0801e7c0   0x0000003a   Code   RO        11154    i.sym_add_point     ATK_QR_V1.4.lib(img_scanner.o)
    0x0801e7fa   0x000000e4   Code   RO        11155    i.symbol_handler    ATK_QR_V1.4.lib(img_scanner.o)
    0x0801e8de   0x00000054   Code   RO         9480    i.sync_window       ff.o
    0x0801e932   0x00000002   PAD
    0x0801e934   0x00000038   Code   RO         4925    i.uart_init         usart.o
    0x0801e96c   0x00000040   Code   RO         6912    i.ultrasonic_init   ultrasonic.o
    0x0801e9ac   0x000001c4   Code   RO           17    i.ultrasonic_task   main.o
    0x0801eb70   0x000000b0   Code   RO        10187    i.usmart_cmd_rec    usmart.o
    0x0801ec20   0x000002b8   Code   RO        10188    i.usmart_exe        usmart.o
    0x0801eed8   0x000000ae   Code   RO        10297    i.usmart_get_aparm  usmart_str.o
    0x0801ef86   0x00000046   Code   RO        10298    i.usmart_get_cmdname  usmart_str.o
    0x0801efcc   0x000001b0   Code   RO        10299    i.usmart_get_fname  usmart_str.o
    0x0801f17c   0x0000012c   Code   RO        10300    i.usmart_get_fparam  usmart_str.o
    0x0801f2a8   0x00000028   Code   RO        10301    i.usmart_get_parmpos  usmart_str.o
    0x0801f2d0   0x0000006c   Code   RO        10190    i.usmart_init       usmart.o
    0x0801f33c   0x000000ac   Code   RO        10192    i.usmart_scan       usmart.o
    0x0801f3e8   0x000000f8   Code   RO        10304    i.usmart_str2num    usmart_str.o
    0x0801f4e0   0x0000001a   Code   RO        10305    i.usmart_strcmp     usmart_str.o
    0x0801f4fa   0x00000002   PAD
    0x0801f4fc   0x00000698   Code   RO        10193    i.usmart_sys_cmd_exe  usmart.o
    0x0801fb94   0x00000004   Code   RO        10194    i.write_addr        usmart.o
    0x0801fb98   0x00000094   Code   RO        11484    i.zbar_decode_width  ATK_QR_V1.4.lib(decoder.o)
    0x0801fc2c   0x00000068   Code   RO        11485    i.zbar_decoder_create  ATK_QR_V1.4.lib(decoder.o)
    0x0801fc94   0x00000016   Code   RO        11486    i.zbar_decoder_destroy  ATK_QR_V1.4.lib(decoder.o)
    0x0801fcaa   0x00000004   Code   RO        11488    i.zbar_decoder_get_data  ATK_QR_V1.4.lib(decoder.o)
    0x0801fcae   0x00000004   Code   RO        11489    i.zbar_decoder_get_data_length  ATK_QR_V1.4.lib(decoder.o)
    0x0801fcb2   0x00000006   Code   RO        11490    i.zbar_decoder_get_type  ATK_QR_V1.4.lib(decoder.o)
    0x0801fcb8   0x00000004   Code   RO        11491    i.zbar_decoder_get_userdata  ATK_QR_V1.4.lib(decoder.o)
    0x0801fcbc   0x0000003c   Code   RO        11492    i.zbar_decoder_new_scan  ATK_QR_V1.4.lib(decoder.o)
    0x0801fcf8   0x0000003c   Code   RO        11493    i.zbar_decoder_reset  ATK_QR_V1.4.lib(decoder.o)
    0x0801fd34   0x000000c0   Code   RO        11494    i.zbar_decoder_set_config  ATK_QR_V1.4.lib(decoder.o)
    0x0801fdf4   0x00000008   Code   RO        11495    i.zbar_decoder_set_handler  ATK_QR_V1.4.lib(decoder.o)
    0x0801fdfc   0x00000004   Code   RO        11496    i.zbar_decoder_set_userdata  ATK_QR_V1.4.lib(decoder.o)
    0x0801fe00   0x0000002e   Code   RO        10972    i.zbar_image_create  ATK_QR_V1.4.lib(image.o)
    0x0801fe2e   0x00000002   PAD
    0x0801fe30   0x0000004c   Code   RO        11111    i.zbar_image_free_data  ATK_QR_V1.4.lib(image.o)
    0x0801fe7c   0x00000064   Code   RO        11156    i.zbar_image_scanner_create  ATK_QR_V1.4.lib(img_scanner.o)
    0x0801fee0   0x00000062   Code   RO        11157    i.zbar_image_scanner_destroy  ATK_QR_V1.4.lib(img_scanner.o)
    0x0801ff42   0x00000044   Code   RO        11247    i.zbar_image_scanner_recycle_image  ATK_QR_V1.4.lib(img_scanner.o)
    0x0801ff86   0x0000004c   Code   RO        11160    i.zbar_image_scanner_set_config  ATK_QR_V1.4.lib(img_scanner.o)
    0x0801ffd2   0x0000001a   Code   RO        10984    i.zbar_image_set_data  ATK_QR_V1.4.lib(image.o)
    0x0801ffec   0x00000004   Code   RO        10985    i.zbar_image_set_format  ATK_QR_V1.4.lib(image.o)
    0x0801fff0   0x00000006   Code   RO        10987    i.zbar_image_set_size  ATK_QR_V1.4.lib(image.o)
    0x0801fff6   0x00000002   PAD
    0x0801fff8   0x000002a8   Code   RO        11162    i.zbar_scan_image   ATK_QR_V1.4.lib(img_scanner.o)
    0x080202a0   0x0000013a   Code   RO        11643    i.zbar_scan_y       ATK_QR_V1.4.lib(scanner.o)
    0x080203da   0x00000022   Code   RO        11644    i.zbar_scanner_create  ATK_QR_V1.4.lib(scanner.o)
    0x080203fc   0x00000004   Code   RO        11645    i.zbar_scanner_destroy  ATK_QR_V1.4.lib(scanner.o)
    0x08020400   0x00000046   Code   RO        11716    i.zbar_scanner_flush  ATK_QR_V1.4.lib(scanner.o)
    0x08020446   0x00000020   Code   RO        11647    i.zbar_scanner_get_edge  ATK_QR_V1.4.lib(scanner.o)
    0x08020466   0x00000004   Code   RO        11649    i.zbar_scanner_get_width  ATK_QR_V1.4.lib(scanner.o)
    0x0802046a   0x0000002a   Code   RO        11650    i.zbar_scanner_new_scan  ATK_QR_V1.4.lib(scanner.o)
    0x08020494   0x00000022   Code   RO        11651    i.zbar_scanner_reset  ATK_QR_V1.4.lib(scanner.o)
    0x080204b6   0x00000012   Code   RO        11755    i.zbar_symbol_set_ref  ATK_QR_V1.4.lib(symbol.o)
    0x080204c8   0x0000000a   Code   RO        13141    x$fpl$fpinit        fz_wv.l(fpinit.o)
    0x080204d2   0x00000000   Code   RO        13060    x$fpl$usenofp       fz_wv.l(usenofp.o)
    0x080204d2   0x00000010   Data   RO          614    .constdata          system_stm32f7xx.o
    0x080204e2   0x00000008   Data   RO          615    .constdata          system_stm32f7xx.o
    0x080204ea   0x00000008   Data   RO         1079    .constdata          stm32f7xx_hal_dma.o
    0x080204f2   0x00004740   Data   RO         5229    .constdata          lcd.o
    0x08024c32   0x000014e3   Data   RO         5896    .constdata          ov5640.o
    0x08026115   0x00000001   PAD
    0x08026116   0x0000000a   Data   RO         6549    .constdata          ft5206.o
    0x08026120   0x000000c2   Data   RO         6595    .constdata          gt9147.o
    0x080261e2   0x000000ce   Data   RO         6647    .constdata          gt9271.o
    0x080262b0   0x0000000a   Data   RO         6697    .constdata          ott2001a.o
    0x080262ba   0x00000002   PAD
    0x080262bc   0x00000004   Data   RO         6755    .constdata          touch.o
    0x080262c0   0x00000200   Data   RO         7071    .constdata          crc.o
    0x080264c0   0x00000004   Data   RO         8036    .constdata          os_cfg_app.o
    0x080264c4   0x00000004   Data   RO         8037    .constdata          os_cfg_app.o
    0x080264c8   0x00000004   Data   RO         8038    .constdata          os_cfg_app.o
    0x080264cc   0x00000004   Data   RO         8047    .constdata          os_cfg_app.o
    0x080264d0   0x00000004   Data   RO         8048    .constdata          os_cfg_app.o
    0x080264d4   0x00000002   Data   RO         8050    .constdata          os_cfg_app.o
    0x080264d6   0x00000002   PAD
    0x080264d8   0x00000004   Data   RO         8052    .constdata          os_cfg_app.o
    0x080264dc   0x00000001   Data   RO         8053    .constdata          os_cfg_app.o
    0x080264dd   0x00000003   PAD
    0x080264e0   0x00000004   Data   RO         8054    .constdata          os_cfg_app.o
    0x080264e4   0x00000004   Data   RO         8055    .constdata          os_cfg_app.o
    0x080264e8   0x00000004   Data   RO         8056    .constdata          os_cfg_app.o
    0x080264ec   0x00000004   Data   RO         8057    .constdata          os_cfg_app.o
    0x080264f0   0x00000004   Data   RO         8059    .constdata          os_cfg_app.o
    0x080264f4   0x00000004   Data   RO         8060    .constdata          os_cfg_app.o
    0x080264f8   0x00000001   Data   RO         8061    .constdata          os_cfg_app.o
    0x080264f9   0x00000003   PAD
    0x080264fc   0x00000004   Data   RO         8062    .constdata          os_cfg_app.o
    0x08026500   0x00000004   Data   RO         8063    .constdata          os_cfg_app.o
    0x08026504   0x00000004   Data   RO         8064    .constdata          os_cfg_app.o
    0x08026508   0x00000001   Data   RO         8066    .constdata          os_cfg_app.o
    0x08026509   0x00000003   PAD
    0x0802650c   0x00000004   Data   RO         8067    .constdata          os_cfg_app.o
    0x08026510   0x00000004   Data   RO         8068    .constdata          os_cfg_app.o
    0x08026514   0x00000004   Data   RO         8069    .constdata          os_cfg_app.o
    0x08026518   0x00000004   Data   RO         8070    .constdata          os_cfg_app.o
    0x0802651c   0x00000024   Data   RO        10025    .constdata          malloc.o
    0x08026540   0x000001b4   Data   RO        11324    .constdata          ATK_QR_V1.4.lib(code128.o)
    0x080266f4   0x00000244   Data   RO        11965    .constdata          ATK_QR_V1.4.lib(qrdec.o)
    0x08026938   0x000000d0   Data   RO        12279    .constdata          ATK_QR_V1.4.lib(code39.o)
    0x08026a08   0x00000034   Data   RO        12343    .constdata          ATK_QR_V1.4.lib(ean.o)
    0x08026a3c   0x0000002f   Data   RO        12492    .constdata          ATK_QR_V1.4.lib(bch15_5.o)
    0x08026a6b   0x00000008   Data   RO        12569    .constdata          ATK_QR_V1.4.lib(isaac.o)
    0x08026a73   0x00000028   Data   RO        12850    .constdata          c_w.l(_printf_hex_int_ptr.o)
    0x08026a9b   0x00000011   Data   RO        12876    .constdata          c_w.l(__printf_flags_ss_wp.o)
    0x08026aac   0x00000079   Data   RO         6756    .conststring        touch.o
    0x08026b25   0x00000003   PAD
    0x08026b28   0x00000028   Data   RO        10196    .conststring        usmart.o
    0x08026b50   0x000003fb   Data   RO        10271    .conststring        usmart_config.o
    0x08026f4b   0x00000001   PAD
    0x08026f4c   0x00000020   Data   RO        13243    Region$$Table       anon$$obj.o


    Execution Region RW_IRAM1 (Base: 0x20020000, Size: 0x00032998, Max: 0x00060000, ABSOLUTE, COMPRESSED[0x00000120])

    Base Addr    Size         Type   Attr      Idx    E Section Name        Object

    0x20020000   0x00000020   Data   RW           19    .data               main.o
    0x20020020   0x00000004   Data   RW          616    .data               system_stm32f7xx.o
    0x20020024   0x00000004   Data   RW          803    .data               stm32f7xx_hal.o
    0x20020028   0x00000008   Data   RW         4818    .data               delay.o
    0x20020030   0x00000004   Data   RW         4927    .data               usart.o
    0x20020034   0x00000004   Data   RW         4928    .data               usart.o
    0x20020038   0x00000008   Data   RW         5022    .data               dcmi.o
    0x20020040   0x00000001   Data   RW         5166    .data               key.o
    0x20020041   0x00000003   PAD
    0x20020044   0x00000008   Data   RW         5230    .data               lcd.o
    0x2002004c   0x00000008   Data   RW         5433    .data               ltdc.o
    0x20020054   0x00000004   Data   RW         5580    .data               ftl.o
    0x20020058   0x00000004   Data   RW         6309    .data               w25qxx.o
    0x2002005c   0x00000001   Data   RW         6550    .data               ft5206.o
    0x2002005d   0x00000001   Data   RW         6596    .data               gt9147.o
    0x2002005e   0x00000001   Data   RW         6648    .data               gt9271.o
    0x2002005f   0x00000001   Data   RW         6698    .data               ott2001a.o
    0x20020060   0x0000004c   Data   RW         6757    .data               touch.o
    0x200200ac   0x00000008   Data   RW         6946    .data               timer.o
    0x200200b4   0x00000001   Data   RW         7021    .data               rs485.o
    0x200200b5   0x00000003   PAD
    0x200200b8   0x00000004   Data   RW         7130    .data               sai.o
    0x200200bc   0x0000001c   Data   RW         7452    .data               cpu_core.o
    0x200200d8   0x00000008   Data   RW         8549    .data               os_prio.o
    0x200200e0   0x00000004   Data   RW         9073    .data               os_var.o
    0x200200e4   0x00000004   Data   RW         9074    .data               os_var.o
    0x200200e8   0x00000004   Data   RW         9075    .data               os_var.o
    0x200200ec   0x00000004   Data   RW         9076    .data               os_var.o
    0x200200f0   0x00000004   Data   RW         9077    .data               os_var.o
    0x200200f4   0x00000004   Data   RW         9078    .data               os_var.o
    0x200200f8   0x00000004   Data   RW         9079    .data               os_var.o
    0x200200fc   0x00000004   Data   RW         9080    .data               os_var.o
    0x20020100   0x00000001   Data   RW         9081    .data               os_var.o
    0x20020101   0x00000003   PAD
    0x20020104   0x00000004   Data   RW         9082    .data               os_var.o
    0x20020108   0x00000001   Data   RW         9083    .data               os_var.o
    0x20020109   0x00000003   PAD
    0x2002010c   0x00000004   Data   RW         9084    .data               os_var.o
    0x20020110   0x00000002   Data   RW         9085    .data               os_var.o
    0x20020112   0x00000002   PAD
    0x20020114   0x00000004   Data   RW         9086    .data               os_var.o
    0x20020118   0x00000002   Data   RW         9087    .data               os_var.o
    0x2002011a   0x00000002   PAD
    0x2002011c   0x00000004   Data   RW         9088    .data               os_var.o
    0x20020120   0x00000002   Data   RW         9089    .data               os_var.o
    0x20020122   0x00000001   Data   RW         9090    .data               os_var.o
    0x20020123   0x00000001   Data   RW         9091    .data               os_var.o
    0x20020124   0x00000001   Data   RW         9092    .data               os_var.o
    0x20020125   0x00000003   PAD
    0x20020128   0x00000004   Data   RW         9093    .data               os_var.o
    0x2002012c   0x00000002   Data   RW         9094    .data               os_var.o
    0x2002012e   0x00000001   Data   RW         9095    .data               os_var.o
    0x2002012f   0x00000001   PAD
    0x20020130   0x00000004   Data   RW         9096    .data               os_var.o
    0x20020134   0x00000002   Data   RW         9097    .data               os_var.o
    0x20020136   0x00000001   Data   RW         9098    .data               os_var.o
    0x20020137   0x00000001   PAD
    0x20020138   0x00000002   Data   RW         9099    .data               os_var.o
    0x2002013a   0x00000002   Data   RW         9100    .data               os_var.o
    0x2002013c   0x00000004   Data   RW         9101    .data               os_var.o
    0x20020140   0x00000004   Data   RW         9102    .data               os_var.o
    0x20020144   0x00000004   Data   RW         9103    .data               os_var.o
    0x20020148   0x00000001   Data   RW         9104    .data               os_var.o
    0x20020149   0x00000003   PAD
    0x2002014c   0x00000004   Data   RW         9105    .data               os_var.o
    0x20020150   0x00000004   Data   RW         9106    .data               os_var.o
    0x20020154   0x00000004   Data   RW         9107    .data               os_var.o
    0x20020158   0x00000002   Data   RW         9108    .data               os_var.o
    0x2002015a   0x00000001   Data   RW         9109    .data               os_var.o
    0x2002015b   0x00000001   PAD
    0x2002015c   0x00000004   Data   RW         9110    .data               os_var.o
    0x20020160   0x00000004   Data   RW         9111    .data               os_var.o
    0x20020164   0x00000008   Data   RW         9112    .data               os_var.o
    0x2002016c   0x00000008   Data   RW         9113    .data               os_var.o
    0x20020174   0x00000004   Data   RW         9114    .data               os_var.o
    0x20020178   0x00000002   Data   RW         9115    .data               os_var.o
    0x2002017a   0x00000002   PAD
    0x2002017c   0x00000004   Data   RW         9116    .data               os_var.o
    0x20020180   0x00000004   Data   RW         9118    .data               os_var.o
    0x20020184   0x00000004   Data   RW         9119    .data               os_var.o
    0x20020188   0x00000004   Data   RW         9120    .data               os_var.o
    0x2002018c   0x00000004   Data   RW         9121    .data               os_var.o
    0x20020190   0x00000004   Data   RW         9122    .data               os_var.o
    0x20020194   0x00000004   Data   RW         9123    .data               os_var.o
    0x20020198   0x00000004   Data   RW         9147    .data               os_cpu_c.o
    0x2002019c   0x00000002   Data   RW         9484    .data               ff.o
    0x2002019e   0x00000002   PAD
    0x200201a0   0x0000000c   Data   RW         9754    .data               exfuns.o
    0x200201ac   0x00000024   Data   RW        10026    .data               malloc.o
    0x200201d0   0x0000001c   Data   RW        10197    .data               usmart.o
    0x200201ec   0x000000c0   Data   RW        10272    .data               usmart_config.o
    0x200202ac   0x000000f4   Data   RW        10273    .data               usmart_config.o
    0x200203a0   0x00000010   Data   RW        10849    .data               ATK_QR_V1.4.lib(atk_zbar.o)
    0x200203b0   0x00000008   Data   RW        11326    .data               ATK_QR_V1.4.lib(code128.o)
    0x200203b8   0x00004780   Zero   RW           18    .bss                main.o
    0x20024b38   0x00000138   Zero   RW         4926    .bss                usart.o
    0x20024c70   0x000000b0   Zero   RW         5021    .bss                dcmi.o
    0x20024d20   0x0000005a   Zero   RW         5228    .bss                lcd.o
    0x20024d7a   0x00000002   PAD
    0x20024d7c   0x000000c8   Zero   RW         5431    .bss                ltdc.o
    0x20024e44   0x00000094   Zero   RW         5689    .bss                nand.o
    0x20024ed8   0x00000044   Zero   RW         6129    .bss                qspi.o
    0x20024f1c   0x00000004   PAD
    0x20024f20   0x000002b8   Zero   RW         6183    .bss                sdmmc_sdcard.o
    0x200251d8   0x00000034   Zero   RW         6240    .bss                sdram.o
    0x2002520c   0x00001000   Zero   RW         6308    .bss                w25qxx.o
    0x2002620c   0x000000b0   Zero   RW         6945    .bss                timer.o
    0x200262bc   0x000000b0   Zero   RW         7020    .bss                rs485.o
    0x2002636c   0x000000e4   Zero   RW         7128    .bss                sai.o
    0x20026450   0x00000010   Zero   RW         7449    .bss                cpu_core.o
    0x20026460   0x00000200   Zero   RW         8030    .bss                os_cfg_app.o
    0x20026660   0x00000190   Zero   RW         8031    .bss                os_cfg_app.o
    0x200267f0   0x00000640   Zero   RW         8032    .bss                os_cfg_app.o
    0x20026e30   0x00000190   Zero   RW         8033    .bss                os_cfg_app.o
    0x20026fc0   0x00000200   Zero   RW         8034    .bss                os_cfg_app.o
    0x200271c0   0x00000200   Zero   RW         8035    .bss                os_cfg_app.o
    0x200273c0   0x000000c0   Zero   RW         9066    .bss                os_var.o
    0x20027480   0x0000000c   Zero   RW         9067    .bss                os_var.o
    0x2002748c   0x00000300   Zero   RW         9068    .bss                os_var.o
    0x2002778c   0x000000c0   Zero   RW         9069    .bss                os_var.o
    0x2002784c   0x000000c0   Zero   RW         9070    .bss                os_var.o
    0x2002790c   0x00000030   Zero   RW         9071    .bss                os_var.o
    0x2002793c   0x000000c0   Zero   RW         9072    .bss                os_var.o
    0x200279fc   0x0000000c   Zero   RW         9482    .bss                ff.o
    0x20027a08   0x0000000c   Zero   RW         9749    .bss                exfuns.o
    0x20027a14   0x0000000c   PAD
    0x20027a20   0x00028000   Zero   RW        10023    .bss                malloc.o
    0x2004fa20   0x00002800   Zero   RW        10024    .bss                malloc.o
    0x20052220   0x00000029   Zero   RW        10096    .bss                fontupd.o
    0x20052249   0x00000003   PAD
    0x2005224c   0x0000003c   Zero   RW        10195    .bss                usmart.o
    0x20052288   0x00000014   Zero   RW        10848    .bss                ATK_QR_V1.4.lib(atk_zbar.o)
    0x2005229c   0x00000096   Zero   RW        11323    .bss                ATK_QR_V1.4.lib(code128.o)
    0x20052332   0x00000002   PAD
    0x20052334   0x00000060   Zero   RW        13092    .bss                c_w.l(libspace.o)
    0x20052394   0x00000004   PAD
    0x20052398   0x00000200   Zero   RW          769    HEAP                startup_stm32f767xx.o
    0x20052598   0x00000400   Zero   RW          768    STACK               startup_stm32f767xx.o



  Load Region LR$$.ARM.__AT_0x20000000 (Base: 0x20000000, Size: 0x00000000, Max: 0x0000f000, ABSOLUTE)

    Execution Region ER$$.ARM.__AT_0x20000000 (Base: 0x20000000, Size: 0x0000f000, Max: 0x0000f000, ABSOLUTE, UNINIT)

    Base Addr    Size         Type   Attr      Idx    E Section Name        Object

    0x20000000   0x0000f000   Zero   RW        10019    .ARM.__AT_0x20000000  malloc.o



  Load Region LR$$.ARM.__AT_0x2000F000 (Base: 0x2000f000, Size: 0x00000000, Max: 0x00000f00, ABSOLUTE)

    Execution Region ER$$.ARM.__AT_0x2000F000 (Base: 0x2000f000, Size: 0x00000f00, Max: 0x00000f00, ABSOLUTE, UNINIT)

    Base Addr    Size         Type   Attr      Idx    E Section Name        Object

    0x2000f000   0x00000f00   Zero   RW        10020    .ARM.__AT_0x2000F000  malloc.o



  Load Region LR$$.ARM.__AT_0xC0000000 (Base: 0xc0000000, Size: 0x00000000, Max: 0x001f4000, ABSOLUTE)

    Execution Region ER$$.ARM.__AT_0xC0000000 (Base: 0xc0000000, Size: 0x001f4000, Max: 0x001f4000, ABSOLUTE, UNINIT)

    Base Addr    Size         Type   Attr      Idx    E Section Name        Object

    0xc0000000   0x001f4000   Zero   RW         5430    .ARM.__AT_0xC0000000  ltdc.o



  Load Region LR$$.ARM.__AT_0xC01F4000 (Base: 0xc01f4000, Size: 0x00000000, Max: 0x01c3c000, ABSOLUTE)

    Execution Region ER$$.ARM.__AT_0xC01F4000 (Base: 0xc01f4000, Size: 0x01c3c000, Max: 0x01c3c000, ABSOLUTE, UNINIT)

    Base Addr    Size         Type   Attr      Idx    E Section Name        Object

    0xc01f4000   0x01c3c000   Zero   RW        10021    .ARM.__AT_0xC01F4000  malloc.o



  Load Region LR$$.ARM.__AT_0xC1E30000 (Base: 0xc1e30000, Size: 0x00000000, Max: 0x001c3c00, ABSOLUTE)

    Execution Region ER$$.ARM.__AT_0xC1E30000 (Base: 0xc1e30000, Size: 0x001c3c00, Max: 0x001c3c00, ABSOLUTE, UNINIT)

    Base Addr    Size         Type   Attr      Idx    E Section Name        Object

    0xc1e30000   0x001c3c00   Zero   RW        10022    .ARM.__AT_0xC1E30000  malloc.o


==============================================================================

Image component sizes


      Code (inc. data)   RO Data    RW Data    ZI Data      Debug   Object Name

       338          0          0          0          0       3563   24cxx.o
        40          0          0          0          0       3052   atk_qrdecode.o
        60         16          0          0          0      11354   bsp.o
        52          0          0          0          0        344   cpu_a.o
       304         36          0         28         16       6861   cpu_core.o
        60          6        512          0          0       1252   crc.o
       812         60          0          0          0       4599   ctiic.o
       836        142          0          8        176      37010   dcmi.o
       292         34          0          8          0       3507   delay.o
       256          0          0          0          0       3853   diskio.o
       104          8          0         12         12       1877   exfuns.o
      1970         48          0          2         12      16226   ff.o
        60          4          0          0         41       2211   fontupd.o
       846         48         10          1          0       4059   ft5206.o
      2208        268          0          4          0       9291   ftl.o
      1074         82        194          1          0       4354   gt9147.o
      1158         80        206          1          0       4470   gt9271.o
       360         32          0          1          0       1806   key.o
     23904        330      18240          8         90      90784   lcd.o
        76          8          0          0          0        883   led.o
        70          0          0          0          0      13420   lib_mem.o
      1732        158          0          8    2048200      11872   ltdc.o
      5776        752          0         32      18304     563938   main.o
       536         56         36         36   31695616       7003   malloc.o
       144         14          0          0          0       1051   motor_drive.o
       120         56          0          0          0      32171   mpu.o
       120          4          0          0          0        821   mycc936.o
       764         32          0          0          0       4206   myiic.o
      3108        308          0          0        148      16095   nand.o
         2          0         81          0       3936      19177   os_cfg_app.o
      2482        360          0          0          0      15908   os_core.o
       280         14          0          0          0        436   os_cpu_a.o
       716        160          0          4          0      25276   os_cpu_c.o
         2          0          0          0          0        930   os_dbg.o
        24         10          0          0          0       1150   os_flag.o
        24         10          0          0          0        964   os_mem.o
       166         16          0          0          0       2172   os_msg.o
      1066         62          0          0          0       6405   os_mutex.o
       136         20          0          8          0       2842   os_prio.o
        24         10          0          0          0       1287   os_q.o
        24         10          0          0          0       1102   os_sem.o
      1248        204          0          0          0       3835   os_stat.o
      2266        162          0          0          0      11492   os_task.o
      1008         86          0          0          0       4963   os_tick.o
       420         38          0          0          0       2537   os_time.o
       516        134          0          0          0       2438   os_tmr.o
         0          0          0        163       1596      17770   os_var.o
       838         72         10          1          0       3659   ott2001a.o
      1486         50       5347          0          0      10025   ov5640.o
       208         10          0          0          0       1993   pcf8574.o
       356         44          0          0         68       3717   qspi.o
       232         34          0          1        176       2080   rs485.o
       152         40          0          4        228       1527   sai.o
       528         28          0          0          0       4278   sccb.o
       484         46          0          0        696       3811   sdmmc_sdcard.o
       448         40          0          0         52       2952   sdram.o
       104         34        504          0       1536        856   startup_stm32f767xx.o
       128         22          0          4          0       4349   stm32f7xx_hal.o
       310         22          0          0          0      36192   stm32f7xx_hal_cortex.o
       402         12          0          0          0       4502   stm32f7xx_hal_dcmi.o
       638         20          8          0          0       4395   stm32f7xx_hal_dma.o
       124          0          0          0          0       1497   stm32f7xx_hal_dma_ex.o
       588         16          0          0          0       3552   stm32f7xx_hal_gpio.o
       980          6          0          0          0       4333   stm32f7xx_hal_ltdc.o
        82          0          0          0          0       1303   stm32f7xx_hal_nand.o
       124         10          0          0          0       1292   stm32f7xx_hal_pwr_ex.o
      1394          4          0          0          0       6242   stm32f7xx_hal_qspi.o
       648         70          0          0          0       4234   stm32f7xx_hal_rcc.o
      2844         62          0          0          0       3760   stm32f7xx_hal_rcc_ex.o
      4052         12          0          0          0      17557   stm32f7xx_hal_sd.o
       148          0          0          0          0       2612   stm32f7xx_hal_sdram.o
        86          0          0          0          0       1152   stm32f7xx_hal_sram.o
      1908         20          0          0          0      15743   stm32f7xx_hal_tim.o
       464         10          0          0          0       3058   stm32f7xx_hal_tim_ex.o
      2204         40          0          0          0      10795   stm32f7xx_hal_uart.o
        12          0          0          0          0       2727   stm32f7xx_it.o
       750         16          0          0          0       7609   stm32f7xx_ll_fmc.o
       164          0          0          0          0       5954   stm32f7xx_ll_sdmmc.o
       300         26          0          0          0      33889   sys.o
        88         24         24          4          0       1123   system_stm32f7xx.o
       580         14          0          0          0       2837   text.o
       584         78          0          8        176       6150   timer.o
      3572        254        125         76          0      10657   touch.o
        64         10          0          0          0        962   ultrasonic.o
       406         66          0          8        312       5542   usart.o
      2900       1342         40         28         60       7015   usmart.o
         0          0       1019        436          0       1616   usmart_config.o
      1290         18          0          0          0       7411   usmart_str.o
       926         20          0          4       4096       5954   w25qxx.o

    ----------------------------------------------------------------------
     91268       6474      26406        928   33775568    1243529   Object Totals
         0          0         32          0          0          0   (incl. Generated)
        88          4         18         29         21          0   (incl. Padding)

    ----------------------------------------------------------------------

      Code (inc. data)   RO Data    RW Data    ZI Data      Debug   Library Member Name

       838         40          0         16         20      15977   atk_zbar.o
       588         26         47          0          0       6195   bch15_5.o
       552          0          0          0          0       1610   binarize.o
      1676         16        436          8        150      15965   code128.o
       756         20        208          0          0      11441   code39.o
       856         10          0          0          0      19072   decoder.o
      2218         30         52          0          0      18707   ean.o
       894         14          0          0          0      12055   i25.o
       230          0          0          0          0      11156   image.o
      2066         36          0          0          0      25877   img_scanner.o
       952         10          8          0          0       5039   isaac.o
       296          0          0          0          0       8973   qr_finder.o
     21422         74        580          0          0      94503   qrdec.o
         2          0          0          0          0        492   refcnt.o
      2206          0          0          0          0      14609   rs.o
       628          0          0          0          0      11496   scanner.o
       162          0          0          0          0       8778   symbol.o
       292          4          0          0          0       2089   util.o
        24          4          0          0          0         84   __2printf.o
        90          0          0          0          0          0   __dczerorl2.o
         8          0          0          0          0         68   __main.o
       392          4         17          0          0         92   __printf_flags_ss_wp.o
        14          0          0          0          0         68   __printf_wp.o
         0          0          0          0          0          0   __rtentry.o
        12          0          0          0          0          0   __rtentry2.o
         6          0          0          0          0          0   __rtentry4.o
        52          8          0          0          0          0   __scatter.o
        28          0          0          0          0          0   __scatter_zi.o
         6          0          0          0          0          0   _printf_c.o
        44          0          0          0          0        108   _printf_char.o
        48          6          0          0          0         96   _printf_char_common.o
        36          4          0          0          0         80   _printf_char_file.o
         6          0          0          0          0          0   _printf_d.o
       120         16          0          0          0         92   _printf_dec.o
       124          4         40          0          0        144   _printf_hex_int_ptr.o
       178          0          0          0          0         88   _printf_intcommon.o
        10          0          0          0          0          0   _printf_ll.o
         6          0          0          0          0          0   _printf_lld.o
       124         16          0          0          0         92   _printf_longlong_dec.o
        78          0          0          0          0        108   _printf_pad.o
         0          0          0          0          0          0   _printf_percent.o
         4          0          0          0          0          0   _printf_percent_end.o
         6          0          0          0          0          0   _printf_s.o
        82          0          0          0          0         80   _printf_str.o
         6          0          0          0          0          0   _printf_u.o
         6          0          0          0          0          0   _printf_x.o
        22          0          0          0          0        100   _rserrno.o
        12          0          0          0          0         72   exit.o
         8          0          0          0          0         68   ferror.o
         6          0          0          0          0        152   heapauxi.o
         2          0          0          0          0          0   libinit.o
         6          0          0          0          0          0   libinit2.o
         2          0          0          0          0          0   libshutdown.o
         2          0          0          0          0          0   libshutdown2.o
         8          4          0          0         96         68   libspace.o
        72          0          0          0          0         76   llsdiv.o
        38          0          0          0          0         68   llsshr.o
       138          0          0          0          0         80   lludiv10.o
       238          0          0          0          0        100   lludivv7m.o
        88          0          0          0          0         76   memcmp.o
       612          0          0          0          0        136   qsortnoex.o
         8          4          0          0          0         68   rt_errno_addr_intlibspace.o
        68          0          0          0          0         68   rt_memclr.o
        78          0          0          0          0         80   rt_memclr_w.o
       138          0          0          0          0         68   rt_memcpy_v6.o
       100          0          0          0          0         80   rt_memcpy_w.o
       132          0          0          0          0         68   rt_memmove_v6.o
       122          0          0          0          0         80   rt_memmove_w.o
         2          0          0          0          0          0   rtexit.o
        10          0          0          0          0          0   rtexit2.o
       104          0          0          0          0         68   strcmpv7m_pel.o
        72          0          0          0          0         80   strcpy.o
        62          0          0          0          0         76   strlen.o
        74          0          0          0          0         80   sys_stackheap_outer.o
         2          0          0          0          0         68   use_no_semi.o
         2          0          0          0          0         68   use_no_semi_2.o
        10          0          0          0          0        116   fpinit.o
         0          0          0          0          0          0   usenofp.o
       102          0          0          0          0        140   sqrt.o

    ----------------------------------------------------------------------
     40534        350       1388         24        272     287438   Library Totals
        50          0          0          0          6          0   (incl. Padding)

    ----------------------------------------------------------------------

      Code (inc. data)   RO Data    RW Data    ZI Data      Debug   Library Name

     36634        280       1331         24        170     284034   ATK_QR_V1.4.lib
      3738         70         57          0         96       3148   c_w.l
        10          0          0          0          0        116   fz_wv.l
       102          0          0          0          0        140   m_wv.l

    ----------------------------------------------------------------------
     40534        350       1388         24        272     287438   Library Totals

    ----------------------------------------------------------------------

==============================================================================


      Code (inc. data)   RO Data    RW Data    ZI Data      Debug   

    131802       6824      27794        952   33775840    1467051   Grand Totals
    131802       6824      27794        288   33775840    1467051   ELF Image Totals (compressed)
    131802       6824      27794        288          0          0   ROM Totals

==============================================================================

    Total RO  Size (Code + RO Data)               159596 ( 155.86kB)
    Total RW  Size (RW Data + ZI Data)          33776792 (32985.15kB)
    Total ROM Size (Code + RO Data + RW Data)     159884 ( 156.14kB)

==============================================================================

