Component: ARM Compiler 5.05 update 1 (build 106) Tool: armlink [4d0efa]

==============================================================================

Section Cross References

    main.o(i.AGV_guide_task) refers to rs485.o(i.RS485_Receive_Data) for RS485_Receive_Data
    main.o(i.AGV_guide_task) refers to crc.o(i.CRC16) for CRC16
    main.o(i.AGV_guide_task) refers to os_time.o(i.OSTimeDlyHMSM) for OSTimeDlyHMSM
    main.o(i.AGV_guide_task) refers to main.o(.data) for .data
    main.o(i.AGV_guide_task) refers to main.o(.bss) for .bss
    main.o(i.LETS_RUN_task) refers to _printf_percent.o(.ARM.Collect$$_printf_percent$$00000000) for _printf_percent
    main.o(i.LETS_RUN_task) refers to _printf_d.o(.ARM.Collect$$_printf_percent$$00000009) for _printf_d
    main.o(i.LETS_RUN_task) refers to _printf_dec.o(.text) for _printf_int_dec
    main.o(i.LETS_RUN_task) refers to __2printf.o(.text) for __2printf
    main.o(i.LETS_RUN_task) refers to os_time.o(i.OSTimeDlyHMSM) for OSTimeDlyHMSM
    main.o(i.LETS_RUN_task) refers to main.o(.data) for .data
    main.o(i.MUSIC_task) refers to w25qxx.o(i.W25QXX_Init) for W25QXX_Init
    main.o(i.MUSIC_task) refers to wm8978.o(i.WM8978_Init) for WM8978_Init
    main.o(i.MUSIC_task) refers to wm8978.o(i.WM8978_HPvol_Set) for WM8978_HPvol_Set
    main.o(i.MUSIC_task) refers to wm8978.o(i.WM8978_SPKvol_Set) for WM8978_SPKvol_Set
    main.o(i.MUSIC_task) refers to pcf8574.o(i.PCF8574_Init) for PCF8574_Init
    main.o(i.MUSIC_task) refers to audioplay.o(i.audio_play) for audio_play
    main.o(i.MUSIC_task) refers to os_time.o(i.OSTimeDlyHMSM) for OSTimeDlyHMSM
    main.o(i.MUSIC_task) refers to main.o(.data) for .data
    main.o(i.RFID_task) refers to _printf_percent.o(.ARM.Collect$$_printf_percent$$00000000) for _printf_percent
    main.o(i.RFID_task) refers to _printf_x.o(.ARM.Collect$$_printf_percent$$0000000C) for _printf_x
    main.o(i.RFID_task) refers to _printf_hex_int_ll_ptr.o(.text) for _printf_longlong_hex
    main.o(i.RFID_task) refers to _printf_d.o(.ARM.Collect$$_printf_percent$$00000009) for _printf_d
    main.o(i.RFID_task) refers to _printf_dec.o(.text) for _printf_int_dec
    main.o(i.RFID_task) refers to __2printf.o(.text) for __2printf
    main.o(i.RFID_task) refers to os_time.o(i.OSTimeDlyHMSM) for OSTimeDlyHMSM
    main.o(i.RFID_task) refers to main.o(.bss) for .bss
    main.o(i.RFID_task) refers to main.o(.data) for .data
    main.o(i.SELECT_TABLE_task) refers to os_task.o(i.OSTaskResume) for OSTaskResume
    main.o(i.SELECT_TABLE_task) refers to os_time.o(i.OSTimeDlyHMSM) for OSTimeDlyHMSM
    main.o(i.SELECT_TABLE_task) refers to main.o(.bss) for .bss
    main.o(i.WIFI_task) refers to _printf_percent.o(.ARM.Collect$$_printf_percent$$00000000) for _printf_percent
    main.o(i.WIFI_task) refers to _printf_d.o(.ARM.Collect$$_printf_percent$$00000009) for _printf_d
    main.o(i.WIFI_task) refers to _printf_dec.o(.text) for _printf_int_dec
    main.o(i.WIFI_task) refers to malloc.o(i.mymalloc) for mymalloc
    main.o(i.WIFI_task) refers to wifiap.o(i.atk_8266_wifiap_test) for atk_8266_wifiap_test
    main.o(i.WIFI_task) refers to os_time.o(i.OSTimeDlyHMSM) for OSTimeDlyHMSM
    main.o(i.WIFI_task) refers to __2printf.o(.text) for __2printf
    main.o(i.WIFI_task) refers to text.o(i.Show_Str) for Show_Str
    main.o(i.WIFI_task) refers to os_task.o(i.OSTaskResume) for OSTaskResume
    main.o(i.WIFI_task) refers to pcf8574.o(i.PCF8574_WriteBit) for PCF8574_WriteBit
    main.o(i.WIFI_task) refers to common.o(i.atk_8266_consta_check) for atk_8266_consta_check
    main.o(i.WIFI_task) refers to common.o(i.atk_8266_at_response) for atk_8266_at_response
    main.o(i.WIFI_task) refers to usart.o(.data) for USART3_RX_STA
    main.o(i.WIFI_task) refers to common.o(.data) for wifi_flag
    main.o(i.WIFI_task) refers to usart.o(.bss) for USART3_RX_BUF
    main.o(i.WIFI_task) refers to main.o(.data) for .data
    main.o(i.WIFI_task) refers to main.o(.bss) for .bss
    main.o(i.interface_task) refers to _printf_percent.o(.ARM.Collect$$_printf_percent$$00000000) for _printf_percent
    main.o(i.interface_task) refers to _printf_d.o(.ARM.Collect$$_printf_percent$$00000009) for _printf_d
    main.o(i.interface_task) refers to _printf_dec.o(.text) for _printf_int_dec
    main.o(i.interface_task) refers to lcd.o(i.LCD_Clear) for LCD_Clear
    main.o(i.interface_task) refers to lcd.o(i.LCD_DrawRectangle) for LCD_DrawRectangle
    main.o(i.interface_task) refers to lcd.o(i.LCD_ShowString) for LCD_ShowString
    main.o(i.interface_task) refers to lcd.o(i.LCD_ShowNum) for LCD_ShowNum
    main.o(i.interface_task) refers to __2printf.o(.text) for __2printf
    main.o(i.interface_task) refers to lcd.o(i.LCD_Draw_Circle) for LCD_Draw_Circle
    main.o(i.interface_task) refers to os_task.o(i.OSTaskSuspend) for OSTaskSuspend
    main.o(i.interface_task) refers to main.o(.data) for .data
    main.o(i.interface_task) refers to main.o(.bss) for .bss
[...]
    0x080062a0   0x000001b4   Code   RO         3261    i.HAL_SD_ReadBlocks  stm32f7xx_hal_sd.o
    0x08006454   0x0000002c   Code   RO         3264    i.HAL_SD_StopTransfer  stm32f7xx_hal_sd.o
    0x08006480   0x0000013a   Code   RO         3265    i.HAL_SD_WideBusOperation_Config  stm32f7xx_hal_sd.o
    0x080065ba   0x0000020e   Code   RO         3266    i.HAL_SD_WriteBlocks  stm32f7xx_hal_sd.o
    0x080067c8   0x00000056   Code   RO         4172    i.HAL_SRAM_Init     stm32f7xx_hal_sram.o
    0x0800681e   0x00000002   PAD
    0x08006820   0x0000007c   Code   RO         5241    i.HAL_SRAM_MspInit  lcd.o
    0x0800689c   0x00000016   Code   RO          986    i.HAL_SYSTICK_CLKSourceConfig  stm32f7xx_hal_cortex.o
    0x080068b2   0x00000002   PAD
    0x080068b4   0x0000002c   Code   RO          988    i.HAL_SYSTICK_Config  stm32f7xx_hal_cortex.o
    0x080068e0   0x00000002   Code   RO         2730    i.HAL_TIMEx_BreakCallback  stm32f7xx_hal_tim_ex.o
    0x080068e2   0x00000002   Code   RO         2731    i.HAL_TIMEx_CommutationCallback  stm32f7xx_hal_tim_ex.o
    0x080068e4   0x00000032   Code   RO         2128    i.HAL_TIM_Base_Init  stm32f7xx_hal_tim.o
    0x08006916   0x00000002   PAD
    0x08006918   0x0000003c   Code   RO         6982    i.HAL_TIM_Base_MspInit  timer.o
    0x08006954   0x00000018   Code   RO         2133    i.HAL_TIM_Base_Start_IT  stm32f7xx_hal_tim.o
    0x0800696c   0x00000088   Code   RO         6983    i.HAL_TIM_IC_CaptureCallback  timer.o
    0x080069f4   0x00000158   Code   RO         2158    i.HAL_TIM_IC_ConfigChannel  stm32f7xx_hal_tim.o
    0x08006b4c   0x00000036   Code   RO         2161    i.HAL_TIM_IC_Init   stm32f7xx_hal_tim.o
    0x08006b82   0x00000002   PAD
    0x08006b84   0x00000064   Code   RO         6984    i.HAL_TIM_IC_MspInit  timer.o
    0x08006be8   0x0000004e   Code   RO         2166    i.HAL_TIM_IC_Start_IT  stm32f7xx_hal_tim.o
    0x08006c36   0x00000186   Code   RO         2170    i.HAL_TIM_IRQHandler  stm32f7xx_hal_tim.o
    0x08006dbc   0x00000002   Code   RO         2173    i.HAL_TIM_OC_DelayElapsedCallback  stm32f7xx_hal_tim.o
    0x08006dbe   0x00000002   PAD
    0x08006dc0   0x000001cc   Code   RO         2769    i.HAL_TIM_PWM_ConfigChannel  stm32f7xx_hal_tim_ex.o
    0x08006f8c   0x00000036   Code   RO         2197    i.HAL_TIM_PWM_Init  stm32f7xx_hal_tim.o
    0x08006fc2   0x00000002   PAD
    0x08006fc4   0x00000054   Code   RO         6985    i.HAL_TIM_PWM_MspInit  timer.o
    0x08007018   0x00000002   Code   RO         2200    i.HAL_TIM_PWM_PulseFinishedCallback  stm32f7xx_hal_tim.o
    0x0800701a   0x00000038   Code   RO         2201    i.HAL_TIM_PWM_Start  stm32f7xx_hal_tim.o
    0x08007052   0x00000002   PAD
    0x08007054   0x00000030   Code   RO         6986    i.HAL_TIM_PeriodElapsedCallback  timer.o
    0x08007084   0x00000044   Code   RO         2208    i.HAL_TIM_ReadCapturedValue  stm32f7xx_hal_tim.o
    0x080070c8   0x00000002   Code   RO         2211    i.HAL_TIM_TriggerCallback  stm32f7xx_hal_tim.o
    0x080070ca   0x00000002   Code   RO         1659    i.HAL_UART_ErrorCallback  stm32f7xx_hal_uart.o
    0x080070cc   0x0000000c   Code   RO         1661    i.HAL_UART_GetState  stm32f7xx_hal_uart.o
    0x080070d8   0x000001c4   Code   RO         1662    i.HAL_UART_IRQHandler  stm32f7xx_hal_uart.o
    0x0800729c   0x0000006e   Code   RO         1663    i.HAL_UART_Init     stm32f7xx_hal_uart.o
    0x0800730a   0x00000002   PAD
    0x0800730c   0x00000128   Code   RO         4945    i.HAL_UART_MspInit  usart.o
    0x08007434   0x000000f0   Code   RO         1666    i.HAL_UART_Receive  stm32f7xx_hal_uart.o
    0x08007524   0x000000a0   Code   RO         1668    i.HAL_UART_Receive_IT  stm32f7xx_hal_uart.o
    0x080075c4   0x00000058   Code   RO         4946    i.HAL_UART_RxCpltCallback  usart.o
    0x0800761c   0x00000044   Code   RO         1673    i.HAL_UART_Transmit_IT  stm32f7xx_hal_uart.o
    0x08007660   0x00000002   Code   RO         1674    i.HAL_UART_TxCpltCallback  stm32f7xx_hal_uart.o
    0x08007662   0x00000002   Code   RO          575    i.HardFault_Handler  stm32f7xx_it.o
    0x08007664   0x00000050   Code   RO         5147    i.IIC_Init          myiic.o
    0x080076b4   0x000000e8   Code   RO         5149    i.IIC_Read_Byte     myiic.o
    0x0800779c   0x00000078   Code   RO         5150    i.IIC_Send_Byte     myiic.o
    0x08007814   0x00000050   Code   RO         5151    i.IIC_Start         myiic.o
    0x08007864   0x00000050   Code   RO         5152    i.IIC_Stop          myiic.o
    0x080078b4   0x000000ac   Code   RO         5153    i.IIC_Wait_Ack      myiic.o
    0x08007960   0x00000080   Code   RO         5210    i.KEY_Init          key.o
    0x080079e0   0x000000e8   Code   RO         5211    i.KEY_Scan          key.o
    0x08007ac8   0x00000058   Code   RO         5243    i.LCD_Clear         lcd.o
    0x08007b20   0x00000090   Code   RO         5244    i.LCD_Color_Fill    lcd.o
    0x08007bb0   0x00000104   Code   RO         5247    i.LCD_Display_Dir   lcd.o
    0x08007cb4   0x000000d0   Code   RO         5248    i.LCD_DrawLine      lcd.o
    0x08007d84   0x00000038   Code   RO         5249    i.LCD_DrawPoint     lcd.o
    0x08007dbc   0x0000003a   Code   RO         5250    i.LCD_DrawRectangle  lcd.o
    0x08007df6   0x00000002   PAD
    0x08007df8   0x000001e0   Code   RO         5251    i.LCD_Draw_Circle   lcd.o
    0x08007fd8   0x00000260   Code   RO         5252    i.LCD_Fast_DrawPoint  lcd.o
    0x08008238   0x00000078   Code   RO         5253    i.LCD_Fill          lcd.o
    0x080082b0   0x00004a38   Code   RO         5254    i.LCD_Init          lcd.o
    0x0800cce8   0x0000006c   Code   RO         5255    i.LCD_MPU_Config    lcd.o
    0x0800cd54   0x000000d4   Code   RO         5258    i.LCD_ReadPoint     lcd.o
    0x0800ce28   0x000000c0   Code   RO         5260    i.LCD_SSD_BackLightSet  lcd.o
    0x0800cee8   0x0000031c   Code   RO         5261    i.LCD_Scan_Dir      lcd.o
    0x0800d204   0x000002bc   Code   RO         5262    i.LCD_SetCursor     lcd.o
    0x0800d4c0   0x0000011c   Code   RO         5264    i.LCD_ShowChar      lcd.o
    0x0800d5dc   0x000000a4   Code   RO         5265    i.LCD_ShowNum       lcd.o
    0x0800d680   0x00000062   Code   RO         5266    i.LCD_ShowString    lcd.o
    0x0800d6e2   0x00000002   PAD
    0x0800d6e4   0x000000b8   Code   RO         5267    i.LCD_ShowxNum      lcd.o
    0x0800d79c   0x00000014   Code   RO         5271    i.LCD_WriteRAM_Prepare  lcd.o
    0x0800d7b0   0x0000004c   Code   RO         5033    i.LED_Init          led.o
    0x0800d7fc   0x00000060   Code   RO            5    i.LETS_RUN_task     main.o
    0x0800d85c   0x00000020   Code   RO         5462    i.LTDC_Clear        ltdc.o
    0x0800d87c   0x000000bc   Code   RO         5464    i.LTDC_Color_Fill   ltdc.o
    0x0800d938   0x00000028   Code   RO         5465    i.LTDC_Display_Dir  ltdc.o
    0x0800d960   0x00000044   Code   RO         5466    i.LTDC_Draw_Point   ltdc.o
    0x0800d9a4   0x000000b8   Code   RO         5467    i.LTDC_Fill         ltdc.o
    0x0800da5c   0x000001ec   Code   RO         5468    i.LTDC_Init         ltdc.o
    0x0800dc48   0x00000060   Code   RO         5469    i.LTDC_Layer_Parameter_Config  ltdc.o
    0x0800dca8   0x00000034   Code   RO         5470    i.LTDC_Layer_Switch  ltdc.o
    0x0800dcdc   0x00000024   Code   RO         5471    i.LTDC_Layer_Window_Config  ltdc.o
    0x0800dd00   0x000000bc   Code   RO         5472    i.LTDC_PanelID_Read  ltdc.o
    0x0800ddbc   0x00000040   Code   RO         5473    i.LTDC_Read_Point   ltdc.o
    0x0800ddfc   0x0000000c   Code   RO         5474    i.LTDC_Select_Layer  ltdc.o
    0x0800de08   0x000001c4   Code   RO         4327    i.LTDC_SetConfig    stm32f7xx_hal_ltdc.o
    0x0800dfcc   0x00000024   Code   RO         5475    i.LTDC_Switch       ltdc.o
    0x0800dff0   0x00000070   Code   RO            6    i.MUSIC_task        main.o
    0x0800e060   0x00000078   Code   RO         5574    i.MemManage_Handler  mpu.o
    0x0800e0d8   0x00000046   Code   RO         7930    i.Mem_Clr           lib_mem.o
    0x0800e11e   0x00000002   PAD
    0x0800e120   0x000001f0   Code   RO         5714    i.NAND_CopyPageWithWrite  nand.o
    0x0800e310   0x00000080   Code   RO         5715    i.NAND_CopyPageWithoutWrite  nand.o
    0x0800e390   0x0000009c   Code   RO         5717    i.NAND_ECC_Correction  nand.o
    0x0800e42c   0x00000038   Code   RO         5718    i.NAND_ECC_Get_OE   nand.o
    0x0800e464   0x00000054   Code   RO         5719    i.NAND_EraseBlock   nand.o
    0x0800e4b8   0x00000128   Code   RO         5721    i.NAND_Init         nand.o
    0x0800e5e0   0x0000006c   Code   RO         5722    i.NAND_MPU_Config   nand.o
    0x0800e64c   0x000002d8   Code   RO         5725    i.NAND_ReadPage     nand.o
    0x0800e924   0x00000070   Code   RO         5726    i.NAND_ReadPageComp  nand.o
    0x0800e994   0x00000028   Code   RO         5727    i.NAND_ReadSpare    nand.o
    0x0800e9bc   0x00000084   Code   RO         5730    i.NAND_WaitForReady  nand.o
    0x0800ea40   0x0000004c   Code   RO         5731    i.NAND_WaitRB       nand.o
    0x0800ea8c   0x00000184   Code   RO         5732    i.NAND_WritePage    nand.o
    0x0800ec10   0x00000058   Code   RO         5733    i.NAND_WritePageConst  nand.o
    0x0800ec68   0x0000002c   Code   RO         5734    i.NAND_WriteSpare   nand.o
    0x0800ec94   0x00000002   Code   RO          576    i.NMI_Handler       stm32f7xx_it.o
    0x0800ec96   0x00000002   Code   RO         8094    i.OSCfg_Init        os_cfg_app.o
    0x0800ec98   0x00000010   Code   RO         9201    i.OSIdleTaskHook    os_cpu_c.o
    0x0800eca8   0x000001d8   Code   RO         8158    i.OSInit            os_core.o
    0x0800ee80   0x00000024   Code   RO         9202    i.OSInitHook        os_cpu_c.o
    0x0800eea4   0x00000020   Code   RO         8159    i.OSIntEnter        os_core.o
    0x0800eec4   0x00000090   Code   RO         8160    i.OSIntExit         os_core.o
    0x0800ef54   0x0000006c   Code   RO         8513    i.OSMutexCreate     os_mutex.o
    0x0800efc0   0x00000184   Code   RO         8514    i.OSMutexPend       os_mutex.o
    0x0800f144   0x00000168   Code   RO         8515    i.OSMutexPost       os_mutex.o
    0x0800f2ac   0x00000084   Code   RO         8161    i.OSSched           os_core.o
    0x0800f330   0x0000004c   Code   RO         8162    i.OSSchedLock       os_core.o
    0x0800f37c   0x00000064   Code   RO         8163    i.OSSchedUnlock     os_core.o
    0x0800f3e0   0x0000005c   Code   RO         8164    i.OSStart           os_core.o
    0x0800f43c   0x000000f0   Code   RO         8786    i.OSStatReset       os_stat.o
    0x0800f52c   0x000000bc   Code   RO         8787    i.OSStatTaskCPUUsageInit  os_stat.o
    0x0800f5e8   0x00000010   Code   RO         9203    i.OSStatTaskHook    os_cpu_c.o
    0x0800f5f8   0x0000012c   Code   RO         8817    i.OSTaskCreate      os_task.o
    0x0800f724   0x00000010   Code   RO         9204    i.OSTaskCreateHook  os_cpu_c.o
    0x0800f734   0x0000016c   Code   RO         8818    i.OSTaskDel         os_task.o
    0x0800f8a0   0x00000010   Code   RO         9205    i.OSTaskDelHook     os_cpu_c.o
    0x0800f8b0   0x00000026   Code   RO         8826    i.OSTaskResume      os_task.o
    0x0800f8d6   0x00000002   PAD
    0x0800f8d8   0x00000010   Code   RO         9206    i.OSTaskReturnHook  os_cpu_c.o
    0x0800f8e8   0x00000138   Code   RO         8827    i.OSTaskSemPend     os_task.o
    0x0800fa20   0x0000001c   Code   RO         8829    i.OSTaskSemPost     os_task.o
    0x0800fa3c   0x0000009c   Code   RO         8831    i.OSTaskStkChk      os_task.o
    0x0800fad8   0x000001d0   Code   RO         9207    i.OSTaskStkInit     os_cpu_c.o
    0x0800fca8   0x00000018   Code   RO         8832    i.OSTaskSuspend     os_task.o
    0x0800fcc0   0x00000078   Code   RO         9208    i.OSTaskSwHook      os_cpu_c.o
    0x0800fd38   0x00000090   Code   RO         9018    i.OSTimeDly         os_time.o
    0x0800fdc8   0x000000d4   Code   RO         9019    i.OSTimeDlyHMSM     os_time.o
    0x0800fe9c   0x00000040   Code   RO         9022    i.OSTimeTick        os_time.o
    0x0800fedc   0x00000010   Code   RO         9209    i.OSTimeTickHook    os_cpu_c.o
    0x0800feec   0x00000002   Code   RO         8348    i.OS_Dbg_Init       os_dbg.o
    0x0800feee   0x00000002   PAD
    0x0800fef0   0x00000018   Code   RO         8373    i.OS_FlagInit       os_flag.o
    0x0800ff08   0x00000034   Code   RO         8166    i.OS_IdleTask       os_core.o
    0x0800ff3c   0x0000006c   Code   RO         8167    i.OS_IdleTaskInit   os_core.o
    0x0800ffa8   0x00000018   Code   RO         8445    i.OS_MemInit        os_mem.o
    0x0800ffc0   0x0000005c   Code   RO         8477    i.OS_MsgPoolInit    os_msg.o
    0x0801001c   0x0000003c   Code   RO         8478    i.OS_MsgQFreeAll    os_msg.o
    0x08010058   0x0000000e   Code   RO         8480    i.OS_MsgQInit       os_msg.o
    0x08010066   0x00000002   PAD
    0x08010068   0x00000024   Code   RO         8517    i.OS_MutexDbgListAdd  os_mutex.o
    0x0801008c   0x00000070   Code   RO         8520    i.OS_MutexGrpPostAll  os_mutex.o
    0x080100fc   0x00000026   Code   RO         8521    i.OS_MutexGrpPrioFindHighest  os_mutex.o
    0x08010122   0x00000002   PAD
    0x08010124   0x00000018   Code   RO         8523    i.OS_MutexInit      os_mutex.o
    0x0801013c   0x000000c4   Code   RO         8168    i.OS_Pend           os_core.o
    0x08010200   0x0000004c   Code   RO         8172    i.OS_PendDbgNameAdd  os_core.o
    0x0801024c   0x000000ba   Code   RO         8174    i.OS_PendListChangePrio  os_core.o
    0x08010306   0x0000000a   Code   RO         8175    i.OS_PendListInit   os_core.o
    0x08010310   0x00000064   Code   RO         8177    i.OS_PendListInsertPrio  os_core.o
    0x08010374   0x00000072   Code   RO         8178    i.OS_PendListRemove  os_core.o
    0x080103e6   0x00000002   PAD
    0x080103e8   0x00000120   Code   RO         8182    i.OS_Post           os_core.o
    0x08010508   0x00000028   Code   RO         8610    i.OS_PrioGetHighest  os_prio.o
    0x08010530   0x00000018   Code   RO         8611    i.OS_PrioInit       os_prio.o
    0x08010548   0x00000024   Code   RO         8612    i.OS_PrioInsert     os_prio.o
    0x0801056c   0x00000024   Code   RO         8613    i.OS_PrioRemove     os_prio.o
    0x08010590   0x00000018   Code   RO         8656    i.OS_QInit          os_q.o
    0x080105a8   0x00000070   Code   RO         8185    i.OS_RdyListInsert  os_core.o
    0x08010618   0x00000038   Code   RO         8186    i.OS_RdyListInsertHead  os_core.o
    0x08010650   0x00000034   Code   RO         8187    i.OS_RdyListInsertTail  os_core.o
    0x08010684   0x00000054   Code   RO         8189    i.OS_RdyListRemove  os_core.o
    0x080106d8   0x00000018   Code   RO         8725    i.OS_SemInit        os_sem.o
    0x080106f0   0x0000026c   Code   RO         8788    i.OS_StatTask       os_stat.o
    0x0801095c   0x000000c8   Code   RO         8789    i.OS_StatTaskInit   os_stat.o
    0x08010a24   0x000000bc   Code   RO         8833    i.OS_TaskChangePrio  os_task.o
    0x08010ae0   0x00000020   Code   RO         8836    i.OS_TaskInit       os_task.o
    0x08010b00   0x000000c4   Code   RO         8837    i.OS_TaskInitTCB    os_task.o
    0x08010bc4   0x000000c0   Code   RO         8839    i.OS_TaskResume     os_task.o
    0x08010c84   0x00000018   Code   RO         8840    i.OS_TaskReturn     os_task.o
    0x08010c9c   0x000000b8   Code   RO         8841    i.OS_TaskSemPost    os_task.o
    0x08010d54   0x000000e4   Code   RO         8842    i.OS_TaskSuspend    os_task.o
    0x08010e38   0x0000008c   Code   RO         8982    i.OS_TickListInsert  os_tick.o
    0x08010ec4   0x00000084   Code   RO         8983    i.OS_TickListInsertDly  os_tick.o
    0x08010f48   0x00000078   Code   RO         8984    i.OS_TickListRemove  os_tick.o
    0x08010fc0   0x000001a4   Code   RO         8985    i.OS_TickTask       os_tick.o
    0x08011164   0x000000c4   Code   RO         8986    i.OS_TickTaskInit   os_tick.o
    0x08011228   0x0000012c   Code   RO         9063    i.OS_TmrInit        os_tmr.o
    0x08011354   0x000000d8   Code   RO         9064    i.OS_TmrTask        os_tmr.o
    0x0801142c   0x000000f8   Code   RO         6738    i.OTT2001A_Init     ott2001a.o
    0x08011524   0x00000062   Code   RO         6739    i.OTT2001A_RD_Reg   ott2001a.o
    0x08011586   0x00000002   PAD
    0x08011588   0x000001ec   Code   RO         6740    i.OTT2001A_Scan     ott2001a.o
    0x08011774   0x00000058   Code   RO         5923    i.OV5640_Brightness  ov5640.o
    0x080117cc   0x0000007c   Code   RO         5924    i.OV5640_Color_Saturation  ov5640.o
    0x08011848   0x0000006c   Code   RO         5925    i.OV5640_Contrast   ov5640.o
    0x080118b4   0x000000c2   Code   RO         5927    i.OV5640_Focus_Constant  ov5640.o
    0x08011976   0x00000002   PAD
    0x08011978   0x000000e0   Code   RO         5928    i.OV5640_Focus_Init  ov5640.o
    0x08011a58   0x000000e8   Code   RO         5931    i.OV5640_Init       ov5640.o
    0x08011b40   0x00000048   Code   RO         5933    i.OV5640_Light_Mode  ov5640.o
    0x08011b88   0x00000080   Code   RO         5934    i.OV5640_OutSize_Set  ov5640.o
    0x08011c08   0x0000003a   Code   RO         5936    i.OV5640_RD_Reg     ov5640.o
    0x08011c42   0x00000002   PAD
    0x08011c44   0x0000003c   Code   RO         5937    i.OV5640_RGB565_Mode  ov5640.o
    0x08011c80   0x0000007e   Code   RO         5938    i.OV5640_Sharpness  ov5640.o
    0x08011cfe   0x00000044   Code   RO         5941    i.OV5640_WR_Reg     ov5640.o
    0x08011d42   0x00000002   PAD
    0x08011d44   0x0000007c   Code   RO         6123    i.PCF8574_Init      pcf8574.o
    0x08011dc0   0x00000054   Code   RO         6126    i.PCF8574_WriteBit  pcf8574.o
    0x08011e14   0x00000244   Code   RO         3636    i.QSPI_Config       stm32f7xx_hal_qspi.o
    0x08012058   0x00000044   Code   RO         6171    i.QSPI_Init         qspi.o
    0x0801209c   0x00000024   Code   RO         6172    i.QSPI_Receive      qspi.o
    0x080120c0   0x0000003c   Code   RO         6173    i.QSPI_Send_CMD     qspi.o
    0x080120fc   0x00000024   Code   RO         6174    i.QSPI_Transmit     qspi.o
    0x08012120   0x0000005a   Code   RO         3643    i.QSPI_WaitFlagStateUntilTimeout  stm32f7xx_hal_qspi.o
    0x0801217a   0x00000002   PAD
    0x0801217c   0x00000168   Code   RO            7    i.RFID_task         main.o
    0x080122e4   0x000000a4   Code   RO         7080    i.RS485_Init        rs485.o
    0x08012388   0x0000005c   Code   RO         7081    i.RS485_Receive_Data  rs485.o
    0x080123e4   0x0000006c   Code   RO         7188    i.SAIA_Init         sai.o
    0x08012450   0x00000094   Code   RO         7189    i.SAIA_SampleRate_Set  sai.o
    0x080124e4   0x00000104   Code   RO         7190    i.SAIA_TX_DMA_Init  sai.o
    0x080125e8   0x00000044   Code   RO         4596    i.SAI_Disable       stm32f7xx_hal_sai.o
    0x0801262c   0x00000014   Code   RO         7191    i.SAI_Play_Start    sai.o
    0x08012640   0x00000014   Code   RO         7192    i.SAI_Play_Stop     sai.o
    0x08012654   0x0000003c   Code   RO         6064    i.SCCB_Init         sccb.o
    0x08012690   0x0000004c   Code   RO         6065    i.SCCB_No_Ack       sccb.o
    0x080126dc   0x00000068   Code   RO         6066    i.SCCB_RD_Byte      sccb.o
    0x08012744   0x00000040   Code   RO         6067    i.SCCB_Start        sccb.o
    0x08012784   0x0000003c   Code   RO         6068    i.SCCB_Stop         sccb.o
    0x080127c0   0x000000a4   Code   RO         6069    i.SCCB_WR_Byte      sccb.o
    0x08012864   0x00000024   Code   RO         3149    i.SDMMC_DataConfig  stm32f7xx_ll_sdmmc.o
    0x08012888   0x00000006   Code   RO         3150    i.SDMMC_GetCommandResponse  stm32f7xx_ll_sdmmc.o
    0x0801288e   0x00000008   Code   RO         3153    i.SDMMC_GetPowerState  stm32f7xx_ll_sdmmc.o
    0x08012896   0x0000000e   Code   RO         3154    i.SDMMC_GetResponse  stm32f7xx_ll_sdmmc.o
    0x080128a4   0x0000002c   Code   RO         3155    i.SDMMC_Init        stm32f7xx_ll_sdmmc.o
    0x080128d0   0x00000008   Code   RO         3157    i.SDMMC_PowerState_ON  stm32f7xx_ll_sdmmc.o
    0x080128d8   0x00000006   Code   RO         3158    i.SDMMC_ReadFIFO    stm32f7xx_ll_sdmmc.o
    0x080128de   0x00000020   Code   RO         3159    i.SDMMC_SendCommand  stm32f7xx_ll_sdmmc.o
    0x080128fe   0x0000000a   Code   RO         3161    i.SDMMC_WriteFIFO   stm32f7xx_ll_sdmmc.o
    0x08012908   0x000000a0   Code   RO         6283    i.SDRAM_Init        sdram.o
    0x080129a8   0x00000040   Code   RO         6285    i.SDRAM_Send_Cmd    sdram.o
    0x080129e8   0x00000118   Code   RO         3270    i.SD_CmdResp1Error  stm32f7xx_hal_sd.o
    0x08012b00   0x0000012c   Code   RO         3275    i.SD_FindSCR        stm32f7xx_hal_sd.o
    0x08012c2c   0x00000040   Code   RO         6226    i.SD_Init           sdmmc_sdcard.o
    0x08012c6c   0x00000194   Code   RO         3276    i.SD_IsCardProgramming  stm32f7xx_hal_sd.o
    0x08012e00   0x0000008c   Code   RO         6227    i.SD_ReadDisk       sdmmc_sdcard.o
    0x08012e8c   0x0000008c   Code   RO         6228    i.SD_WriteDisk      sdmmc_sdcard.o
    0x08012f18   0x00000024   Code   RO            8    i.SELECT_TABLE_task  main.o
    0x08012f3c   0x00000002   Code   RO          577    i.SVC_Handler       stm32f7xx_it.o
    0x08012f3e   0x00000002   PAD
    0x08012f40   0x00000188   Code   RO        10207    i.Show_Str          text.o
    0x080130c8   0x0000005c   Code   RO        10208    i.Show_Str_Mid      text.o
    0x08013124   0x000000a0   Code   RO         4899    i.Stm32_Clock_Init  sys.o
    0x080131c4   0x00000024   Code   RO         4836    i.SysTick_Handler   delay.o
    0x080131e8   0x00000058   Code   RO          638    i.SystemInit        system_stm32f7xx.o
    0x08013240   0x00000068   Code   RO         6987    i.TIM3_PWM_Init     timer.o
    0x080132a8   0x00000034   Code   RO        10246    i.TIM4_IRQHandler   usmart.o
    0x080132dc   0x0000004c   Code   RO         6988    i.TIM5_CH1_Cap_Init  timer.o
    0x08013328   0x0000000c   Code   RO         6989    i.TIM5_IRQHandler   timer.o
    0x08013334   0x0000002c   Code   RO         6990    i.TIM7_IRQHandler   timer.o
    0x08013360   0x0000002c   Code   RO         6991    i.TIM7_Int_Init     timer.o
    0x0801338c   0x000000c4   Code   RO         2212    i.TIM_Base_SetConfig  stm32f7xx_hal_tim.o
    0x08013450   0x0000001a   Code   RO         2213    i.TIM_CCxChannelCmd  stm32f7xx_hal_tim.o
    0x0801346a   0x00000068   Code   RO         2220    i.TIM_OC1_SetConfig  stm32f7xx_hal_tim.o
    0x080134d2   0x00000070   Code   RO         2221    i.TIM_OC2_SetConfig  stm32f7xx_hal_tim.o
    0x08013542   0x00000070   Code   RO         2222    i.TIM_OC3_SetConfig  stm32f7xx_hal_tim.o
    0x080135b2   0x0000005c   Code   RO         2223    i.TIM_OC4_SetConfig  stm32f7xx_hal_tim.o
    0x0801360e   0x00000002   PAD
    0x08013610   0x0000000c   Code   RO         6992    i.TIM_SetTIM3Compare3  timer.o
    0x0801361c   0x0000000c   Code   RO         6993    i.TIM_SetTIM3Compare4  timer.o
    0x08013628   0x0000008c   Code   RO         2224    i.TIM_TI1_SetConfig  stm32f7xx_hal_tim.o
    0x080136b4   0x00000170   Code   RO         6788    i.TP_Adj_Info_Show  touch.o
    0x08013824   0x00000004   PAD
    0x08013828   0x000006e4   Code   RO         6789    i.TP_Adjust         touch.o
    0x08013f0c   0x00000070   Code   RO         6791    i.TP_Drow_Touch_Point  touch.o
    0x08013f7c   0x00000094   Code   RO         6792    i.TP_Get_Adjdata    touch.o
    0x08014010   0x00000160   Code   RO         6793    i.TP_Init           touch.o
    0x08014170   0x00000100   Code   RO         6794    i.TP_Read_AD        touch.o
    0x08014270   0x00000070   Code   RO         6795    i.TP_Read_XOY       touch.o
    0x080142e0   0x00000094   Code   RO         6797    i.TP_Read_XY2       touch.o
    0x08014374   0x00000078   Code   RO         6798    i.TP_Save_Adjdata   touch.o
    0x080143ec   0x000000c0   Code   RO         6799    i.TP_Scan           touch.o
    0x080144ac   0x000000da   Code   RO         1676    i.UART_AdvFeatureConfig  stm32f7xx_hal_uart.o
    0x08014586   0x00000060   Code   RO         1677    i.UART_CheckIdleState  stm32f7xx_hal_uart.o
    0x080145e6   0x00000014   Code   RO         1678    i.UART_DMAAbortOnError  stm32f7xx_hal_uart.o
    0x080145fa   0x0000007c   Code   RO         1684    i.UART_Receive_IT   stm32f7xx_hal_uart.o
    0x08014676   0x00000002   PAD
    0x08014678   0x0000028c   Code   RO         1685    i.UART_SetConfig    stm32f7xx_hal_uart.o
    0x08014904   0x00000074   Code   RO         1686    i.UART_WaitOnFlagUntilTimeout  stm32f7xx_hal_uart.o
    0x08014978   0x000000d0   Code   RO         4947    i.USART1_IRQHandler  usart.o
    0x08014a48   0x00000044   Code   RO         7084    i.USART2_IRQHandler  rs485.o
    0x08014a8c   0x00000068   Code   RO         4948    i.USART3_IRQHandler  usart.o
    0x08014af4   0x00000002   Code   RO          578    i.UsageFault_Handler  stm32f7xx_it.o
    0x08014af6   0x00000002   PAD
    0x08014af8   0x000000cc   Code   RO         6341    i.W25QXX_Init       w25qxx.o
    0x08014bc4   0x00000032   Code   RO         6344    i.W25QXX_Read       w25qxx.o
    0x08014bf6   0x00000002   PAD
    0x08014bf8   0x00000068   Code   RO         6346    i.W25QXX_ReadSR     w25qxx.o
    0x08014c60   0x0000019c   Code   RO         6348    i.W25QXX_Write      w25qxx.o
    0x08014dfc   0x00000040   Code   RO         6350    i.W25QXX_Write_Enable  w25qxx.o
    0x08014e3c   0x0000005c   Code   RO         6353    i.W25QXX_Write_SR   w25qxx.o
    0x08014e98   0x0000021c   Code   RO            9    i.WIFI_task         main.o
    0x080150b4   0x00000038   Code   RO         7260    i.WM8978_ADDA_Cfg   wm8978.o
    0x080150ec   0x0000002a   Code   RO         7268    i.WM8978_HPvol_Set  wm8978.o
    0x08015116   0x00000012   Code   RO         7269    i.WM8978_I2S_Cfg    wm8978.o
    0x08015128   0x00000078   Code   RO         7270    i.WM8978_Init       wm8978.o
    0x080151a0   0x000000b8   Code   RO         7271    i.WM8978_Input_Cfg  wm8978.o
    0x08015258   0x00000026   Code   RO         7274    i.WM8978_Output_Cfg  wm8978.o
    0x0801527e   0x00000020   Code   RO         7276    i.WM8978_SPKvol_Set  wm8978.o
    0x0801529e   0x00000002   PAD
    0x080152a0   0x0000005c   Code   RO         7277    i.WM8978_Write_Reg  wm8978.o
    0x080152fc   0x00000030   Code   RO        13453    i.__ARM_fpclassify  m_wv.l(fpclassify.o)
    0x0801532c   0x00000004   PAD
    0x08015330   0x000000b0   Code   RO        13205    i.__hardfp_cos      m_wv.l(cos.o)
    0x080153e0   0x000000b0   Code   RO        13217    i.__hardfp_sin      m_wv.l(sin.o)
    0x08015490   0x00000066   Code   RO        13229    i.__hardfp_sqrt     m_wv.l(sqrt.o)
    0x080154f6   0x00000002   PAD
    0x080154f8   0x00000310   Code   RO        13380    i.__ieee754_rem_pio2  m_wv.l(rred.o)
    0x08015808   0x000000e0   Code   RO        13363    i.__kernel_cos      m_wv.l(cos_i.o)
    0x080158e8   0x00000070   Code   RO        13455    i.__kernel_poly     m_wv.l(poly.o)
    0x08015958   0x000000a8   Code   RO        13385    i.__kernel_sin      m_wv.l(sin_i.o)
    0x08015a00   0x00000018   Code   RO        13369    i.__mathlib_dbl_invalid  m_wv.l(dunder.o)
    0x08015a18   0x00000018   Code   RO        13372    i.__mathlib_dbl_underflow  m_wv.l(dunder.o)
    0x08015a30   0x0000000e   Code   RO        13157    i._is_digit         c_w.l(__printf_wp.o)
    0x08015a3e   0x00000002   Code   RO         4949    i._sys_exit         usart.o
    0x08015a40   0x0000017c   Code   RO        11602    i._zbar_decode_code128  ATK_QR_V1.4.lib(code128.o)
    0x08015bbc   0x00000166   Code   RO        12561    i._zbar_decode_code39  ATK_QR_V1.4.lib(code39.o)
    0x08015d22   0x0000009c   Code   RO        12618    i._zbar_decode_ean  ATK_QR_V1.4.lib(ean.o)
    0x08015dbe   0x00000102   Code   RO        12710    i._zbar_decode_i25  ATK_QR_V1.4.lib(i25.o)
    0x08015ec0   0x00000004   Code   RO        11706    i._zbar_decoder_get_qr_finder_line  ATK_QR_V1.4.lib(qr_finder.o)
    0x08015ec4   0x000000de   Code   RO        11707    i._zbar_find_qr     ATK_QR_V1.4.lib(qr_finder.o)
    0x08015fa2   0x0000001e   Code   RO        11256    i._zbar_image_free  ATK_QR_V1.4.lib(image.o)
    0x08015fc0   0x0000002a   Code   RO        11257    i._zbar_image_refcnt  ATK_QR_V1.4.lib(image.o)
    0x08015fea   0x00000040   Code   RO        11435    i._zbar_image_scanner_add_sym  ATK_QR_V1.4.lib(img_scanner.o)
    0x0801602a   0x000000a6   Code   RO        11540    i._zbar_image_scanner_alloc_sym  ATK_QR_V1.4.lib(img_scanner.o)
    0x080160d0   0x0000007c   Code   RO        11436    i._zbar_image_scanner_recycle_syms  ATK_QR_V1.4.lib(img_scanner.o)
    0x0801614c   0x00000034   Code   RO        12193    i._zbar_qr_create   ATK_QR_V1.4.lib(qrdec.o)
    0x08016180   0x00000104   Code   RO        12194    i._zbar_qr_decode   ATK_QR_V1.4.lib(qrdec.o)
    0x08016284   0x00000022   Code   RO        12195    i._zbar_qr_destroy  ATK_QR_V1.4.lib(qrdec.o)
    0x080162a6   0x0000004a   Code   RO        12196    i._zbar_qr_found_line  ATK_QR_V1.4.lib(qrdec.o)
    0x080162f0   0x0000000c   Code   RO        12197    i._zbar_qr_reset    ATK_QR_V1.4.lib(qrdec.o)
    0x080162fc   0x00000002   Code   RO        11913    i._zbar_refcnt_init  ATK_QR_V1.4.lib(refcnt.o)
    0x080162fe   0x00000032   Code   RO        12023    i._zbar_symbol_free  ATK_QR_V1.4.lib(symbol.o)
    0x08016330   0x00000012   Code   RO        12024    i._zbar_symbol_refcnt  ATK_QR_V1.4.lib(symbol.o)
    0x08016342   0x00000022   Code   RO        12025    i._zbar_symbol_set_create  ATK_QR_V1.4.lib(symbol.o)
    0x08016364   0x0000002a   Code   RO        12162    i._zbar_symbol_set_free  ATK_QR_V1.4.lib(symbol.o)
    0x0801638e   0x00000002   PAD
    0x08016390   0x00000034   Code   RO        10929    i.atk_8266_at_response  common.o
    0x080163c4   0x0000002c   Code   RO        10930    i.atk_8266_check_cmd  common.o
    0x080163f0   0x00000044   Code   RO        10931    i.atk_8266_consta_check  common.o
    0x08016434   0x00000050   Code   RO        10934    i.atk_8266_get_wanip  common.o
    0x08016484   0x00000188   Code   RO        10939    i.atk_8266_msg_show  common.o
    0x0801660c   0x00000058   Code   RO        10942    i.atk_8266_quit_trans  common.o
    0x08016664   0x000000a4   Code   RO        10943    i.atk_8266_send_cmd  common.o
    0x08016708   0x0000006c   Code   RO        11078    i.atk_8266_wifiap_test  wifiap.o
    0x08016774   0x0000001c   Code   RO        11128    i.atk_guess_utf8    ATK_QR_V1.4.lib(atk_zbar.o)
    0x08016790   0x00000006   Code   RO         9373    i.atk_qr_convert    atk_qrdecode.o
    0x08016796   0x0000003e   Code   RO        11129    i.atk_qr_count_gbk  ATK_QR_V1.4.lib(atk_zbar.o)
    0x080167d4   0x00000062   Code   RO        11130    i.atk_qr_count_utf8  ATK_QR_V1.4.lib(atk_zbar.o)
    0x08016836   0x00000002   PAD
    0x08016838   0x00000134   Code   RO        11131    i.atk_qr_decode     ATK_QR_V1.4.lib(atk_zbar.o)
    0x0801696c   0x0000003c   Code   RO        11132    i.atk_qr_destroy    ATK_QR_V1.4.lib(atk_zbar.o)
    0x080169a8   0x00000008   Code   RO         9374    i.atk_qr_free       atk_qrdecode.o
    0x080169b0   0x00000078   Code   RO        11133    i.atk_qr_init       ATK_QR_V1.4.lib(atk_zbar.o)
    0x08016a28   0x00000008   Code   RO         9375    i.atk_qr_malloc     atk_qrdecode.o
    0x08016a30   0x00000004   Code   RO         9376    i.atk_qr_memcpy     atk_qrdecode.o
    0x08016a34   0x00000004   Code   RO         9377    i.atk_qr_memset     atk_qrdecode.o
    0x08016a38   0x0000000a   Code   RO         9378    i.atk_qr_realloc    atk_qrdecode.o
    0x08016a42   0x000000a2   Code   RO        11134    i.atk_qr_utf8tounicode  ATK_QR_V1.4.lib(atk_zbar.o)
    0x08016ae4   0x00000158   Code   RO        10441    i.audio_play        audioplay.o
    0x08016c3c   0x00000034   Code   RO        10442    i.audio_play_song   audioplay.o
    0x08016c70   0x00000010   Code   RO        10443    i.audio_start       audioplay.o
    0x08016c80   0x00000010   Code   RO        10444    i.audio_stop        audioplay.o
    0x08016c90   0x00000088   Code   RO        12619    i.aux_end           ATK_QR_V1.4.lib(ean.o)
    0x08016d18   0x0000009c   Code   RO        12620    i.aux_start         ATK_QR_V1.4.lib(ean.o)
    0x08016db4   0x0000007c   Code   RO        12772    i.bch15_5_calc_epos  ATK_QR_V1.4.lib(bch15_5.o)
    0x08016e30   0x00000070   Code   RO        12773    i.bch15_5_calc_omega  ATK_QR_V1.4.lib(bch15_5.o)
    0x08016ea0   0x0000009c   Code   RO        12774    i.bch15_5_calc_syndrome  ATK_QR_V1.4.lib(bch15_5.o)
    0x08016f3c   0x00000050   Code   RO        12775    i.bch15_5_correct   ATK_QR_V1.4.lib(bch15_5.o)
    0x08016f8c   0x00000044   Code   RO        12776    i.bch15_5_encode    ATK_QR_V1.4.lib(bch15_5.o)
    0x08016fd0   0x000000ce   Code   RO        11437    i.cache_sym         ATK_QR_V1.4.lib(img_scanner.o)
    0x0801709e   0x00000036   Code   RO        11928    i.calc_thresh       ATK_QR_V1.4.lib(scanner.o)
    0x080170d4   0x0000007a   Code   RO         9493    i.change_bitmap     ff.o
    0x0801714e   0x00000002   PAD
    0x08017150   0x000000b4   Code   RO         9494    i.check_fs          ff.o
    0x08017204   0x00000036   Code   RO         9495    i.clmt_clust        ff.o
    0x0801723a   0x00000016   Code   RO         9496    i.clust2sect        ff.o
    0x08017250   0x0000000e   Code   RO        11766    i.code128_reset     ATK_QR_V1.4.lib(decoder.o)
    0x0801725e   0x00000032   Code   RO        12562    i.code39_decode1    ATK_QR_V1.4.lib(code39.o)
    0x08017290   0x000000c0   Code   RO        12563    i.code39_decode9    ATK_QR_V1.4.lib(code39.o)
    0x08017350   0x0000008c   Code   RO        12564    i.code39_postprocess  ATK_QR_V1.4.lib(code39.o)
    0x080173dc   0x0000000e   Code   RO        11767    i.code39_reset      ATK_QR_V1.4.lib(decoder.o)
    0x080173ea   0x000001b6   Code   RO         9497    i.create_chain      ff.o
    0x080175a0   0x000000c8   Code   RO        12621    i.decode4           ATK_QR_V1.4.lib(ean.o)
    0x08017668   0x000001fc   Code   RO        11603    i.decode6           ATK_QR_V1.4.lib(code128.o)
    0x08017864   0x0000001c   Code   RO        11604    i.decode_e          ATK_QR_V1.4.lib(code128.o)
    0x08017880   0x0000001c   Code   RO        11708    i.decode_e          ATK_QR_V1.4.lib(qr_finder.o)
    0x0801789c   0x0000001c   Code   RO        12622    i.decode_e          ATK_QR_V1.4.lib(ean.o)
    0x080178b8   0x0000001c   Code   RO        12711    i.decode_e          ATK_QR_V1.4.lib(i25.o)
    0x080178d4   0x000000dc   Code   RO        11605    i.decode_hi         ATK_QR_V1.4.lib(code128.o)
    0x080179b0   0x00000104   Code   RO        12623    i.decode_pass       ATK_QR_V1.4.lib(ean.o)
    0x08017ab4   0x000000b4   Code   RO        11768    i.decoder_set_config_bool  ATK_QR_V1.4.lib(decoder.o)
    0x08017b68   0x0000004c   Code   RO         4837    i.delay_init        delay.o
    0x08017bb4   0x00000078   Code   RO         4838    i.delay_ms          delay.o
    0x08017c2c   0x0000003c   Code   RO         4842    i.delay_us          delay.o
    0x08017c68   0x00000066   Code   RO         9498    i.dir_alloc         ff.o
    0x08017cce   0x00000002   PAD
    0x08017cd0   0x00000264   Code   RO         9499    i.dir_find          ff.o
    0x08017f34   0x0000013a   Code   RO         9500    i.dir_next          ff.o
    0x0801806e   0x00000002   PAD
    0x08018070   0x00000174   Code   RO         9501    i.dir_read          ff.o
    0x080181e4   0x0000042c   Code   RO         9502    i.dir_register      ff.o
    0x08018610   0x000000a8   Code   RO         9504    i.dir_sdi           ff.o
    0x080186b8   0x00000028   Code   RO         9427    i.disk_initialize   diskio.o
    0x080186e0   0x000000ac   Code   RO         9428    i.disk_ioctl        diskio.o
    0x0801878c   0x0000006a   Code   RO         9429    i.disk_read         diskio.o
    0x080187f6   0x00000004   Code   RO         9430    i.disk_status       diskio.o
    0x080187fa   0x0000006a   Code   RO         9431    i.disk_write        diskio.o
    0x08018864   0x000000b4   Code   RO        12624    i.ean_expand_upce   ATK_QR_V1.4.lib(ean.o)
    0x08018918   0x00000012   Code   RO        11769    i.ean_new_scan      ATK_QR_V1.4.lib(decoder.o)
    0x0801892a   0x00000002   PAD
    0x0801892c   0x000000d8   Code   RO        12625    i.ean_part_end7     ATK_QR_V1.4.lib(ean.o)
    0x08018a04   0x00000054   Code   RO        12626    i.ean_verify_checksum  ATK_QR_V1.4.lib(ean.o)
    0x08018a58   0x00000068   Code   RO         9809    i.exfuns_init       exfuns.o
    0x08018ac0   0x00000020   Code   RO         9505    i.f_close           ff.o
    0x08018ae0   0x0000030c   Code   RO         9510    i.f_lseek           ff.o
    0x08018dec   0x00000054   Code   RO         9513    i.f_mount           ff.o
    0x08018e40   0x000002c6   Code   RO         9514    i.f_open            ff.o
    0x08019106   0x000000ee   Code   RO         9515    i.f_opendir         ff.o
    0x080191f4   0x000001de   Code   RO         9519    i.f_read            ff.o
    0x080193d2   0x00000078   Code   RO         9520    i.f_readdir         ff.o
    0x0801944a   0x000001ba   Code   RO         9524    i.f_sync            ff.o
    0x08019604   0x00000094   Code   RO         9810    i.f_typetell        exfuns.o
    0x08019698   0x00000018   Code   RO        13449    i.fabs              m_wv.l(fabs.o)
    0x080196b0   0x00000078   Code   RO        10041    i.ff_convert        mycc936.o
    0x08019728   0x00000008   Code   RO         9432    i.ff_memalloc       diskio.o
    0x08019730   0x00000008   Code   RO         9433    i.ff_memfree        diskio.o
    0x08019738   0x00000028   Code   RO        10042    i.ff_wtoupper       mycc936.o
    0x08019760   0x00000564   Code   RO         9528    i.find_volume       ff.o
    0x08019cc4   0x00000348   Code   RO         9529    i.follow_path       ff.o
    0x0801a00c   0x0000003c   Code   RO        10154    i.font_init         fontupd.o
    0x0801a048   0x00000014   Code   RO         4950    i.fputc             usart.o
    0x0801a05c   0x00000162   Code   RO         9530    i.get_fat           ff.o
    0x0801a1be   0x00000004   Code   RO         9434    i.get_fattime       diskio.o
    0x0801a1c2   0x000001c0   Code   RO         9531    i.get_fileinfo      ff.o
    0x0801a382   0x00000068   Code   RO         9532    i.get_ldnumber      ff.o
    0x0801a3ea   0x00000010   Code   RO        11606    i.get_width         ATK_QR_V1.4.lib(code128.o)
    0x0801a3fa   0x00000010   Code   RO        11709    i.get_width         ATK_QR_V1.4.lib(qr_finder.o)
    0x0801a40a   0x00000010   Code   RO        12565    i.get_width         ATK_QR_V1.4.lib(code39.o)
    0x0801a41a   0x00000010   Code   RO        12627    i.get_width         ATK_QR_V1.4.lib(ean.o)
    0x0801a42a   0x00000010   Code   RO        12712    i.get_width         ATK_QR_V1.4.lib(i25.o)
    0x0801a43a   0x00000002   PAD
    0x0801a43c   0x00000014   Code   RO        12777    i.gf16_hmul         ATK_QR_V1.4.lib(bch15_5.o)
    0x0801a450   0x0000001c   Code   RO        12778    i.gf16_mul          ATK_QR_V1.4.lib(bch15_5.o)
    0x0801a46c   0x0000002a   Code   RO        12713    i.i25_decode1       ATK_QR_V1.4.lib(i25.o)
    0x0801a496   0x00000070   Code   RO        12714    i.i25_decode10      ATK_QR_V1.4.lib(i25.o)
    0x0801a506   0x00000002   PAD
    0x0801a508   0x0000010c   Code   RO        12715    i.i25_decode_end    ATK_QR_V1.4.lib(i25.o)
    0x0801a614   0x000000aa   Code   RO        12716    i.i25_decode_start  ATK_QR_V1.4.lib(i25.o)
    0x0801a6be   0x0000000e   Code   RO        11770    i.i25_reset         ATK_QR_V1.4.lib(decoder.o)
    0x0801a6cc   0x000001d6   Code   RO        12628    i.integrate_partial  ATK_QR_V1.4.lib(ean.o)
    0x0801a8a2   0x00000002   PAD
    0x0801a8a4   0x000002a4   Code   RO           10    i.interface_task    main.o
    0x0801ab48   0x00000128   Code   RO        12851    i.isaac_init        ATK_QR_V1.4.lib(isaac.o)
    0x0801ac70   0x0000008c   Code   RO        12852    i.isaac_mix         ATK_QR_V1.4.lib(isaac.o)
    0x0801acfc   0x00000022   Code   RO        12853    i.isaac_next_uint   ATK_QR_V1.4.lib(isaac.o)
    0x0801ad1e   0x0000001c   Code   RO        12854    i.isaac_next_uint32  ATK_QR_V1.4.lib(isaac.o)
    0x0801ad3a   0x00000002   PAD
    0x0801ad3c   0x000001c6   Code   RO        12855    i.isaac_update      ATK_QR_V1.4.lib(isaac.o)
    0x0801af02   0x00000020   Code   RO         9533    i.ld_clust          ff.o
    0x0801af22   0x00000054   Code   RO         9534    i.ld_qword          ff.o
    0x0801af76   0x00000002   PAD
    0x0801af78   0x000000c8   Code   RO           11    i.lidar_task        main.o
    0x0801b040   0x0000010e   Code   RO         9535    i.load_xdir         ff.o
    0x0801b14e   0x00000002   PAD
    0x0801b150   0x000004b8   Code   RO           12    i.main              main.o
    0x0801b608   0x00000090   Code   RO         7161    i.motor_drive_Init  motor_drive.o
    0x0801b698   0x00000a44   Code   RO           13    i.motor_drive_task  main.o
    0x0801c0dc   0x00000036   Code   RO         9536    i.move_window       ff.o
    0x0801c112   0x00000002   PAD
    0x0801c114   0x0000003c   Code   RO        10073    i.my_mem_init       malloc.o
    0x0801c150   0x00000094   Code   RO        10074    i.my_mem_malloc     malloc.o
    0x0801c1e4   0x00000044   Code   RO        10075    i.my_mem_perused    malloc.o
    0x0801c228   0x00000070   Code   RO        10076    i.myfree            malloc.o
    0x0801c298   0x00000024   Code   RO        10077    i.mymalloc          malloc.o
    0x0801c2bc   0x00000014   Code   RO        10078    i.mymemcpy          malloc.o
    0x0801c2d0   0x00000010   Code   RO        10079    i.mymemset          malloc.o
    0x0801c2e0   0x0000004c   Code   RO        10080    i.myrealloc         malloc.o
    0x0801c32c   0x000000bc   Code   RO           14    i.ov5640_task       main.o
    0x0801c3e8   0x0000001a   Code   RO        11710    i.pair_width        ATK_QR_V1.4.lib(qr_finder.o)
    0x0801c402   0x00000002   PAD
    0x0801c404   0x0000013c   Code   RO        11607    i.postprocess       ATK_QR_V1.4.lib(code128.o)
    0x0801c540   0x0000013c   Code   RO        12629    i.postprocess       ATK_QR_V1.4.lib(ean.o)
    0x0801c67c   0x00000096   Code   RO        11608    i.postprocess_c     ATK_QR_V1.4.lib(code128.o)
    0x0801c712   0x00000028   Code   RO        11929    i.process_edge      ATK_QR_V1.4.lib(scanner.o)
    0x0801c73a   0x0000011a   Code   RO         9537    i.put_fat           ff.o
    0x0801c854   0x0000009c   Code   RO        12198    i.qr_aff_init       ATK_QR_V1.4.lib(qrdec.o)
    0x0801c8f0   0x000000c6   Code   RO        12199    i.qr_aff_line_step  ATK_QR_V1.4.lib(qrdec.o)
    0x0801c9b6   0x00000040   Code   RO        12200    i.qr_aff_project    ATK_QR_V1.4.lib(qrdec.o)
    0x0801c9f6   0x0000002c   Code   RO        12201    i.qr_aff_unproject  ATK_QR_V1.4.lib(qrdec.o)
    0x0801ca22   0x00000062   Code   RO        12202    i.qr_alignment_pattern_fetch  ATK_QR_V1.4.lib(qrdec.o)
    0x0801ca84   0x00000450   Code   RO        12203    i.qr_alignment_pattern_search  ATK_QR_V1.4.lib(qrdec.o)
    0x0801ced4   0x00000228   Code   RO        12820    i.qr_binarize       ATK_QR_V1.4.lib(binarize.o)
    0x0801d0fc   0x0000004a   Code   RO        12204    i.qr_cmp_edge_pt    ATK_QR_V1.4.lib(qrdec.o)
    0x0801d146   0x00000002   PAD
    0x0801d148   0x00000038   Code   RO        12205    i.qr_code_data_clear  ATK_QR_V1.4.lib(qrdec.o)
    0x0801d180   0x0000002c   Code   RO        12206    i.qr_code_data_list_clear  ATK_QR_V1.4.lib(qrdec.o)
    0x0801d1ac   0x0000000a   Code   RO        12207    i.qr_code_data_list_init  ATK_QR_V1.4.lib(qrdec.o)
    0x0801d1b6   0x00000002   PAD
    0x0801d1b8   0x000003b0   Code   RO        12208    i.qr_code_data_parse  ATK_QR_V1.4.lib(qrdec.o)
    0x0801d568   0x000001d4   Code   RO        12209    i.qr_code_decode    ATK_QR_V1.4.lib(qrdec.o)
    0x0801d73c   0x0000020c   Code   RO        12210    i.qr_data_mask_fill  ATK_QR_V1.4.lib(qrdec.o)
    0x0801d948   0x00000078   Code   RO           15    i.qr_dcmi_rx_callback  main.o
    0x0801d9c0   0x00000210   Code   RO           16    i.qr_decode         main.o
    0x0801dbd0   0x00000076   Code   RO        12211    i.qr_finder_center_cmp  ATK_QR_V1.4.lib(qrdec.o)
    0x0801dc46   0x00000002   PAD
    0x0801dc48   0x000000ec   Code   RO        12212    i.qr_finder_centers_locate  ATK_QR_V1.4.lib(qrdec.o)
    0x0801dd34   0x000001b4   Code   RO        12213    i.qr_finder_cluster_lines  ATK_QR_V1.4.lib(qrdec.o)
    0x0801dee8   0x000000d0   Code   RO        12214    i.qr_finder_edge_pts_aff_classify  ATK_QR_V1.4.lib(qrdec.o)
    0x0801dfb8   0x0000008c   Code   RO        12215    i.qr_finder_edge_pts_fill  ATK_QR_V1.4.lib(qrdec.o)
    0x0801e044   0x000000e8   Code   RO        12216    i.qr_finder_edge_pts_hom_classify  ATK_QR_V1.4.lib(qrdec.o)
    0x0801e12c   0x00000166   Code   RO        12217    i.qr_finder_estimate_module_size_and_version  ATK_QR_V1.4.lib(qrdec.o)
    0x0801e292   0x00000002   PAD
    0x0801e294   0x00000230   Code   RO        12218    i.qr_finder_find_crossings  ATK_QR_V1.4.lib(qrdec.o)
    0x0801e4c4   0x000002fe   Code   RO        12219    i.qr_finder_fmt_info_decode  ATK_QR_V1.4.lib(qrdec.o)
    0x0801e7c2   0x0000002a   Code   RO        12220    i.qr_finder_lines_are_crossing  ATK_QR_V1.4.lib(qrdec.o)
    0x0801e7ec   0x00000158   Code   RO        12221    i.qr_finder_locate_crossing  ATK_QR_V1.4.lib(qrdec.o)
    0x0801e944   0x00000084   Code   RO        12222    i.qr_finder_quick_crossing_check  ATK_QR_V1.4.lib(qrdec.o)
    0x0801e9c8   0x00000194   Code   RO        12223    i.qr_finder_ransac  ATK_QR_V1.4.lib(qrdec.o)
    0x0801eb5c   0x00000164   Code   RO        12224    i.qr_finder_version_decode  ATK_QR_V1.4.lib(qrdec.o)
    0x0801ecc0   0x00000018   Code   RO        12226    i.qr_hamming_dist   ATK_QR_V1.4.lib(qrdec.o)
    0x0801ecd8   0x0000008c   Code   RO        11438    i.qr_handler        ATK_QR_V1.4.lib(img_scanner.o)
    0x0801ed64   0x00000060   Code   RO        12227    i.qr_hom_cell_fproject  ATK_QR_V1.4.lib(qrdec.o)
    0x0801edc4   0x0000080c   Code   RO        12228    i.qr_hom_cell_init  ATK_QR_V1.4.lib(qrdec.o)
    0x0801f5d0   0x00000048   Code   RO        12229    i.qr_hom_cell_project  ATK_QR_V1.4.lib(qrdec.o)
    0x0801f618   0x00000ae6   Code   RO        12230    i.qr_hom_fit        ATK_QR_V1.4.lib(qrdec.o)
    0x080200fe   0x00000060   Code   RO        12231    i.qr_hom_fproject   ATK_QR_V1.4.lib(qrdec.o)
    0x0802015e   0x00000784   Code   RO        12232    i.qr_hom_init       ATK_QR_V1.4.lib(qrdec.o)
    0x080208e2   0x00000098   Code   RO        12233    i.qr_hom_unproject  ATK_QR_V1.4.lib(qrdec.o)
    0x0802097a   0x00000002   PAD
    0x0802097c   0x000000b4   Code   RO        12993    i.qr_ihypot         ATK_QR_V1.4.lib(util.o)
    0x08020a30   0x00000046   Code   RO        12994    i.qr_ilog           ATK_QR_V1.4.lib(util.o)
    0x08020a76   0x000000a4   Code   RO        12234    i.qr_img_get_bit    ATK_QR_V1.4.lib(qrdec.o)
    0x08020b1a   0x00000002   PAD
    0x08020b1c   0x0000002a   Code   RO        12995    i.qr_isqrt          ATK_QR_V1.4.lib(util.o)
    0x08020b46   0x00000010   Code   RO        12235    i.qr_line_eval      ATK_QR_V1.4.lib(qrdec.o)
    0x08020b56   0x00000132   Code   RO        12236    i.qr_line_fit       ATK_QR_V1.4.lib(qrdec.o)
    0x08020c88   0x00000066   Code   RO        12237    i.qr_line_fit_finder_edge  ATK_QR_V1.4.lib(qrdec.o)
    0x08020cee   0x00000002   PAD
    0x08020cf0   0x0000012c   Code   RO        12238    i.qr_line_fit_finder_pair  ATK_QR_V1.4.lib(qrdec.o)
    0x08020e1c   0x00000250   Code   RO        12239    i.qr_line_fit_points  ATK_QR_V1.4.lib(qrdec.o)
    0x0802106c   0x00000020   Code   RO        12240    i.qr_line_orient    ATK_QR_V1.4.lib(qrdec.o)
    0x0802108c   0x0000000e   Code   RO        12241    i.qr_pack_buf_avail  ATK_QR_V1.4.lib(qrdec.o)
    0x0802109a   0x00000068   Code   RO        12242    i.qr_pack_buf_read  ATK_QR_V1.4.lib(qrdec.o)
    0x08021102   0x0000001e   Code   RO        12243    i.qr_point_ccw      ATK_QR_V1.4.lib(qrdec.o)
    0x08021120   0x00000014   Code   RO        12244    i.qr_point_distance2  ATK_QR_V1.4.lib(qrdec.o)
    0x08021134   0x0000000e   Code   RO        12245    i.qr_point_translate  ATK_QR_V1.4.lib(qrdec.o)
    0x08021142   0x00000002   PAD
    0x08021144   0x00000212   Code   RO        12246    i.qr_reader_match_centers  ATK_QR_V1.4.lib(qrdec.o)
    0x08021356   0x00000002   PAD
    0x08021358   0x000002f8   Code   RO        12247    i.qr_reader_try_configuration  ATK_QR_V1.4.lib(qrdec.o)
    0x08021650   0x000001ac   Code   RO        12248    i.qr_samples_unpack  ATK_QR_V1.4.lib(qrdec.o)
    0x080217fc   0x00000054   Code   RO        12249    i.qr_sampling_grid_fp_mask_rect  ATK_QR_V1.4.lib(qrdec.o)
    0x08021850   0x00000720   Code   RO        12250    i.qr_sampling_grid_init  ATK_QR_V1.4.lib(qrdec.o)
    0x08021f70   0x00000154   Code   RO        12251    i.qr_sampling_grid_sample  ATK_QR_V1.4.lib(qrdec.o)
    0x080220c4   0x0000001a   Code   RO        11439    i.quiet_border      ATK_QR_V1.4.lib(img_scanner.o)
    0x080220de   0x00000004   Code   RO        10248    i.read_addr         usmart.o
    0x080220e2   0x00000020   Code   RO        11440    i.recycle_syms      ATK_QR_V1.4.lib(img_scanner.o)
    0x08022102   0x00000168   Code   RO         9539    i.remove_chain      ff.o
    0x0802226a   0x00000190   Code   RO        12905    i.rs_correct        ATK_QR_V1.4.lib(rs.o)
    0x080223fa   0x00000118   Code   RO        12906    i.rs_cubic_solve    ATK_QR_V1.4.lib(rs.o)
    0x08022512   0x00000002   PAD
    0x08022514   0x000000a4   Code   RO        12908    i.rs_find_roots     ATK_QR_V1.4.lib(rs.o)
    0x080225b8   0x00000014   Code   RO        12909    i.rs_gdiv           ATK_QR_V1.4.lib(rs.o)
    0x080225cc   0x00000038   Code   RO        12910    i.rs_gf256_init     ATK_QR_V1.4.lib(rs.o)
    0x08022604   0x00000016   Code   RO        12911    i.rs_gmul           ATK_QR_V1.4.lib(rs.o)
    0x0802261a   0x0000001c   Code   RO        12912    i.rs_gsqrt          ATK_QR_V1.4.lib(rs.o)
    0x08022636   0x00000012   Code   RO        12913    i.rs_hgmul          ATK_QR_V1.4.lib(rs.o)
    0x08022648   0x0000018c   Code   RO        12914    i.rs_modified_berlekamp_massey  ATK_QR_V1.4.lib(rs.o)
    0x080227d4   0x00000004   Code   RO        12915    i.rs_poly_zero      ATK_QR_V1.4.lib(rs.o)
    0x080227d8   0x000001d8   Code   RO        12916    i.rs_quadratic_solve  ATK_QR_V1.4.lib(rs.o)
    0x080229b0   0x0000015a   Code   RO        12917    i.rs_quartic_solve  ATK_QR_V1.4.lib(rs.o)
    0x08022b0a   0x00000002   PAD
    0x08022b0c   0x000002b0   Code   RO           18    i.runing_task       main.o
    0x08022dbc   0x0000003a   Code   RO        11609    i.size_buf          ATK_QR_V1.4.lib(code128.o)
    0x08022df6   0x00000018   Code   RO         9540    i.st_clust          ff.o
    0x08022e0e   0x00000012   Code   RO         9541    i.st_dword          ff.o
    0x08022e20   0x0000004a   Code   RO         9542    i.st_qword          ff.o
    0x08022e6a   0x00000002   PAD
    0x08022e6c   0x00000320   Code   RO           19    i.start_task        main.o
    0x0802318c   0x0000009c   Code   RO         9543    i.store_xdir        ff.o
    0x08023228   0x0000003a   Code   RO        11441    i.sym_add_point     ATK_QR_V1.4.lib(img_scanner.o)
    0x08023262   0x000000e4   Code   RO        11442    i.symbol_handler    ATK_QR_V1.4.lib(img_scanner.o)
    0x08023346   0x00000002   PAD
    0x08023348   0x00000090   Code   RO         9544    i.sync_fs           ff.o
    0x080233d8   0x00000054   Code   RO         9545    i.sync_window       ff.o
    0x0802342c   0x00000038   Code   RO         4952    i.uart_init         usart.o
    0x08023464   0x00000040   Code   RO         6958    i.ultrasonic_init   ultrasonic.o
    0x080234a4   0x000001d8   Code   RO           20    i.ultrasonic_task   main.o
    0x0802367c   0x00000024   Code   RO         4953    i.usart3_init       usart.o
    0x080236a0   0x000000b0   Code   RO        10249    i.usmart_cmd_rec    usmart.o
    0x08023750   0x000002b8   Code   RO        10250    i.usmart_exe        usmart.o
    0x08023a08   0x000000ae   Code   RO        10359    i.usmart_get_aparm  usmart_str.o
    0x08023ab6   0x00000046   Code   RO        10360    i.usmart_get_cmdname  usmart_str.o
    0x08023afc   0x000001b0   Code   RO        10361    i.usmart_get_fname  usmart_str.o
    0x08023cac   0x0000012c   Code   RO        10362    i.usmart_get_fparam  usmart_str.o
    0x08023dd8   0x00000028   Code   RO        10363    i.usmart_get_parmpos  usmart_str.o
    0x08023e00   0x0000006c   Code   RO        10252    i.usmart_init       usmart.o
    0x08023e6c   0x000000ac   Code   RO        10254    i.usmart_scan       usmart.o
    0x08023f18   0x000000f8   Code   RO        10366    i.usmart_str2num    usmart_str.o
    0x08024010   0x0000001a   Code   RO        10367    i.usmart_strcmp     usmart_str.o
    0x0802402a   0x00000002   PAD
    0x0802402c   0x00000698   Code   RO        10255    i.usmart_sys_cmd_exe  usmart.o
    0x080246c4   0x00000036   Code   RO         9546    i.validate          ff.o
    0x080246fa   0x00000002   PAD
    0x080246fc   0x00000084   Code   RO        10508    i.wav_buffill       wavplay.o
    0x08024780   0x000001dc   Code   RO        10509    i.wav_decode_init   wavplay.o
    0x0802495c   0x00000200   Code   RO        10511    i.wav_play_song     wavplay.o
    0x08024b5c   0x00000064   Code   RO        10512    i.wav_sai_dma_tx_callback  wavplay.o
    0x08024bc0   0x00000004   Code   RO        10256    i.write_addr        usmart.o
    0x08024bc4   0x00000094   Code   RO        11771    i.zbar_decode_width  ATK_QR_V1.4.lib(decoder.o)
    0x08024c58   0x00000068   Code   RO        11772    i.zbar_decoder_create  ATK_QR_V1.4.lib(decoder.o)
    0x08024cc0   0x00000016   Code   RO        11773    i.zbar_decoder_destroy  ATK_QR_V1.4.lib(decoder.o)
    0x08024cd6   0x00000004   Code   RO        11775    i.zbar_decoder_get_data  ATK_QR_V1.4.lib(decoder.o)
    0x08024cda   0x00000004   Code   RO        11776    i.zbar_decoder_get_data_length  ATK_QR_V1.4.lib(decoder.o)
    0x08024cde   0x00000006   Code   RO        11777    i.zbar_decoder_get_type  ATK_QR_V1.4.lib(decoder.o)
    0x08024ce4   0x00000004   Code   RO        11778    i.zbar_decoder_get_userdata  ATK_QR_V1.4.lib(decoder.o)
    0x08024ce8   0x0000003c   Code   RO        11779    i.zbar_decoder_new_scan  ATK_QR_V1.4.lib(decoder.o)
    0x08024d24   0x0000003c   Code   RO        11780    i.zbar_decoder_reset  ATK_QR_V1.4.lib(decoder.o)
    0x08024d60   0x000000c0   Code   RO        11781    i.zbar_decoder_set_config  ATK_QR_V1.4.lib(decoder.o)
    0x08024e20   0x00000008   Code   RO        11782    i.zbar_decoder_set_handler  ATK_QR_V1.4.lib(decoder.o)
    0x08024e28   0x00000004   Code   RO        11783    i.zbar_decoder_set_userdata  ATK_QR_V1.4.lib(decoder.o)
    0x08024e2c   0x0000002e   Code   RO        11259    i.zbar_image_create  ATK_QR_V1.4.lib(image.o)
    0x08024e5a   0x00000002   PAD
    0x08024e5c   0x0000004c   Code   RO        11398    i.zbar_image_free_data  ATK_QR_V1.4.lib(image.o)
    0x08024ea8   0x00000064   Code   RO        11443    i.zbar_image_scanner_create  ATK_QR_V1.4.lib(img_scanner.o)
    0x08024f0c   0x00000062   Code   RO        11444    i.zbar_image_scanner_destroy  ATK_QR_V1.4.lib(img_scanner.o)
    0x08024f6e   0x00000044   Code   RO        11534    i.zbar_image_scanner_recycle_image  ATK_QR_V1.4.lib(img_scanner.o)
    0x08024fb2   0x0000004c   Code   RO        11447    i.zbar_image_scanner_set_config  ATK_QR_V1.4.lib(img_scanner.o)
    0x08024ffe   0x0000001a   Code   RO        11271    i.zbar_image_set_data  ATK_QR_V1.4.lib(image.o)
    0x08025018   0x00000004   Code   RO        11272    i.zbar_image_set_format  ATK_QR_V1.4.lib(image.o)
    0x0802501c   0x00000006   Code   RO        11274    i.zbar_image_set_size  ATK_QR_V1.4.lib(image.o)
    0x08025022   0x00000002   PAD
    0x08025024   0x000002a8   Code   RO        11449    i.zbar_scan_image   ATK_QR_V1.4.lib(img_scanner.o)
    0x080252cc   0x0000013a   Code   RO        11930    i.zbar_scan_y       ATK_QR_V1.4.lib(scanner.o)
    0x08025406   0x00000022   Code   RO        11931    i.zbar_scanner_create  ATK_QR_V1.4.lib(scanner.o)
    0x08025428   0x00000004   Code   RO        11932    i.zbar_scanner_destroy  ATK_QR_V1.4.lib(scanner.o)
    0x0802542c   0x00000046   Code   RO        12003    i.zbar_scanner_flush  ATK_QR_V1.4.lib(scanner.o)
    0x08025472   0x00000020   Code   RO        11934    i.zbar_scanner_get_edge  ATK_QR_V1.4.lib(scanner.o)
    0x08025492   0x00000004   Code   RO        11936    i.zbar_scanner_get_width  ATK_QR_V1.4.lib(scanner.o)
    0x08025496   0x0000002a   Code   RO        11937    i.zbar_scanner_new_scan  ATK_QR_V1.4.lib(scanner.o)
    0x080254c0   0x00000022   Code   RO        11938    i.zbar_scanner_reset  ATK_QR_V1.4.lib(scanner.o)
    0x080254e2   0x00000012   Code   RO        12042    i.zbar_symbol_set_ref  ATK_QR_V1.4.lib(symbol.o)
    0x080254f4   0x0000000a   Code   RO        13445    x$fpl$fpinit        fz_wv.l(fpinit.o)
    0x080254fe   0x00000000   Code   RO        13362    x$fpl$usenofp       fz_wv.l(usenofp.o)
    0x080254fe   0x00000010   Data   RO          639    .constdata          system_stm32f7xx.o
    0x0802550e   0x00000008   Data   RO          640    .constdata          system_stm32f7xx.o
    0x08025516   0x00000008   Data   RO         1104    .constdata          stm32f7xx_hal_dma.o
    0x0802551e   0x00004740   Data   RO         5275    .constdata          lcd.o
    0x08029c5e   0x000014e3   Data   RO         5942    .constdata          ov5640.o
    0x0802b141   0x00000001   PAD
    0x0802b142   0x0000000a   Data   RO         6595    .constdata          ft5206.o
    0x0802b14c   0x000000c2   Data   RO         6641    .constdata          gt9147.o
    0x0802b20e   0x000000ce   Data   RO         6693    .constdata          gt9271.o
    0x0802b2dc   0x0000000a   Data   RO         6743    .constdata          ott2001a.o
    0x0802b2e6   0x00000002   PAD
    0x0802b2e8   0x00000004   Data   RO         6801    .constdata          touch.o
    0x0802b2ec   0x00000200   Data   RO         7136    .constdata          crc.o
    0x0802b4ec   0x0000006e   Data   RO         7194    .constdata          sai.o
    0x0802b55a   0x00000002   PAD
    0x0802b55c   0x00000004   Data   RO         8101    .constdata          os_cfg_app.o
    0x0802b560   0x00000004   Data   RO         8102    .constdata          os_cfg_app.o
    0x0802b564   0x00000004   Data   RO         8103    .constdata          os_cfg_app.o
    0x0802b568   0x00000004   Data   RO         8112    .constdata          os_cfg_app.o
    0x0802b56c   0x00000004   Data   RO         8113    .constdata          os_cfg_app.o
    0x0802b570   0x00000002   Data   RO         8115    .constdata          os_cfg_app.o
    0x0802b572   0x00000002   PAD
    0x0802b574   0x00000004   Data   RO         8117    .constdata          os_cfg_app.o
    0x0802b578   0x00000001   Data   RO         8118    .constdata          os_cfg_app.o
    0x0802b579   0x00000003   PAD
    0x0802b57c   0x00000004   Data   RO         8119    .constdata          os_cfg_app.o
    0x0802b580   0x00000004   Data   RO         8120    .constdata          os_cfg_app.o
    0x0802b584   0x00000004   Data   RO         8121    .constdata          os_cfg_app.o
    0x0802b588   0x00000004   Data   RO         8122    .constdata          os_cfg_app.o
    0x0802b58c   0x00000004   Data   RO         8124    .constdata          os_cfg_app.o
    0x0802b590   0x00000004   Data   RO         8125    .constdata          os_cfg_app.o
    0x0802b594   0x00000001   Data   RO         8126    .constdata          os_cfg_app.o
    0x0802b595   0x00000003   PAD
    0x0802b598   0x00000004   Data   RO         8127    .constdata          os_cfg_app.o
    0x0802b59c   0x00000004   Data   RO         8128    .constdata          os_cfg_app.o
    0x0802b5a0   0x00000004   Data   RO         8129    .constdata          os_cfg_app.o
    0x0802b5a4   0x00000001   Data   RO         8131    .constdata          os_cfg_app.o
    0x0802b5a5   0x00000003   PAD
    0x0802b5a8   0x00000004   Data   RO         8132    .constdata          os_cfg_app.o
    0x0802b5ac   0x00000004   Data   RO         8133    .constdata          os_cfg_app.o
    0x0802b5b0   0x00000004   Data   RO         8134    .constdata          os_cfg_app.o
    0x0802b5b4   0x00000004   Data   RO         8135    .constdata          os_cfg_app.o
    0x0802b5b8   0x0000004a   Data   RO         9548    .constdata          ff.o
    0x0802b602   0x00000002   PAD
    0x0802b604   0x00000070   Data   RO         9814    .constdata          exfuns.o
    0x0802b674   0x000003c0   Data   RO        10043    .constdata          mycc936.o
    0x0802ba34   0x00000024   Data   RO        10087    .constdata          malloc.o
    0x0802ba58   0x000001b4   Data   RO        11611    .constdata          ATK_QR_V1.4.lib(code128.o)
    0x0802bc0c   0x00000244   Data   RO        12252    .constdata          ATK_QR_V1.4.lib(qrdec.o)
    0x0802be50   0x000000d0   Data   RO        12566    .constdata          ATK_QR_V1.4.lib(code39.o)
    0x0802bf20   0x00000034   Data   RO        12630    .constdata          ATK_QR_V1.4.lib(ean.o)
    0x0802bf54   0x0000002f   Data   RO        12779    .constdata          ATK_QR_V1.4.lib(bch15_5.o)
    0x0802bf83   0x00000008   Data   RO        12856    .constdata          ATK_QR_V1.4.lib(isaac.o)
    0x0802bf8b   0x00000028   Data   RO        13145    .constdata          c_w.l(_printf_hex_int_ll_ptr.o)
    0x0802bfb3   0x00000011   Data   RO        13165    .constdata          c_w.l(__printf_flags_ss_wp.o)
    0x0802bfc4   0x00000004   PAD
    0x0802bfc8   0x00000030   Data   RO        13364    .constdata          m_wv.l(cos_i.o)
    0x0802bff8   0x000000c8   Data   RO        13382    .constdata          m_wv.l(rred.o)
    0x0802c0c0   0x00000028   Data   RO        13386    .constdata          m_wv.l(sin_i.o)
    0x0802c0e8   0x00000079   Data   RO         6802    .conststring        touch.o
    0x0802c161   0x00000003   PAD
    0x0802c164   0x00000048   Data   RO         9815    .conststring        exfuns.o
    0x0802c1ac   0x00000028   Data   RO        10258    .conststring        usmart.o
    0x0802c1d4   0x000003fb   Data   RO        10333    .conststring        usmart_config.o
    0x0802c5cf   0x00000001   PAD
    0x0802c5d0   0x00000071   Data   RO        10947    .conststring        common.o
    0x0802c641   0x00000003   PAD
    0x0802c644   0x00000020   Data   RO        13579    Region$$Table       anon$$obj.o


    Execution Region RW_IRAM1 (Base: 0x20020000, Size: 0x00033ec8, Max: 0x00060000, ABSOLUTE, COMPRESSED[0x00000194])

    Base Addr    Size         Type   Attr      Idx    E Section Name        Object

    0x20020000   0x0000002c   Data   RW           22    .data               main.o
    0x2002002c   0x00000001   Data   RW           24    .data               main.o
    0x2002002d   0x00000001   PAD
    0x2002002e   0x00000002   Data   RW           25    .data               main.o
    0x20020030   0x00000004   Data   RW          641    .data               system_stm32f7xx.o
    0x20020034   0x00000004   Data   RW          828    .data               stm32f7xx_hal.o
    0x20020038   0x00000008   Data   RW         4843    .data               delay.o
    0x20020040   0x00000006   Data   RW         4955    .data               usart.o
    0x20020046   0x00000002   PAD
    0x20020048   0x00000004   Data   RW         4956    .data               usart.o
    0x2002004c   0x00000008   Data   RW         5068    .data               dcmi.o
    0x20020054   0x00000001   Data   RW         5212    .data               key.o
    0x20020055   0x00000003   PAD
    0x20020058   0x00000008   Data   RW         5276    .data               lcd.o
    0x20020060   0x00000008   Data   RW         5479    .data               ltdc.o
    0x20020068   0x00000004   Data   RW         5626    .data               ftl.o
    0x2002006c   0x00000004   Data   RW         6355    .data               w25qxx.o
    0x20020070   0x00000010   Data   RW         6458    .data               lidar.o
    0x20020080   0x00000001   Data   RW         6459    .data               lidar.o
    0x20020081   0x00000001   Data   RW         6596    .data               ft5206.o
    0x20020082   0x00000001   Data   RW         6642    .data               gt9147.o
    0x20020083   0x00000001   Data   RW         6694    .data               gt9271.o
    0x20020084   0x00000001   Data   RW         6744    .data               ott2001a.o
    0x20020085   0x00000003   PAD
    0x20020088   0x0000004c   Data   RW         6803    .data               touch.o
    0x200200d4   0x00000008   Data   RW         6995    .data               timer.o
    0x200200dc   0x00000001   Data   RW         7086    .data               rs485.o
    0x200200dd   0x00000003   PAD
    0x200200e0   0x00000004   Data   RW         7195    .data               sai.o
    0x200200e4   0x00000074   Data   RW         7278    .data               wm8978.o
    0x20020158   0x0000001c   Data   RW         7517    .data               cpu_core.o
    0x20020174   0x00000008   Data   RW         8614    .data               os_prio.o
    0x2002017c   0x00000004   Data   RW         9138    .data               os_var.o
    0x20020180   0x00000004   Data   RW         9139    .data               os_var.o
    0x20020184   0x00000004   Data   RW         9140    .data               os_var.o
    0x20020188   0x00000004   Data   RW         9141    .data               os_var.o
    0x2002018c   0x00000004   Data   RW         9142    .data               os_var.o
    0x20020190   0x00000004   Data   RW         9143    .data               os_var.o
    0x20020194   0x00000004   Data   RW         9144    .data               os_var.o
    0x20020198   0x00000004   Data   RW         9145    .data               os_var.o
    0x2002019c   0x00000001   Data   RW         9146    .data               os_var.o
    0x2002019d   0x00000003   PAD
    0x200201a0   0x00000004   Data   RW         9147    .data               os_var.o
    0x200201a4   0x00000001   Data   RW         9148    .data               os_var.o
    0x200201a5   0x00000003   PAD
    0x200201a8   0x00000004   Data   RW         9149    .data               os_var.o
    0x200201ac   0x00000002   Data   RW         9150    .data               os_var.o
    0x200201ae   0x00000002   PAD
    0x200201b0   0x00000004   Data   RW         9151    .data               os_var.o
    0x200201b4   0x00000002   Data   RW         9152    .data               os_var.o
    0x200201b6   0x00000002   PAD
    0x200201b8   0x00000004   Data   RW         9153    .data               os_var.o
    0x200201bc   0x00000002   Data   RW         9154    .data               os_var.o
    0x200201be   0x00000001   Data   RW         9155    .data               os_var.o
    0x200201bf   0x00000001   Data   RW         9156    .data               os_var.o
    0x200201c0   0x00000001   Data   RW         9157    .data               os_var.o
    0x200201c1   0x00000003   PAD
    0x200201c4   0x00000004   Data   RW         9158    .data               os_var.o
    0x200201c8   0x00000002   Data   RW         9159    .data               os_var.o
    0x200201ca   0x00000001   Data   RW         9160    .data               os_var.o
    0x200201cb   0x00000001   PAD
    0x200201cc   0x00000004   Data   RW         9161    .data               os_var.o
    0x200201d0   0x00000002   Data   RW         9162    .data               os_var.o
    0x200201d2   0x00000001   Data   RW         9163    .data               os_var.o
    0x200201d3   0x00000001   PAD
    0x200201d4   0x00000002   Data   RW         9164    .data               os_var.o
    0x200201d6   0x00000002   Data   RW         9165    .data               os_var.o
    0x200201d8   0x00000004   Data   RW         9166    .data               os_var.o
    0x200201dc   0x00000004   Data   RW         9167    .data               os_var.o
    0x200201e0   0x00000004   Data   RW         9168    .data               os_var.o
    0x200201e4   0x00000001   Data   RW         9169    .data               os_var.o
    0x200201e5   0x00000003   PAD
    0x200201e8   0x00000004   Data   RW         9170    .data               os_var.o
    0x200201ec   0x00000004   Data   RW         9171    .data               os_var.o
    0x200201f0   0x00000004   Data   RW         9172    .data               os_var.o
    0x200201f4   0x00000002   Data   RW         9173    .data               os_var.o
    0x200201f6   0x00000001   Data   RW         9174    .data               os_var.o
    0x200201f7   0x00000001   PAD
    0x200201f8   0x00000004   Data   RW         9175    .data               os_var.o
    0x200201fc   0x00000004   Data   RW         9176    .data               os_var.o
    0x20020200   0x00000008   Data   RW         9177    .data               os_var.o
    0x20020208   0x00000008   Data   RW         9178    .data               os_var.o
    0x20020210   0x00000004   Data   RW         9179    .data               os_var.o
    0x20020214   0x00000002   Data   RW         9180    .data               os_var.o
    0x20020216   0x00000002   PAD
    0x20020218   0x00000004   Data   RW         9181    .data               os_var.o
    0x2002021c   0x00000004   Data   RW         9183    .data               os_var.o
    0x20020220   0x00000004   Data   RW         9184    .data               os_var.o
    0x20020224   0x00000004   Data   RW         9185    .data               os_var.o
    0x20020228   0x00000004   Data   RW         9186    .data               os_var.o
    0x2002022c   0x00000004   Data   RW         9187    .data               os_var.o
    0x20020230   0x00000004   Data   RW         9188    .data               os_var.o
    0x20020234   0x00000004   Data   RW         9212    .data               os_cpu_c.o
    0x20020238   0x00000002   Data   RW         9549    .data               ff.o
    0x2002023a   0x00000002   PAD
    0x2002023c   0x0000000c   Data   RW         9816    .data               exfuns.o
    0x20020248   0x00000024   Data   RW        10088    .data               malloc.o
    0x2002026c   0x0000001c   Data   RW        10259    .data               usmart.o
    0x20020288   0x000000c0   Data   RW        10334    .data               usmart_config.o
    0x20020348   0x000000f4   Data   RW        10335    .data               usmart_config.o
    0x2002043c   0x00000002   Data   RW        10514    .data               wavplay.o
    0x2002043e   0x00000002   PAD
    0x20020440   0x00000058   Data   RW        10954    .data               common.o
    0x20020498   0x00000010   Data   RW        11136    .data               ATK_QR_V1.4.lib(atk_zbar.o)
    0x200204a8   0x00000008   Data   RW        11613    .data               ATK_QR_V1.4.lib(code128.o)
    0x200204b0   0x00004dcf   Zero   RW           21    .bss                main.o
    0x2002527f   0x00000001   PAD
    0x20025280   0x000007e8   Zero   RW         4954    .bss                usart.o
    0x20025a68   0x000000b0   Zero   RW         5067    .bss                dcmi.o
    0x20025b18   0x0000005a   Zero   RW         5274    .bss                lcd.o
    0x20025b72   0x00000002   PAD
    0x20025b74   0x000000c8   Zero   RW         5477    .bss                ltdc.o
    0x20025c3c   0x00000094   Zero   RW         5735    .bss                nand.o
    0x20025cd0   0x00000044   Zero   RW         6175    .bss                qspi.o
    0x20025d14   0x00000004   PAD
    0x20025d18   0x000002b8   Zero   RW         6229    .bss                sdmmc_sdcard.o
    0x20025fd0   0x00000034   Zero   RW         6286    .bss                sdram.o
    0x20026004   0x00001000   Zero   RW         6354    .bss                w25qxx.o
    0x20027004   0x000006d8   Zero   RW         6457    .bss                lidar.o
    0x200276dc   0x000000ec   Zero   RW         6994    .bss                timer.o
    0x200277c8   0x000000b0   Zero   RW         7085    .bss                rs485.o
    0x20027878   0x000000e4   Zero   RW         7193    .bss                sai.o
    0x2002795c   0x00000010   Zero   RW         7514    .bss                cpu_core.o
    0x2002796c   0x00000200   Zero   RW         8095    .bss                os_cfg_app.o
    0x20027b6c   0x00000190   Zero   RW         8096    .bss                os_cfg_app.o
    0x20027cfc   0x00000640   Zero   RW         8097    .bss                os_cfg_app.o
    0x2002833c   0x00000190   Zero   RW         8098    .bss                os_cfg_app.o
    0x200284cc   0x00000200   Zero   RW         8099    .bss                os_cfg_app.o
    0x200286cc   0x00000200   Zero   RW         8100    .bss                os_cfg_app.o
    0x200288cc   0x000000c0   Zero   RW         9131    .bss                os_var.o
    0x2002898c   0x0000000c   Zero   RW         9132    .bss                os_var.o
    0x20028998   0x00000300   Zero   RW         9133    .bss                os_var.o
    0x20028c98   0x000000c0   Zero   RW         9134    .bss                os_var.o
    0x20028d58   0x000000c0   Zero   RW         9135    .bss                os_var.o
    0x20028e18   0x00000030   Zero   RW         9136    .bss                os_var.o
    0x20028e48   0x000000c0   Zero   RW         9137    .bss                os_var.o
    0x20028f08   0x0000000c   Zero   RW         9547    .bss                ff.o
    0x20028f14   0x0000000c   Zero   RW         9811    .bss                exfuns.o
    0x20028f20   0x00028000   Zero   RW        10085    .bss                malloc.o
    0x20050f20   0x00002800   Zero   RW        10086    .bss                malloc.o
    0x20053720   0x00000029   Zero   RW        10158    .bss                fontupd.o
    0x20053749   0x00000003   PAD
    0x2005374c   0x0000003c   Zero   RW        10257    .bss                usmart.o
    0x20053788   0x00000011   Zero   RW        10445    .bss                audioplay.o
    0x20053799   0x00000020   Zero   RW        10513    .bss                wavplay.o
    0x200537b9   0x00000003   PAD
    0x200537bc   0x00000014   Zero   RW        11135    .bss                ATK_QR_V1.4.lib(atk_zbar.o)
    0x200537d0   0x00000096   Zero   RW        11610    .bss                ATK_QR_V1.4.lib(code128.o)
    0x20053866   0x00000002   PAD
    0x20053868   0x00000060   Zero   RW        13394    .bss                c_w.l(libspace.o)
    0x200538c8   0x00000200   Zero   RW          794    HEAP                startup_stm32f767xx.o
    0x20053ac8   0x00000400   Zero   RW          793    STACK               startup_stm32f767xx.o



  Load Region LR$$.ARM.__AT_0x20000000 (Base: 0x20000000, Size: 0x00000000, Max: 0x0000f000, ABSOLUTE)

    Execution Region ER$$.ARM.__AT_0x20000000 (Base: 0x20000000, Size: 0x0000f000, Max: 0x0000f000, ABSOLUTE, UNINIT)

    Base Addr    Size         Type   Attr      Idx    E Section Name        Object

    0x20000000   0x0000f000   Zero   RW        10081    .ARM.__AT_0x20000000  malloc.o



  Load Region LR$$.ARM.__AT_0x2000F000 (Base: 0x2000f000, Size: 0x00000000, Max: 0x00000f00, ABSOLUTE)

    Execution Region ER$$.ARM.__AT_0x2000F000 (Base: 0x2000f000, Size: 0x00000f00, Max: 0x00000f00, ABSOLUTE, UNINIT)

    Base Addr    Size         Type   Attr      Idx    E Section Name        Object

    0x2000f000   0x00000f00   Zero   RW        10082    .ARM.__AT_0x2000F000  malloc.o



  Load Region LR$$.ARM.__AT_0xC0000000 (Base: 0xc0000000, Size: 0x00000000, Max: 0x001f4000, ABSOLUTE)

    Execution Region ER$$.ARM.__AT_0xC0000000 (Base: 0xc0000000, Size: 0x001f4000, Max: 0x001f4000, ABSOLUTE, UNINIT)

    Base Addr    Size         Type   Attr      Idx    E Section Name        Object

    0xc0000000   0x001f4000   Zero   RW         5476    .ARM.__AT_0xC0000000  ltdc.o



  Load Region LR$$.ARM.__AT_0xC01F4000 (Base: 0xc01f4000, Size: 0x00000000, Max: 0x01c3c000, ABSOLUTE)

    Execution Region ER$$.ARM.__AT_0xC01F4000 (Base: 0xc01f4000, Size: 0x01c3c000, Max: 0x01c3c000, ABSOLUTE, UNINIT)

    Base Addr    Size         Type   Attr      Idx    E Section Name        Object

    0xc01f4000   0x01c3c000   Zero   RW        10083    .ARM.__AT_0xC01F4000  malloc.o



  Load Region LR$$.ARM.__AT_0xC1E30000 (Base: 0xc1e30000, Size: 0x00000000, Max: 0x001c3c00, ABSOLUTE)

    Execution Region ER$$.ARM.__AT_0xC1E30000 (Base: 0xc1e30000, Size: 0x001c3c00, Max: 0x001c3c00, ABSOLUTE, UNINIT)

    Base Addr    Size         Type   Attr      Idx    E Section Name        Object

    0xc1e30000   0x001c3c00   Zero   RW        10084    .ARM.__AT_0xC1E30000  malloc.o


==============================================================================

Image component sizes


      Code (inc. data)   RO Data    RW Data    ZI Data      Debug   Object Name

       338          0          0          0          0       3563   24cxx.o
        40          0          0          0          0       3052   atk_qrdecode.o
       428         58          0          0         17       4111   audioplay.o
        60         16          0          0          0      11354   bsp.o
       888        264        113         88          0       6319   common.o
        52          0          0          0          0        344   cpu_a.o
       304         36          0         28         16       6861   cpu_core.o
        60          6        512          0          0       1252   crc.o
       812         60          0          0          0       4599   ctiic.o
       836        142          0          8        176      37010   dcmi.o
       292         34          0          8          0       3507   delay.o
       448          8          0          0          0       6131   diskio.o
       252         14        184         12         12       2794   exfuns.o
     11098         98         74          2         12      52317   ff.o
        60          4          0          0         41       2211   fontupd.o
       846         48         10          1          0       4059   ft5206.o
      2208        268          0          4          0       9291   ftl.o
      1074         82        194          1          0       4354   gt9147.o
      1158         80        206          1          0       4470   gt9271.o
       360         32          0          1          0       1806   key.o
     23904        330      18240          8         90      90784   lcd.o
        76          8          0          0          0        883   led.o
        70          0          0          0          0      13420   lib_mem.o
       504         72          0         17       1752       3961   lidar.o
      1732        158          0          8    2048200      11872   ltdc.o
      8776       1168          0         47      19919     569611   main.o
       536         56         36         36   31695616       7003   malloc.o
       144         14          0          0          0       1051   motor_drive.o
       120         56          0          0          0      32171   mpu.o
       160         14        960          0          0       1819   mycc936.o
       764         32          0          0          0       4206   myiic.o
      3108        308          0          0        148      16095   nand.o
         2          0         81          0       3936      19177   os_cfg_app.o
      2482        360          0          0          0      15908   os_core.o
       280         14          0          0          0        436   os_cpu_a.o
       716        160          0          4          0      25276   os_cpu_c.o
         2          0          0          0          0        930   os_dbg.o
        24         10          0          0          0       1150   os_flag.o
        24         10          0          0          0        964   os_mem.o
       166         16          0          0          0       2172   os_msg.o
      1066         62          0          0          0       6405   os_mutex.o
       136         20          0          8          0       2842   os_prio.o
        24         10          0          0          0       1287   os_q.o
        24         10          0          0          0       1102   os_sem.o
      1248        204          0          0          0       3835   os_stat.o
      2266        162          0          0          0      11492   os_task.o
      1008         86          0          0          0       4963   os_tick.o
       420         38          0          0          0       2537   os_time.o
       516        134          0          0          0       2438   os_tmr.o
         0          0          0        163       1596      17770   os_var.o
       838         72         10          1          0       3659   ott2001a.o
      1482         50       5347          0          0      10021   ov5640.o
       208         10          0          0          0       1993   pcf8574.o
       356         44          0          0         68       3717   qspi.o
       324         44          0          1        176       2749   rs485.o
       796        126        110          4        228       5339   sai.o
       528         28          0          0          0       4278   sccb.o
       484         46          0          0        696       3811   sdmmc_sdcard.o
       448         40          0          0         52       2952   sdram.o
       104         34        504          0       1536        856   startup_stm32f767xx.o
       128         22          0          4          0       4349   stm32f7xx_hal.o
       310         22          0          0          0      36192   stm32f7xx_hal_cortex.o
       402         12          0          0          0       4502   stm32f7xx_hal_dcmi.o
       638         20          8          0          0       4395   stm32f7xx_hal_dma.o
       124          0          0          0          0       1497   stm32f7xx_hal_dma_ex.o
       588         16          0          0          0       3552   stm32f7xx_hal_gpio.o
       980          6          0          0          0       4333   stm32f7xx_hal_ltdc.o
        82          0          0          0          0       1303   stm32f7xx_hal_nand.o
       124         10          0          0          0       1292   stm32f7xx_hal_pwr_ex.o
      1394          4          0          0          0       6242   stm32f7xx_hal_qspi.o
       648         70          0          0          0       4234   stm32f7xx_hal_rcc.o
      3152         84          0          0          0       5113   stm32f7xx_hal_rcc_ex.o
       606         42          0          0          0       3740   stm32f7xx_hal_sai.o
      4052         12          0          0          0      17557   stm32f7xx_hal_sd.o
       148          0          0          0          0       2612   stm32f7xx_hal_sdram.o
        86          0          0          0          0       1152   stm32f7xx_hal_sram.o
      1906         20          0          0          0      15188   stm32f7xx_hal_tim.o
       464         10          0          0          0       3058   stm32f7xx_hal_tim_ex.o
      2272         40          0          0          0      11522   stm32f7xx_hal_uart.o
        12          0          0          0          0       2727   stm32f7xx_it.o
       750         16          0          0          0       7609   stm32f7xx_ll_fmc.o
       164          0          0          0          0       5954   stm32f7xx_ll_sdmmc.o
       300         26          0          0          0      33889   sys.o
        88         24         24          4          0       1123   system_stm32f7xx.o
       672         18          0          0          0       3480   text.o
       732        106          0          8        236       7896   timer.o
      3572        254        125         76          0      10657   touch.o
        64         10          0          0          0        962   ultrasonic.o
       810        142          0         10       2024       8226   usart.o
      2900       1342         40         28         60       7015   usmart.o
         0          0       1019        436          0       1616   usmart_config.o
      1290         18          0          0          0       7411   usmart_str.o
       926         20          0          4       4096       5954   w25qxx.o
      1220        248          0          2         32       4392   wavplay.o
       108         46          0          0          0       1173   wifiap.o
       582         18          0        116          0       6279   wm8978.o

    ----------------------------------------------------------------------
    109884       7942      27854       1176   33780748    1330536   Object Totals
         0          0         32          0          0          0   (incl. Generated)
       110          8         25         37         13          0   (incl. Padding)

    ----------------------------------------------------------------------

      Code (inc. data)   RO Data    RW Data    ZI Data      Debug   Library Member Name

       838         40          0         16         20      15977   atk_zbar.o
       588         26         47          0          0       6195   bch15_5.o
       552          0          0          0          0       1610   binarize.o
      1676         16        436          8        150      15965   code128.o
       756         20        208          0          0      11441   code39.o
       856         10          0          0          0      19072   decoder.o
      2218         30         52          0          0      18707   ean.o
       894         14          0          0          0      12055   i25.o
       230          0          0          0          0      11156   image.o
      2066         36          0          0          0      25877   img_scanner.o
       952         10          8          0          0       5039   isaac.o
       296          0          0          0          0       8973   qr_finder.o
     21422         74        580          0          0      94503   qrdec.o
         2          0          0          0          0        492   refcnt.o
      2206          0          0          0          0      14609   rs.o
       628          0          0          0          0      11496   scanner.o
       162          0          0          0          0       8778   symbol.o
       292          4          0          0          0       2089   util.o
        24          4          0          0          0         84   __2printf.o
        44          6          0          0          0         84   __2sprintf.o
        90          0          0          0          0          0   __dczerorl2.o
         8          0          0          0          0         68   __main.o
       392          4         17          0          0         92   __printf_flags_ss_wp.o
        14          0          0          0          0         68   __printf_wp.o
         0          0          0          0          0          0   __rtentry.o
        12          0          0          0          0          0   __rtentry2.o
         6          0          0          0          0          0   __rtentry4.o
        52          8          0          0          0          0   __scatter.o
        28          0          0          0          0          0   __scatter_zi.o
         6          0          0          0          0          0   _printf_c.o
        44          0          0          0          0        108   _printf_char.o
        48          6          0          0          0         96   _printf_char_common.o
        36          4          0          0          0         80   _printf_char_file.o
         6          0          0          0          0          0   _printf_d.o
       120         16          0          0          0         92   _printf_dec.o
       148          4         40          0          0        160   _printf_hex_int_ll_ptr.o
       178          0          0          0          0         88   _printf_intcommon.o
        10          0          0          0          0          0   _printf_ll.o
         6          0          0          0          0          0   _printf_lld.o
       124         16          0          0          0         92   _printf_longlong_dec.o
        78          0          0          0          0        108   _printf_pad.o
         0          0          0          0          0          0   _printf_percent.o
         4          0          0          0          0          0   _printf_percent_end.o
         6          0          0          0          0          0   _printf_s.o
        82          0          0          0          0         80   _printf_str.o
         6          0          0          0          0          0   _printf_u.o
         6          0          0          0          0          0   _printf_x.o
        22          0          0          0          0        100   _rserrno.o
        10          0          0          0          0         68   _sputc.o
        12          0          0          0          0         72   exit.o
         8          0          0          0          0         68   ferror.o
         6          0          0          0          0        152   heapauxi.o
         2          0          0          0          0          0   libinit.o
         6          0          0          0          0          0   libinit2.o
         2          0          0          0          0          0   libshutdown.o
         2          0          0          0          0          0   libshutdown2.o
         8          4          0          0         96         68   libspace.o
        72          0          0          0          0         76   llsdiv.o
        38          0          0          0          0         68   llsshr.o
       138          0          0          0          0         80   lludiv10.o
       238          0          0          0          0        100   lludivv7m.o
        88          0          0          0          0         76   memcmp.o
       612          0          0          0          0        136   qsortnoex.o
         8          4          0          0          0         68   rt_errno_addr_intlibspace.o
        68          0          0          0          0         68   rt_memclr.o
        78          0          0          0          0         80   rt_memclr_w.o
       138          0          0          0          0         68   rt_memcpy_v6.o
       100          0          0          0          0         80   rt_memcpy_w.o
       132          0          0          0          0         68   rt_memmove_v6.o
       122          0          0          0          0         80   rt_memmove_w.o
         2          0          0          0          0          0   rtexit.o
        10          0          0          0          0          0   rtexit2.o
        24          0          0          0          0         68   strcat.o
       104          0          0          0          0         68   strcmpv7m_pel.o
        72          0          0          0          0         80   strcpy.o
        62          0          0          0          0         76   strlen.o
        36          0          0          0          0         80   strstr.o
        74          0          0          0          0         80   sys_stackheap_outer.o
         2          0          0          0          0         68   use_no_semi.o
         2          0          0          0          0         68   use_no_semi_2.o
        10          0          0          0          0        116   fpinit.o
         0          0          0          0          0          0   usenofp.o
       176         18          0          0          0        156   cos.o
       224         42         48          0          0        184   cos_i.o
        48         28          0          0          0        232   dunder.o
        24          0          0          0          0        124   fabs.o
        48          0          0          0          0        124   fpclassify.o
       112          0          0          0          0        116   poly.o
       784        138        200          0          0        172   rred.o
       176         18          0          0          0        160   sin.o
       168         24         40          0          0        196   sin_i.o
       102          0          0          0          0        140   sqrt.o

    ----------------------------------------------------------------------
     42442        624       1680         24        268     289218   Library Totals
        60          0          4          0          2          0   (incl. Padding)

    ----------------------------------------------------------------------

      Code (inc. data)   RO Data    RW Data    ZI Data      Debug   Library Name

     36634        280       1331         24        170     284034   ATK_QR_V1.4.lib
      3876         76         57          0         96       3464   c_w.l
        10          0          0          0          0        116   fz_wv.l
      1862        268        288          0          0       1604   m_wv.l

    ----------------------------------------------------------------------
     42442        624       1680         24        268     289218   Library Totals

    ----------------------------------------------------------------------

==============================================================================


      Code (inc. data)   RO Data    RW Data    ZI Data      Debug   

    152326       8566      29534       1200   33781016    1546130   Grand Totals
    152326       8566      29534        404   33781016    1546130   ELF Image Totals (compressed)
    152326       8566      29534        404          0          0   ROM Totals

==============================================================================

    Total RO  Size (Code + RO Data)               181860 ( 177.60kB)
    Total RW  Size (RW Data + ZI Data)          33782216 (32990.45kB)
    Total ROM Size (Code + RO Data + RW Data)     182264 ( 177.99kB)

==============================================================================

