<html>
<body>
<pre>
<h1>µVision Build Log</h1>
<h2>Tool Versions:</h2>
IDE-Version: ¦ÌVision V5.14.0.0
Copyright (C) 2015 ARM Ltd and ARM Germany GmbH. All rights reserved.
License Information: 1 1, 1, LIC=JDALQ-NCHWP-SE0H0-BEHNK-FJ8CJ-MA66L
 
Tool Versions:
Toolchain:       MDK-ARM Professional  Version: 5.14.0.0
Toolchain Path:  F:\Keil_v5\ARM\ARMCC\Bin
C Compiler:      Armcc.exe V5.05 update 1 (build 106)
Assembler:       Armasm.exe V5.05 update 1 (build 106)
Linker/Locator:  ArmLink.exe V5.05 update 1 (build 106)
Library Manager: ArmAr.exe V5.05 update 1 (build 106)
Hex Converter:   FromElf.exe V5.05 update 1 (build 106)
CPU DLL:         SARMCM3.DLL V5.14.0.0
Dialog DLL:      DCM.DLL V1.13.1.0
Target DLL:      STLink\ST-LINKIII-KEIL_SWO.dll V2.0.14.0_KEIL
Dialog DLL:      TCM.DLL V1.14.4.0
 
<h2>Project:</h2>
D:\1111111\32F7\Practice\stm32-code\Food delivery robot\USER\UCOSIII.uvprojx
Project File Date:  03/15/2019

<h2>Output:</h2>
Build target 'UCOSIII'
compiling main.c...
main.c(486): warning:  #550-D: variable "key" was set but never used
        u8 key;
main.c(682): warning:  #177-D: variable "num" was declared but never referenced
        long num;
main.c(742): warning:  #177-D: variable "ult_temp" was declared but never referenced
        long long ult_temp=0;
main.c(1186): warning:  #177-D: variable "cpu_sr" was declared but never referenced
        CPU_SR_ALLOC();
main.c(1211): warning:  #177-D: variable "cpu_sr" was declared but never referenced
        CPU_SR_ALLOC();
main.c(1229): warning:  #177-D: variable "cpu_sr" was declared but never referenced
        CPU_SR_ALLOC();
main.c: 6 warnings, 0 errors
linking...
Program Size: Code=131802 RO-data=27794 RW-data=952 ZI-data=33775840  
FromELF: creating hex file...
"..\OBJ\Template.axf" - 0 Error(s), 6 Warning(s).

<h2>Collection of Component include folders:</h2>
  D:\1111111\32F7\Practice\stm32-code\Food delivery robot\USER\RTE
  F:\Keil_v5\ARM\PACK\Keil\STM32F7xx_DFP\2.7.0

<h2>Collection of Component Files used:</h2>
</pre>
</body>
</html>
